<?xml version="1.0"?>
<link_info>
   <banner>MSP430 Linker PC v15.12.1.LTS</banner>
   <copyright>Copyright (c) 2003-2015 Texas Instruments Incorporated</copyright>
   <link_time>0x5e8ce3a2</link_time>
   <link_errors>0x0</link_errors>
   <output_file>PMOS_Proj_Lab5.out</output_file>
   <entry_point>
      <name>_c_int00_noargs_noexit</name>
      <address>0x481c</address>
   </entry_point>
   <input_file_list>
      <input_file id="fl-2">
         <path>.\</path>
         <kind>object</kind>
         <file>Task2.obj</file>
         <name>Task2.obj</name>
      </input_file>
      <input_file id="fl-3">
         <path>.\</path>
         <kind>object</kind>
         <file>main.obj</file>
         <name>main.obj</name>
      </input_file>
      <input_file id="fl-4">
         <path>.\</path>
         <kind>object</kind>
         <file>myClocksWithCrystals.obj</file>
         <name>myClocksWithCrystals.obj</name>
      </input_file>
      <input_file id="fl-5">
         <path>.\</path>
         <kind>object</kind>
         <file>myGpio.obj</file>
         <name>myGpio.obj</name>
      </input_file>
      <input_file id="fl-6">
         <path>.\</path>
         <kind>object</kind>
         <file>myLcd.obj</file>
         <name>myLcd.obj</name>
      </input_file>
      <input_file id="fl-7">
         <path>.\driverlib\MSP430FR5xx_6xx\</path>
         <kind>object</kind>
         <file>adc12_b.obj</file>
         <name>adc12_b.obj</name>
      </input_file>
      <input_file id="fl-8">
         <path>.\driverlib\MSP430FR5xx_6xx\</path>
         <kind>object</kind>
         <file>aes256.obj</file>
         <name>aes256.obj</name>
      </input_file>
      <input_file id="fl-9">
         <path>.\driverlib\MSP430FR5xx_6xx\</path>
         <kind>object</kind>
         <file>comp_e.obj</file>
         <name>comp_e.obj</name>
      </input_file>
      <input_file id="fl-a">
         <path>.\driverlib\MSP430FR5xx_6xx\</path>
         <kind>object</kind>
         <file>crc.obj</file>
         <name>crc.obj</name>
      </input_file>
      <input_file id="fl-b">
         <path>.\driverlib\MSP430FR5xx_6xx\</path>
         <kind>object</kind>
         <file>crc32.obj</file>
         <name>crc32.obj</name>
      </input_file>
      <input_file id="fl-c">
         <path>.\driverlib\MSP430FR5xx_6xx\</path>
         <kind>object</kind>
         <file>cs.obj</file>
         <name>cs.obj</name>
      </input_file>
      <input_file id="fl-d">
         <path>.\driverlib\MSP430FR5xx_6xx\</path>
         <kind>object</kind>
         <file>dma.obj</file>
         <name>dma.obj</name>
      </input_file>
      <input_file id="fl-e">
         <path>.\driverlib\MSP430FR5xx_6xx\</path>
         <kind>object</kind>
         <file>esi.obj</file>
         <name>esi.obj</name>
      </input_file>
      <input_file id="fl-f">
         <path>.\driverlib\MSP430FR5xx_6xx\</path>
         <kind>object</kind>
         <file>eusci_a_spi.obj</file>
         <name>eusci_a_spi.obj</name>
      </input_file>
      <input_file id="fl-10">
         <path>.\driverlib\MSP430FR5xx_6xx\</path>
         <kind>object</kind>
         <file>eusci_a_uart.obj</file>
         <name>eusci_a_uart.obj</name>
      </input_file>
      <input_file id="fl-11">
         <path>.\driverlib\MSP430FR5xx_6xx\</path>
         <kind>object</kind>
         <file>eusci_b_i2c.obj</file>
         <name>eusci_b_i2c.obj</name>
      </input_file>
      <input_file id="fl-12">
         <path>.\driverlib\MSP430FR5xx_6xx\</path>
         <kind>object</kind>
         <file>eusci_b_spi.obj</file>
         <name>eusci_b_spi.obj</name>
      </input_file>
      <input_file id="fl-13">
         <path>.\driverlib\MSP430FR5xx_6xx\</path>
         <kind>object</kind>
         <file>framctl.obj</file>
         <name>framctl.obj</name>
      </input_file>
      <input_file id="fl-14">
         <path>.\driverlib\MSP430FR5xx_6xx\</path>
         <kind>object</kind>
         <file>gpio.obj</file>
         <name>gpio.obj</name>
      </input_file>
      <input_file id="fl-15">
         <path>.\driverlib\MSP430FR5xx_6xx\</path>
         <kind>object</kind>
         <file>lcd_c.obj</file>
         <name>lcd_c.obj</name>
      </input_file>
      <input_file id="fl-16">
         <path>.\driverlib\MSP430FR5xx_6xx\</path>
         <kind>object</kind>
         <file>mpu.obj</file>
         <name>mpu.obj</name>
      </input_file>
      <input_file id="fl-17">
         <path>.\driverlib\MSP430FR5xx_6xx\</path>
         <kind>object</kind>
         <file>mpy32.obj</file>
         <name>mpy32.obj</name>
      </input_file>
      <input_file id="fl-18">
         <path>.\driverlib\MSP430FR5xx_6xx\</path>
         <kind>object</kind>
         <file>pmm.obj</file>
         <name>pmm.obj</name>
      </input_file>
      <input_file id="fl-19">
         <path>.\driverlib\MSP430FR5xx_6xx\</path>
         <kind>object</kind>
         <file>ram.obj</file>
         <name>ram.obj</name>
      </input_file>
      <input_file id="fl-1a">
         <path>.\driverlib\MSP430FR5xx_6xx\</path>
         <kind>object</kind>
         <file>ref_a.obj</file>
         <name>ref_a.obj</name>
      </input_file>
      <input_file id="fl-1b">
         <path>.\driverlib\MSP430FR5xx_6xx\</path>
         <kind>object</kind>
         <file>rtc_b.obj</file>
         <name>rtc_b.obj</name>
      </input_file>
      <input_file id="fl-1c">
         <path>.\driverlib\MSP430FR5xx_6xx\</path>
         <kind>object</kind>
         <file>rtc_c.obj</file>
         <name>rtc_c.obj</name>
      </input_file>
      <input_file id="fl-1d">
         <path>.\driverlib\MSP430FR5xx_6xx\</path>
         <kind>object</kind>
         <file>sfr.obj</file>
         <name>sfr.obj</name>
      </input_file>
      <input_file id="fl-1e">
         <path>.\driverlib\MSP430FR5xx_6xx\</path>
         <kind>object</kind>
         <file>sysctl.obj</file>
         <name>sysctl.obj</name>
      </input_file>
      <input_file id="fl-1f">
         <path>.\driverlib\MSP430FR5xx_6xx\</path>
         <kind>object</kind>
         <file>timer_a.obj</file>
         <name>timer_a.obj</name>
      </input_file>
      <input_file id="fl-20">
         <path>.\driverlib\MSP430FR5xx_6xx\</path>
         <kind>object</kind>
         <file>timer_b.obj</file>
         <name>timer_b.obj</name>
      </input_file>
      <input_file id="fl-21">
         <path>.\driverlib\MSP430FR5xx_6xx\</path>
         <kind>object</kind>
         <file>tlv.obj</file>
         <name>tlv.obj</name>
      </input_file>
      <input_file id="fl-22">
         <path>.\driverlib\MSP430FR5xx_6xx\</path>
         <kind>object</kind>
         <file>wdt_a.obj</file>
         <name>wdt_a.obj</name>
      </input_file>
      <input_file id="fl-43">
         <path>C:\ti\ccsv6\tools\compiler\ti-cgt-msp430_15.12.1.LTS\lib\</path>
         <kind>archive</kind>
         <file>rts430x_lc_rd_eabi.lib</file>
         <name>copy_decompress_none.obj</name>
      </input_file>
      <input_file id="fl-44">
         <path>C:\ti\ccsv6\tools\compiler\ti-cgt-msp430_15.12.1.LTS\lib\</path>
         <kind>archive</kind>
         <file>rts430x_lc_rd_eabi.lib</file>
         <name>copy_decompress_rle.obj</name>
      </input_file>
      <input_file id="fl-45">
         <path>C:\ti\ccsv6\tools\compiler\ti-cgt-msp430_15.12.1.LTS\lib\</path>
         <kind>archive</kind>
         <file>rts430x_lc_rd_eabi.lib</file>
         <name>int27.obj</name>
      </input_file>
      <input_file id="fl-46">
         <path>C:\ti\ccsv6\tools\compiler\ti-cgt-msp430_15.12.1.LTS\lib\</path>
         <kind>archive</kind>
         <file>rts430x_lc_rd_eabi.lib</file>
         <name>isr_trap.obj</name>
      </input_file>
      <input_file id="fl-47">
         <path>C:\ti\ccsv6\tools\compiler\ti-cgt-msp430_15.12.1.LTS\lib\</path>
         <kind>archive</kind>
         <file>rts430x_lc_rd_eabi.lib</file>
         <name>int28.obj</name>
      </input_file>
      <input_file id="fl-48">
         <path>C:\ti\ccsv6\tools\compiler\ti-cgt-msp430_15.12.1.LTS\lib\</path>
         <kind>archive</kind>
         <file>rts430x_lc_rd_eabi.lib</file>
         <name>int29.obj</name>
      </input_file>
      <input_file id="fl-49">
         <path>C:\ti\ccsv6\tools\compiler\ti-cgt-msp430_15.12.1.LTS\lib\</path>
         <kind>archive</kind>
         <file>rts430x_lc_rd_eabi.lib</file>
         <name>int30.obj</name>
      </input_file>
      <input_file id="fl-4a">
         <path>C:\ti\ccsv6\tools\compiler\ti-cgt-msp430_15.12.1.LTS\lib\</path>
         <kind>archive</kind>
         <file>rts430x_lc_rd_eabi.lib</file>
         <name>int31.obj</name>
      </input_file>
      <input_file id="fl-4b">
         <path>C:\ti\ccsv6\tools\compiler\ti-cgt-msp430_15.12.1.LTS\lib\</path>
         <kind>archive</kind>
         <file>rts430x_lc_rd_eabi.lib</file>
         <name>int32.obj</name>
      </input_file>
      <input_file id="fl-4c">
         <path>C:\ti\ccsv6\tools\compiler\ti-cgt-msp430_15.12.1.LTS\lib\</path>
         <kind>archive</kind>
         <file>rts430x_lc_rd_eabi.lib</file>
         <name>int33.obj</name>
      </input_file>
      <input_file id="fl-4d">
         <path>C:\ti\ccsv6\tools\compiler\ti-cgt-msp430_15.12.1.LTS\lib\</path>
         <kind>archive</kind>
         <file>rts430x_lc_rd_eabi.lib</file>
         <name>int34.obj</name>
      </input_file>
      <input_file id="fl-4e">
         <path>C:\ti\ccsv6\tools\compiler\ti-cgt-msp430_15.12.1.LTS\lib\</path>
         <kind>archive</kind>
         <file>rts430x_lc_rd_eabi.lib</file>
         <name>int35.obj</name>
      </input_file>
      <input_file id="fl-4f">
         <path>C:\ti\ccsv6\tools\compiler\ti-cgt-msp430_15.12.1.LTS\lib\</path>
         <kind>archive</kind>
         <file>rts430x_lc_rd_eabi.lib</file>
         <name>int36.obj</name>
      </input_file>
      <input_file id="fl-50">
         <path>C:\ti\ccsv6\tools\compiler\ti-cgt-msp430_15.12.1.LTS\lib\</path>
         <kind>archive</kind>
         <file>rts430x_lc_rd_eabi.lib</file>
         <name>int37.obj</name>
      </input_file>
      <input_file id="fl-51">
         <path>C:\ti\ccsv6\tools\compiler\ti-cgt-msp430_15.12.1.LTS\lib\</path>
         <kind>archive</kind>
         <file>rts430x_lc_rd_eabi.lib</file>
         <name>int38.obj</name>
      </input_file>
      <input_file id="fl-52">
         <path>C:\ti\ccsv6\tools\compiler\ti-cgt-msp430_15.12.1.LTS\lib\</path>
         <kind>archive</kind>
         <file>rts430x_lc_rd_eabi.lib</file>
         <name>int39.obj</name>
      </input_file>
      <input_file id="fl-53">
         <path>C:\ti\ccsv6\tools\compiler\ti-cgt-msp430_15.12.1.LTS\lib\</path>
         <kind>archive</kind>
         <file>rts430x_lc_rd_eabi.lib</file>
         <name>int40.obj</name>
      </input_file>
      <input_file id="fl-54">
         <path>C:\ti\ccsv6\tools\compiler\ti-cgt-msp430_15.12.1.LTS\lib\</path>
         <kind>archive</kind>
         <file>rts430x_lc_rd_eabi.lib</file>
         <name>int41.obj</name>
      </input_file>
      <input_file id="fl-55">
         <path>C:\ti\ccsv6\tools\compiler\ti-cgt-msp430_15.12.1.LTS\lib\</path>
         <kind>archive</kind>
         <file>rts430x_lc_rd_eabi.lib</file>
         <name>int42.obj</name>
      </input_file>
      <input_file id="fl-56">
         <path>C:\ti\ccsv6\tools\compiler\ti-cgt-msp430_15.12.1.LTS\lib\</path>
         <kind>archive</kind>
         <file>rts430x_lc_rd_eabi.lib</file>
         <name>int43.obj</name>
      </input_file>
      <input_file id="fl-57">
         <path>C:\ti\ccsv6\tools\compiler\ti-cgt-msp430_15.12.1.LTS\lib\</path>
         <kind>archive</kind>
         <file>rts430x_lc_rd_eabi.lib</file>
         <name>int45.obj</name>
      </input_file>
      <input_file id="fl-58">
         <path>C:\ti\ccsv6\tools\compiler\ti-cgt-msp430_15.12.1.LTS\lib\</path>
         <kind>archive</kind>
         <file>rts430x_lc_rd_eabi.lib</file>
         <name>int46.obj</name>
      </input_file>
      <input_file id="fl-59">
         <path>C:\ti\ccsv6\tools\compiler\ti-cgt-msp430_15.12.1.LTS\lib\</path>
         <kind>archive</kind>
         <file>rts430x_lc_rd_eabi.lib</file>
         <name>int47.obj</name>
      </input_file>
      <input_file id="fl-5a">
         <path>C:\ti\ccsv6\tools\compiler\ti-cgt-msp430_15.12.1.LTS\lib\</path>
         <kind>archive</kind>
         <file>rts430x_lc_rd_eabi.lib</file>
         <name>int48.obj</name>
      </input_file>
      <input_file id="fl-5b">
         <path>C:\ti\ccsv6\tools\compiler\ti-cgt-msp430_15.12.1.LTS\lib\</path>
         <kind>archive</kind>
         <file>rts430x_lc_rd_eabi.lib</file>
         <name>int49.obj</name>
      </input_file>
      <input_file id="fl-5c">
         <path>C:\ti\ccsv6\tools\compiler\ti-cgt-msp430_15.12.1.LTS\lib\</path>
         <kind>archive</kind>
         <file>rts430x_lc_rd_eabi.lib</file>
         <name>int50.obj</name>
      </input_file>
      <input_file id="fl-5d">
         <path>C:\ti\ccsv6\tools\compiler\ti-cgt-msp430_15.12.1.LTS\lib\</path>
         <kind>archive</kind>
         <file>rts430x_lc_rd_eabi.lib</file>
         <name>int51.obj</name>
      </input_file>
      <input_file id="fl-5e">
         <path>C:\ti\ccsv6\tools\compiler\ti-cgt-msp430_15.12.1.LTS\lib\</path>
         <kind>archive</kind>
         <file>rts430x_lc_rd_eabi.lib</file>
         <name>int52.obj</name>
      </input_file>
      <input_file id="fl-5f">
         <path>C:\ti\ccsv6\tools\compiler\ti-cgt-msp430_15.12.1.LTS\lib\</path>
         <kind>archive</kind>
         <file>rts430x_lc_rd_eabi.lib</file>
         <name>int53.obj</name>
      </input_file>
      <input_file id="fl-60">
         <path>C:\ti\ccsv6\tools\compiler\ti-cgt-msp430_15.12.1.LTS\lib\</path>
         <kind>archive</kind>
         <file>rts430x_lc_rd_eabi.lib</file>
         <name>int54.obj</name>
      </input_file>
      <input_file id="fl-61">
         <path>C:\ti\ccsv6\tools\compiler\ti-cgt-msp430_15.12.1.LTS\lib\</path>
         <kind>archive</kind>
         <file>rts430x_lc_rd_eabi.lib</file>
         <name>copy_zero_init.obj</name>
      </input_file>
      <input_file id="fl-62">
         <path>C:\ti\ccsv6\tools\compiler\ti-cgt-msp430_15.12.1.LTS\lib\</path>
         <kind>archive</kind>
         <file>rts430x_lc_rd_eabi.lib</file>
         <name>div16s.obj</name>
      </input_file>
      <input_file id="fl-63">
         <path>C:\ti\ccsv6\tools\compiler\ti-cgt-msp430_15.12.1.LTS\lib\</path>
         <kind>archive</kind>
         <file>rts430x_lc_rd_eabi.lib</file>
         <name>div32s.obj</name>
      </input_file>
      <input_file id="fl-64">
         <path>C:\ti\ccsv6\tools\compiler\ti-cgt-msp430_15.12.1.LTS\lib\</path>
         <kind>archive</kind>
         <file>rts430x_lc_rd_eabi.lib</file>
         <name>div16u.obj</name>
      </input_file>
      <input_file id="fl-65">
         <path>C:\ti\ccsv6\tools\compiler\ti-cgt-msp430_15.12.1.LTS\lib\</path>
         <kind>archive</kind>
         <file>rts430x_lc_rd_eabi.lib</file>
         <name>div32u.obj</name>
      </input_file>
      <input_file id="fl-66">
         <path>C:\ti\ccsv6\tools\compiler\ti-cgt-msp430_15.12.1.LTS\lib\</path>
         <kind>archive</kind>
         <file>rts430x_lc_rd_eabi.lib</file>
         <name>mult16.obj</name>
      </input_file>
      <input_file id="fl-67">
         <path>C:\ti\ccsv6\tools\compiler\ti-cgt-msp430_15.12.1.LTS\lib\</path>
         <kind>archive</kind>
         <file>rts430x_lc_rd_eabi.lib</file>
         <name>mult16_f5hw.obj</name>
      </input_file>
      <input_file id="fl-68">
         <path>C:\ti\ccsv6\tools\compiler\ti-cgt-msp430_15.12.1.LTS\lib\</path>
         <kind>archive</kind>
         <file>rts430x_lc_rd_eabi.lib</file>
         <name>mult32_f5hw.obj</name>
      </input_file>
      <input_file id="fl-69">
         <path>C:\ti\ccsv6\tools\compiler\ti-cgt-msp430_15.12.1.LTS\lib\</path>
         <kind>archive</kind>
         <file>rts430x_lc_rd_eabi.lib</file>
         <name>mult64_f5hw.obj</name>
      </input_file>
      <input_file id="fl-6a">
         <path>C:\ti\ccsv6\tools\compiler\ti-cgt-msp430_15.12.1.LTS\lib\</path>
         <kind>archive</kind>
         <file>rts430x_lc_rd_eabi.lib</file>
         <name>mult1632_f5hw.obj</name>
      </input_file>
      <input_file id="fl-6b">
         <path>C:\ti\ccsv6\tools\compiler\ti-cgt-msp430_15.12.1.LTS\lib\</path>
         <kind>archive</kind>
         <file>rts430x_lc_rd_eabi.lib</file>
         <name>mult3264_f5hw.obj</name>
      </input_file>
      <input_file id="fl-6c">
         <path>C:\ti\ccsv6\tools\compiler\ti-cgt-msp430_15.12.1.LTS\lib\</path>
         <kind>archive</kind>
         <file>rts430x_lc_rd_eabi.lib</file>
         <name>lsl16.obj</name>
      </input_file>
      <input_file id="fl-6d">
         <path>C:\ti\ccsv6\tools\compiler\ti-cgt-msp430_15.12.1.LTS\lib\</path>
         <kind>archive</kind>
         <file>rts430x_lc_rd_eabi.lib</file>
         <name>asr16.obj</name>
      </input_file>
      <input_file id="fl-6e">
         <path>C:\ti\ccsv6\tools\compiler\ti-cgt-msp430_15.12.1.LTS\lib\</path>
         <kind>archive</kind>
         <file>rts430x_lc_rd_eabi.lib</file>
         <name>lsr16.obj</name>
      </input_file>
      <input_file id="fl-6f">
         <path>C:\ti\ccsv6\tools\compiler\ti-cgt-msp430_15.12.1.LTS\lib\</path>
         <kind>archive</kind>
         <file>rts430x_lc_rd_eabi.lib</file>
         <name>boot.obj</name>
      </input_file>
      <input_file id="fl-70">
         <path>C:\ti\ccsv6\tools\compiler\ti-cgt-msp430_15.12.1.LTS\lib\</path>
         <kind>archive</kind>
         <file>rts430x_lc_rd_eabi.lib</file>
         <name>args_main.obj</name>
      </input_file>
      <input_file id="fl-71">
         <path>C:\ti\ccsv6\tools\compiler\ti-cgt-msp430_15.12.1.LTS\lib\</path>
         <kind>archive</kind>
         <file>rts430x_lc_rd_eabi.lib</file>
         <name>autoinit_wdt.obj</name>
      </input_file>
      <input_file id="fl-72">
         <path>C:\ti\ccsv6\tools\compiler\ti-cgt-msp430_15.12.1.LTS\lib\</path>
         <kind>archive</kind>
         <file>rts430x_lc_rd_eabi.lib</file>
         <name>boot_special.obj</name>
      </input_file>
      <input_file id="fl-73">
         <path>C:\ti\ccsv6\tools\compiler\ti-cgt-msp430_15.12.1.LTS\lib\</path>
         <kind>archive</kind>
         <file>rts430x_lc_rd_eabi.lib</file>
         <name>mpu_init.obj</name>
      </input_file>
      <input_file id="fl-74">
         <path>C:\ti\ccsv6\tools\compiler\ti-cgt-msp430_15.12.1.LTS\lib\</path>
         <kind>archive</kind>
         <file>rts430x_lc_rd_eabi.lib</file>
         <name>setjmp.obj</name>
      </input_file>
      <input_file id="fl-75">
         <path>C:\ti\ccsv6\tools\compiler\ti-cgt-msp430_15.12.1.LTS\lib\</path>
         <kind>archive</kind>
         <file>rts430x_lc_rd_eabi.lib</file>
         <name>startup.obj</name>
      </input_file>
      <input_file id="fl-76">
         <path>C:\ti\ccsv6\tools\compiler\ti-cgt-msp430_15.12.1.LTS\lib\</path>
         <kind>archive</kind>
         <file>rts430x_lc_rd_eabi.lib</file>
         <name>pre_init.obj</name>
      </input_file>
      <input_file id="fl-77">
         <path>C:\ti\ccsv6\tools\compiler\ti-cgt-msp430_15.12.1.LTS\lib\</path>
         <kind>archive</kind>
         <file>rts430x_lc_rd_eabi.lib</file>
         <name>exit.obj</name>
      </input_file>
      <input_file id="fl-78">
         <path>C:\ti\ccsv6\tools\compiler\ti-cgt-msp430_15.12.1.LTS\lib\</path>
         <kind>archive</kind>
         <file>rts430x_lc_rd_eabi.lib</file>
         <name>exit_gvars.obj</name>
      </input_file>
      <input_file id="fl-79">
         <path>C:\ti\ccsv6\tools\compiler\ti-cgt-msp430_15.12.1.LTS\lib\</path>
         <kind>archive</kind>
         <file>rts430x_lc_rd_eabi.lib</file>
         <name>_lock.obj</name>
      </input_file>
      <input_file id="fl-7a">
         <path>C:\ti\ccsv6\tools\compiler\ti-cgt-msp430_15.12.1.LTS\lib\</path>
         <kind>archive</kind>
         <file>rts430x_lc_rd_eabi.lib</file>
         <name>cpy_tbl.obj</name>
      </input_file>
      <input_file id="fl-7b">
         <path>C:\ti\ccsv6\tools\compiler\ti-cgt-msp430_15.12.1.LTS\lib\</path>
         <kind>archive</kind>
         <file>rts430x_lc_rd_eabi.lib</file>
         <name>memcpy.obj</name>
      </input_file>
      <input_file id="fl-7c">
         <path>C:\ti\ccsv6\tools\compiler\ti-cgt-msp430_15.12.1.LTS\lib\</path>
         <kind>archive</kind>
         <file>rts430x_lc_rd_eabi.lib</file>
         <name>rand.obj</name>
      </input_file>
      <input_file id="fl-7d">
         <path>C:\ti\ccsv6\tools\compiler\ti-cgt-msp430_15.12.1.LTS\lib\</path>
         <kind>archive</kind>
         <file>rts430x_lc_rd_eabi.lib</file>
         <name>mult32.obj</name>
      </input_file>
      <input_file id="fl-7e">
         <path>C:\ti\ccsv6\tools\compiler\ti-cgt-msp430_15.12.1.LTS\lib\</path>
         <kind>archive</kind>
         <file>rts430x_lc_rd_eabi.lib</file>
         <name>strlen.obj</name>
      </input_file>
      <input_file id="fl-7f">
         <path>C:\ti\ccsv6\tools\compiler\ti-cgt-msp430_15.12.1.LTS\lib\</path>
         <kind>archive</kind>
         <file>rts430x_lc_rd_eabi.lib</file>
         <name>time.obj</name>
      </input_file>
      <input_file id="fl-80">
         <path>C:\ti\ccsv6\tools\compiler\ti-cgt-msp430_15.12.1.LTS\lib\</path>
         <kind>archive</kind>
         <file>rts430x_lc_rd_eabi.lib</file>
         <name>trgdrv.obj</name>
      </input_file>
      <input_file id="fl-81">
         <path>C:\ti\ccsv6\tools\compiler\ti-cgt-msp430_15.12.1.LTS\lib\</path>
         <kind>archive</kind>
         <file>rts430x_lc_rd_eabi.lib</file>
         <name>trgmsg.obj</name>
      </input_file>
      <input_file id="fl-82">
         <path>C:\ti\ccsv6\tools\compiler\ti-cgt-msp430_15.12.1.LTS\lib\</path>
         <kind>archive</kind>
         <file>rts430x_lc_rd_eabi.lib</file>
         <name>lsl32.obj</name>
      </input_file>
      <input_file id="fl-83">
         <path>C:\ti\ccsv6\tools\compiler\ti-cgt-msp430_15.12.1.LTS\lib\</path>
         <kind>archive</kind>
         <file>rts430x_lc_rd_eabi.lib</file>
         <name>asr32.obj</name>
      </input_file>
      <input_file id="fl-84">
         <path>C:\ti\ccsv6\tools\compiler\ti-cgt-msp430_15.12.1.LTS\lib\</path>
         <kind>archive</kind>
         <file>rts430x_lc_rd_eabi.lib</file>
         <name>strcpy.obj</name>
      </input_file>
   </input_file_list>
   <object_component_list>
      <object_component id="oc-8f0">
         <name>.cio</name>
         <uninitialized>true</uninitialized>
         <run_address>0x4400</run_address>
         <size>0x120</size>
         <input_file_ref idref="fl-81"/>
      </object_component>
      <object_component id="oc-993">
         <name>.cinit..data.load</name>
         <load_address>0x48c6</load_address>
         <run_address>0x48c6</run_address>
         <size>0x24</size>
      </object_component>
      <object_component id="oc-992">
         <name>.cinit..bss.load</name>
         <load_address>0x48ea</load_address>
         <run_address>0x48ea</run_address>
         <size>0x9</size>
      </object_component>
      <object_component id="oc-990">
         <name>__TI_handler_table</name>
         <load_address>0x48f4</load_address>
         <run_address>0x48f4</run_address>
         <size>0x8</size>
      </object_component>
      <object_component id="oc-991">
         <name>__TI_cinit_table</name>
         <load_address>0x48fc</load_address>
         <run_address>0x48fc</run_address>
         <size>0x10</size>
      </object_component>
      <object_component id="oc-8dc">
         <name>.const:alphabetBig</name>
         <load_address>0x483e</load_address>
         <run_address>0x483e</run_address>
         <size>0x34</size>
         <input_file_ref idref="fl-6"/>
      </object_component>
      <object_component id="oc-898">
         <name>.const:GPIO_PORT_TO_BASE</name>
         <load_address>0x4872</load_address>
         <run_address>0x4872</run_address>
         <size>0x1c</size>
         <input_file_ref idref="fl-14"/>
      </object_component>
      <object_component id="oc-8d9">
         <name>.const:SegmentLoc</name>
         <load_address>0x488e</load_address>
         <run_address>0x488e</run_address>
         <size>0x18</size>
         <input_file_ref idref="fl-6"/>
      </object_component>
      <object_component id="oc-8e5">
         <name>.const:digit</name>
         <load_address>0x48a6</load_address>
         <run_address>0x48a6</run_address>
         <size>0x14</size>
         <input_file_ref idref="fl-6"/>
      </object_component>
      <object_component id="oc-7a8">
         <name>.const:.string</name>
         <load_address>0x48ba</load_address>
         <run_address>0x48ba</run_address>
         <size>0xc</size>
         <input_file_ref idref="fl-3"/>
      </object_component>
      <object_component id="oc-67c">
         <name>.text:_isr:OStimer</name>
         <load_address>0x4800</load_address>
         <run_address>0x4800</run_address>
         <size>0x1c</size>
         <input_file_ref idref="fl-3"/>
      </object_component>
      <object_component id="oc-bf">
         <name>.text:_isr:_c_int00_noargs_noexit</name>
         <load_address>0x481c</load_address>
         <run_address>0x481c</run_address>
         <size>0x1a</size>
         <input_file_ref idref="fl-72"/>
      </object_component>
      <object_component id="oc-677">
         <name>.text:_isr:__TI_ISR_TRAP</name>
         <load_address>0x4836</load_address>
         <run_address>0x4836</run_address>
         <size>0x8</size>
         <input_file_ref idref="fl-46"/>
      </object_component>
      <object_component id="oc-867">
         <name>.text:myLCD_showChar</name>
         <load_address>0x10000</load_address>
         <run_address>0x10000</run_address>
         <size>0x1e2</size>
         <input_file_ref idref="fl-6"/>
      </object_component>
      <object_component id="oc-7a2">
         <name>.text:myLCD_displayNumber</name>
         <load_address>0x101e2</load_address>
         <run_address>0x101e2</run_address>
         <size>0x1da</size>
         <input_file_ref idref="fl-6"/>
      </object_component>
      <object_component id="oc-901">
         <name>.text:privateCSASourceClockFromDCO</name>
         <load_address>0x103bc</load_address>
         <run_address>0x103bc</run_address>
         <size>0x17c</size>
         <input_file_ref idref="fl-c"/>
      </object_component>
      <object_component id="oc-721">
         <name>.text:task1</name>
         <load_address>0x10538</load_address>
         <run_address>0x10538</run_address>
         <size>0x128</size>
         <input_file_ref idref="fl-3"/>
      </object_component>
      <object_component id="oc-71b">
         <name>.text:task2</name>
         <load_address>0x10660</load_address>
         <run_address>0x10660</run_address>
         <size>0xfe</size>
         <input_file_ref idref="fl-3"/>
      </object_component>
      <object_component id="oc-8a5">
         <name>.text:privateCSAComputeCLKFrequency</name>
         <load_address>0x1075e</load_address>
         <run_address>0x1075e</run_address>
         <size>0xe0</size>
         <input_file_ref idref="fl-c"/>
      </object_component>
      <object_component id="oc-6a9">
         <name>.text:main</name>
         <load_address>0x1083e</load_address>
         <run_address>0x1083e</run_address>
         <size>0xc4</size>
         <input_file_ref idref="fl-3"/>
      </object_component>
      <object_component id="oc-715">
         <name>.text:task3</name>
         <load_address>0x10902</load_address>
         <run_address>0x10902</run_address>
         <size>0xbe</size>
         <input_file_ref idref="fl-3"/>
      </object_component>
      <object_component id="oc-79c">
         <name>.text:myLCD_init</name>
         <load_address>0x109c0</load_address>
         <run_address>0x109c0</run_address>
         <size>0xa0</size>
         <input_file_ref idref="fl-6"/>
      </object_component>
      <object_component id="oc-796">
         <name>.text:initClocks</name>
         <load_address>0x10a60</load_address>
         <run_address>0x10a60</run_address>
         <size>0x9e</size>
         <input_file_ref idref="fl-4"/>
      </object_component>
      <object_component id="oc-816">
         <name>.text:LCD_C_setPinAsLCDFunctionEx</name>
         <load_address>0x10afe</load_address>
         <run_address>0x10afe</run_address>
         <size>0x8a</size>
         <input_file_ref idref="fl-15"/>
      </object_component>
      <object_component id="oc-7a9">
         <name>.text:ScrollWords</name>
         <load_address>0x10b88</load_address>
         <run_address>0x10b88</run_address>
         <size>0x86</size>
         <input_file_ref idref="fl-3"/>
      </object_component>
      <object_component id="oc-68f">
         <name>.text:_auto_init_hold_wdt</name>
         <load_address>0x10c0e</load_address>
         <run_address>0x10c0e</run_address>
         <size>0x82</size>
         <input_file_ref idref="fl-71"/>
      </object_component>
      <object_component id="oc-7db">
         <name>.text:GPIO_setAsPeripheralModuleFunctionInputPin</name>
         <load_address>0x10c90</load_address>
         <run_address>0x10c90</run_address>
         <size>0x72</size>
         <input_file_ref idref="fl-14"/>
      </object_component>
      <object_component id="oc-8df">
         <name>.text:LCD_C_setMemory</name>
         <load_address>0x10d02</load_address>
         <run_address>0x10d02</run_address>
         <size>0x72</size>
         <input_file_ref idref="fl-15"/>
      </object_component>
      <object_component id="oc-66a">
         <name>.text:__TI_decompress_rle_core</name>
         <load_address>0x10d74</load_address>
         <run_address>0x10d74</run_address>
         <size>0x68</size>
         <input_file_ref idref="fl-44"/>
      </object_component>
      <object_component id="oc-809">
         <name>.text:CS_initClockSignal</name>
         <load_address>0x10ddc</load_address>
         <run_address>0x10ddc</run_address>
         <size>0x66</size>
         <input_file_ref idref="fl-c"/>
      </object_component>
      <object_component id="oc-6dd">
         <name>.text:copy_in</name>
         <load_address>0x10e42</load_address>
         <run_address>0x10e42</run_address>
         <size>0x66</size>
         <input_file_ref idref="fl-7a"/>
      </object_component>
      <object_component id="oc-788">
         <name>.text:somethingInteresting</name>
         <load_address>0x10ea8</load_address>
         <run_address>0x10ea8</run_address>
         <size>0x60</size>
         <input_file_ref idref="fl-3"/>
      </object_component>
      <object_component id="oc-70a">
         <name>.text</name>
         <load_address>0x10f08</load_address>
         <run_address>0x10f08</run_address>
         <size>0x5e</size>
         <input_file_ref idref="fl-74"/>
      </object_component>
      <object_component id="oc-7fd">
         <name>.text:CS_turnOnLFXTWithTimeout</name>
         <load_address>0x10f66</load_address>
         <run_address>0x10f66</run_address>
         <size>0x58</size>
         <input_file_ref idref="fl-c"/>
      </object_component>
      <object_component id="oc-862">
         <name>.text</name>
         <load_address>0x10fbe</load_address>
         <run_address>0x10fbe</run_address>
         <size>0x58</size>
         <input_file_ref idref="fl-65"/>
      </object_component>
      <object_component id="oc-7bc">
         <name>.text:HOSTtime</name>
         <load_address>0x11016</load_address>
         <run_address>0x11016</run_address>
         <size>0x56</size>
         <input_file_ref idref="fl-80"/>
      </object_component>
      <object_component id="oc-825">
         <name>.text:LCD_C_setVLCDSource</name>
         <load_address>0x1106c</load_address>
         <run_address>0x1106c</run_address>
         <size>0x52</size>
         <input_file_ref idref="fl-15"/>
      </object_component>
      <object_component id="oc-8b9">
         <name>.text:setLCDFunction</name>
         <load_address>0x110be</load_address>
         <run_address>0x110be</run_address>
         <size>0x42</size>
         <input_file_ref idref="fl-15"/>
      </object_component>
      <object_component id="oc-77d">
         <name>.text:rand</name>
         <load_address>0x11100</load_address>
         <run_address>0x11100</run_address>
         <size>0x40</size>
         <input_file_ref idref="fl-7c"/>
      </object_component>
      <object_component id="oc-8fc">
         <name>.text</name>
         <load_address>0x11140</load_address>
         <run_address>0x11140</run_address>
         <size>0x40</size>
         <input_file_ref idref="fl-63"/>
      </object_component>
      <object_component id="oc-885">
         <name>.text:l_lsl_const</name>
         <load_address>0x11180</load_address>
         <run_address>0x11180</run_address>
         <size>0x3e</size>
         <input_file_ref idref="fl-82"/>
      </object_component>
      <object_component id="oc-790">
         <name>.text:initGPIO</name>
         <load_address>0x111be</load_address>
         <run_address>0x111be</run_address>
         <size>0x3a</size>
         <input_file_ref idref="fl-5"/>
      </object_component>
      <object_component id="oc-879">
         <name>.text:__TI_writemsg</name>
         <load_address>0x111f8</load_address>
         <run_address>0x111f8</run_address>
         <size>0x36</size>
         <input_file_ref idref="fl-81"/>
      </object_component>
      <object_component id="oc-87f">
         <name>.text:__TI_readmsg</name>
         <load_address>0x1122e</load_address>
         <run_address>0x1122e</run_address>
         <size>0x32</size>
         <input_file_ref idref="fl-81"/>
      </object_component>
      <object_component id="oc-81f">
         <name>.text:LCD_C_init</name>
         <load_address>0x11260</load_address>
         <run_address>0x11260</run_address>
         <size>0x2e</size>
         <input_file_ref idref="fl-15"/>
      </object_component>
      <object_component id="oc-83d">
         <name>.text:LCD_C_configChargePump</name>
         <load_address>0x1128e</load_address>
         <run_address>0x1128e</run_address>
         <size>0x2c</size>
         <input_file_ref idref="fl-15"/>
      </object_component>
      <object_component id="oc-783">
         <name>.text</name>
         <load_address>0x112ba</load_address>
         <run_address>0x112ba</run_address>
         <size>0x2c</size>
         <input_file_ref idref="fl-62"/>
      </object_component>
      <object_component id="oc-7ce">
         <name>.text</name>
         <load_address>0x112e6</load_address>
         <run_address>0x112e6</run_address>
         <size>0x24</size>
         <input_file_ref idref="fl-68"/>
      </object_component>
      <object_component id="oc-7e8">
         <name>.text:CS_getACLK</name>
         <load_address>0x1130a</load_address>
         <run_address>0x1130a</run_address>
         <size>0x1e</size>
         <input_file_ref idref="fl-c"/>
      </object_component>
      <object_component id="oc-855">
         <name>.text:LCD_C_setBlinkingControl</name>
         <load_address>0x11328</load_address>
         <run_address>0x11328</run_address>
         <size>0x1c</size>
         <input_file_ref idref="fl-15"/>
      </object_component>
      <object_component id="oc-7f1">
         <name>.text:CS_getSMCLK</name>
         <load_address>0x11344</load_address>
         <run_address>0x11344</run_address>
         <size>0x1a</size>
         <input_file_ref idref="fl-c"/>
      </object_component>
      <object_component id="oc-837">
         <name>.text:LCD_C_selectChargePumpReference</name>
         <load_address>0x1135e</load_address>
         <run_address>0x1135e</run_address>
         <size>0x1a</size>
         <input_file_ref idref="fl-15"/>
      </object_component>
      <object_component id="oc-82b">
         <name>.text:LCD_C_setVLCDVoltage</name>
         <load_address>0x11378</load_address>
         <run_address>0x11378</run_address>
         <size>0x1a</size>
         <input_file_ref idref="fl-15"/>
      </object_component>
      <object_component id="oc-84f">
         <name>.text:LCD_C_selectDisplayMemory</name>
         <load_address>0x11392</load_address>
         <run_address>0x11392</run_address>
         <size>0x18</size>
         <input_file_ref idref="fl-15"/>
      </object_component>
      <object_component id="oc-771">
         <name>.text:__time32</name>
         <load_address>0x113aa</load_address>
         <run_address>0x113aa</run_address>
         <size>0x18</size>
         <input_file_ref idref="fl-7f"/>
      </object_component>
      <object_component id="oc-710">
         <name>.text</name>
         <load_address>0x113c2</load_address>
         <run_address>0x113c2</run_address>
         <size>0x18</size>
         <input_file_ref idref="fl-67"/>
      </object_component>
      <object_component id="oc-7f7">
         <name>.text:CS_getMCLK</name>
         <load_address>0x113da</load_address>
         <run_address>0x113da</run_address>
         <size>0x16</size>
         <input_file_ref idref="fl-c"/>
      </object_component>
      <object_component id="oc-7d4">
         <name>.text</name>
         <load_address>0x113f0</load_address>
         <run_address>0x113f0</run_address>
         <size>0x16</size>
         <input_file_ref idref="fl-64"/>
      </object_component>
      <object_component id="oc-777">
         <name>.text:srand</name>
         <load_address>0x11406</load_address>
         <run_address>0x11406</run_address>
         <size>0x16</size>
         <input_file_ref idref="fl-7c"/>
      </object_component>
      <object_component id="oc-65d">
         <name>.text:memcpy</name>
         <load_address>0x1141c</load_address>
         <run_address>0x1141c</run_address>
         <size>0x14</size>
         <input_file_ref idref="fl-7b"/>
      </object_component>
      <object_component id="oc-803">
         <name>.text:CS_setDCOFreq</name>
         <load_address>0x11430</load_address>
         <run_address>0x11430</run_address>
         <size>0x12</size>
         <input_file_ref idref="fl-c"/>
      </object_component>
      <object_component id="oc-7e2">
         <name>.text:CS_setExternalClockSource</name>
         <load_address>0x11442</load_address>
         <run_address>0x11442</run_address>
         <size>0x12</size>
         <input_file_ref idref="fl-c"/>
      </object_component>
      <object_component id="oc-79">
         <name>.text:decompress:none:__TI_decompress_none</name>
         <load_address>0x11454</load_address>
         <run_address>0x11454</run_address>
         <size>0x12</size>
         <input_file_ref idref="fl-43"/>
      </object_component>
      <object_component id="oc-831">
         <name>.text:LCD_C_enableChargePump</name>
         <load_address>0x11466</load_address>
         <run_address>0x11466</run_address>
         <size>0xe</size>
         <input_file_ref idref="fl-15"/>
      </object_component>
      <object_component id="oc-86f">
         <name>.text:strlen</name>
         <load_address>0x11474</load_address>
         <run_address>0x11474</run_address>
         <size>0xe</size>
         <input_file_ref idref="fl-7e"/>
      </object_component>
      <object_component id="oc-849">
         <name>.text:LCD_C_clearBlinkingMemory</name>
         <load_address>0x11482</load_address>
         <run_address>0x11482</run_address>
         <size>0xc</size>
         <input_file_ref idref="fl-15"/>
      </object_component>
      <object_component id="oc-843">
         <name>.text:LCD_C_clearMemory</name>
         <load_address>0x1148e</load_address>
         <run_address>0x1148e</run_address>
         <size>0xc</size>
         <input_file_ref idref="fl-15"/>
      </object_component>
      <object_component id="oc-8bf">
         <name>.text</name>
         <load_address>0x1149a</load_address>
         <run_address>0x1149a</run_address>
         <size>0xa</size>
         <input_file_ref idref="fl-6c"/>
      </object_component>
      <object_component id="oc-8b4">
         <name>.text</name>
         <load_address>0x114a4</load_address>
         <run_address>0x114a4</run_address>
         <size>0xa</size>
         <input_file_ref idref="fl-6e"/>
      </object_component>
      <object_component id="oc-810">
         <name>.text:LCD_C_off</name>
         <load_address>0x114ae</load_address>
         <run_address>0x114ae</run_address>
         <size>0x6</size>
         <input_file_ref idref="fl-15"/>
      </object_component>
      <object_component id="oc-85b">
         <name>.text:LCD_C_on</name>
         <load_address>0x114b4</load_address>
         <run_address>0x114b4</run_address>
         <size>0x6</size>
         <input_file_ref idref="fl-15"/>
      </object_component>
      <object_component id="oc-6b1">
         <name>.text:abort</name>
         <load_address>0x114ba</load_address>
         <run_address>0x114ba</run_address>
         <size>0x6</size>
         <input_file_ref idref="fl-77"/>
      </object_component>
      <object_component id="oc-7f">
         <name>.text:decompress:rle24:__TI_decompress_rle24</name>
         <load_address>0x114c0</load_address>
         <run_address>0x114c0</run_address>
         <size>0x6</size>
         <input_file_ref idref="fl-44"/>
      </object_component>
      <object_component id="oc-689">
         <name>.text:_system_pre_init</name>
         <load_address>0x114c6</load_address>
         <run_address>0x114c6</run_address>
         <size>0x4</size>
         <input_file_ref idref="fl-76"/>
      </object_component>
      <object_component id="oc-74a">
         <name>.text:_nop</name>
         <load_address>0x114ca</load_address>
         <run_address>0x114ca</run_address>
         <size>0x2</size>
         <input_file_ref idref="fl-79"/>
      </object_component>
      <object_component id="oc-6e3">
         <name>.text:_system_post_cinit</name>
         <load_address>0x114cc</load_address>
         <run_address>0x114cc</run_address>
         <size>0x2</size>
         <input_file_ref idref="fl-75"/>
      </object_component>
      <object_component id="oc-876">
         <name>.bss:parmbuf</name>
         <uninitialized>true</uninitialized>
         <run_address>0x1c90</run_address>
         <size>0x8</size>
         <input_file_ref idref="fl-80"/>
      </object_component>
      <object_component id="oc-704">
         <name>.common:HoldGreenLED</name>
         <uninitialized>true</uninitialized>
         <run_address>0x1c98</run_address>
         <size>0x2</size>
      </object_component>
      <object_component id="oc-70f">
         <name>.common:dummy</name>
         <uninitialized>true</uninitialized>
         <run_address>0x1c9a</run_address>
         <size>0x2</size>
      </object_component>
      <object_component id="oc-709">
         <name>.common:taskRegs</name>
         <uninitialized>true</uninitialized>
         <run_address>0x1c00</run_address>
         <size>0x90</size>
      </object_component>
      <object_component id="oc-6d6">
         <name>.data</name>
         <load_address>0x1cbe</load_address>
         <run_address>0x1cbe</run_address>
         <size>0x6</size>
         <input_file_ref idref="fl-3"/>
      </object_component>
      <object_component id="oc-7ee">
         <name>.data</name>
         <load_address>0x1c9c</load_address>
         <run_address>0x1c9c</run_address>
         <size>0xe</size>
         <input_file_ref idref="fl-4"/>
      </object_component>
      <object_component id="oc-81c">
         <name>.data:initParams</name>
         <load_address>0x1caa</load_address>
         <run_address>0x1caa</run_address>
         <size>0xc</size>
         <input_file_ref idref="fl-6"/>
      </object_component>
      <object_component id="oc-8a1">
         <name>.data</name>
         <load_address>0x1cb6</load_address>
         <run_address>0x1cb6</run_address>
         <size>0x8</size>
         <input_file_ref idref="fl-c"/>
      </object_component>
      <object_component id="oc-6f5">
         <name>.data:_lock</name>
         <load_address>0x1cc4</load_address>
         <run_address>0x1cc4</run_address>
         <size>0x4</size>
         <input_file_ref idref="fl-79"/>
      </object_component>
      <object_component id="oc-6fe">
         <name>.data:_unlock</name>
         <load_address>0x1cc8</load_address>
         <run_address>0x1cc8</run_address>
         <size>0x4</size>
         <input_file_ref idref="fl-79"/>
      </object_component>
      <object_component id="oc-7c9">
         <name>.data</name>
         <load_address>0x1ccc</load_address>
         <run_address>0x1ccc</run_address>
         <size>0x4</size>
         <input_file_ref idref="fl-7c"/>
      </object_component>
      <object_component id="oc-659">
         <name>.stack</name>
         <uninitialized>true</uninitialized>
         <run_address>0x2360</run_address>
         <size>0x4</size>
         <input_file_ref idref="fl-6f"/>
      </object_component>
      <object_component id="oc-994">
         <name>.stack</name>
         <uninitialized>true</uninitialized>
         <run_address>0x2360</run_address>
         <size>0x0</size>
      </object_component>
      <object_component id="oc-85">
         <name>.int27</name>
         <load_address>0xffc6</load_address>
         <run_address>0xffc6</run_address>
         <size>0x2</size>
         <input_file_ref idref="fl-45"/>
      </object_component>
      <object_component id="oc-86">
         <name>.int28</name>
         <load_address>0xffc8</load_address>
         <run_address>0xffc8</run_address>
         <size>0x2</size>
         <input_file_ref idref="fl-47"/>
      </object_component>
      <object_component id="oc-87">
         <name>.int29</name>
         <load_address>0xffca</load_address>
         <run_address>0xffca</run_address>
         <size>0x2</size>
         <input_file_ref idref="fl-48"/>
      </object_component>
      <object_component id="oc-88">
         <name>.int30</name>
         <load_address>0xffcc</load_address>
         <run_address>0xffcc</run_address>
         <size>0x2</size>
         <input_file_ref idref="fl-49"/>
      </object_component>
      <object_component id="oc-89">
         <name>.int31</name>
         <load_address>0xffce</load_address>
         <run_address>0xffce</run_address>
         <size>0x2</size>
         <input_file_ref idref="fl-4a"/>
      </object_component>
      <object_component id="oc-8a">
         <name>.int32</name>
         <load_address>0xffd0</load_address>
         <run_address>0xffd0</run_address>
         <size>0x2</size>
         <input_file_ref idref="fl-4b"/>
      </object_component>
      <object_component id="oc-8b">
         <name>.int33</name>
         <load_address>0xffd2</load_address>
         <run_address>0xffd2</run_address>
         <size>0x2</size>
         <input_file_ref idref="fl-4c"/>
      </object_component>
      <object_component id="oc-8c">
         <name>.int34</name>
         <load_address>0xffd4</load_address>
         <run_address>0xffd4</run_address>
         <size>0x2</size>
         <input_file_ref idref="fl-4d"/>
      </object_component>
      <object_component id="oc-8d">
         <name>.int35</name>
         <load_address>0xffd6</load_address>
         <run_address>0xffd6</run_address>
         <size>0x2</size>
         <input_file_ref idref="fl-4e"/>
      </object_component>
      <object_component id="oc-8e">
         <name>.int36</name>
         <load_address>0xffd8</load_address>
         <run_address>0xffd8</run_address>
         <size>0x2</size>
         <input_file_ref idref="fl-4f"/>
      </object_component>
      <object_component id="oc-8f">
         <name>.int37</name>
         <load_address>0xffda</load_address>
         <run_address>0xffda</run_address>
         <size>0x2</size>
         <input_file_ref idref="fl-50"/>
      </object_component>
      <object_component id="oc-90">
         <name>.int38</name>
         <load_address>0xffdc</load_address>
         <run_address>0xffdc</run_address>
         <size>0x2</size>
         <input_file_ref idref="fl-51"/>
      </object_component>
      <object_component id="oc-91">
         <name>.int39</name>
         <load_address>0xffde</load_address>
         <run_address>0xffde</run_address>
         <size>0x2</size>
         <input_file_ref idref="fl-52"/>
      </object_component>
      <object_component id="oc-92">
         <name>.int40</name>
         <load_address>0xffe0</load_address>
         <run_address>0xffe0</run_address>
         <size>0x2</size>
         <input_file_ref idref="fl-53"/>
      </object_component>
      <object_component id="oc-93">
         <name>.int41</name>
         <load_address>0xffe2</load_address>
         <run_address>0xffe2</run_address>
         <size>0x2</size>
         <input_file_ref idref="fl-54"/>
      </object_component>
      <object_component id="oc-94">
         <name>.int42</name>
         <load_address>0xffe4</load_address>
         <run_address>0xffe4</run_address>
         <size>0x2</size>
         <input_file_ref idref="fl-55"/>
      </object_component>
      <object_component id="oc-95">
         <name>.int43</name>
         <load_address>0xffe6</load_address>
         <run_address>0xffe6</run_address>
         <size>0x2</size>
         <input_file_ref idref="fl-56"/>
      </object_component>
      <object_component id="oc-96">
         <name>.int44</name>
         <load_address>0xffe8</load_address>
         <run_address>0xffe8</run_address>
         <size>0x2</size>
         <input_file_ref idref="fl-3"/>
      </object_component>
      <object_component id="oc-97">
         <name>.int45</name>
         <load_address>0xffea</load_address>
         <run_address>0xffea</run_address>
         <size>0x2</size>
         <input_file_ref idref="fl-57"/>
      </object_component>
      <object_component id="oc-98">
         <name>.int46</name>
         <load_address>0xffec</load_address>
         <run_address>0xffec</run_address>
         <size>0x2</size>
         <input_file_ref idref="fl-58"/>
      </object_component>
      <object_component id="oc-99">
         <name>.int47</name>
         <load_address>0xffee</load_address>
         <run_address>0xffee</run_address>
         <size>0x2</size>
         <input_file_ref idref="fl-59"/>
      </object_component>
      <object_component id="oc-9a">
         <name>.int48</name>
         <load_address>0xfff0</load_address>
         <run_address>0xfff0</run_address>
         <size>0x2</size>
         <input_file_ref idref="fl-5a"/>
      </object_component>
      <object_component id="oc-9b">
         <name>.int49</name>
         <load_address>0xfff2</load_address>
         <run_address>0xfff2</run_address>
         <size>0x2</size>
         <input_file_ref idref="fl-5b"/>
      </object_component>
      <object_component id="oc-9c">
         <name>.int50</name>
         <load_address>0xfff4</load_address>
         <run_address>0xfff4</run_address>
         <size>0x2</size>
         <input_file_ref idref="fl-5c"/>
      </object_component>
      <object_component id="oc-9d">
         <name>.int51</name>
         <load_address>0xfff6</load_address>
         <run_address>0xfff6</run_address>
         <size>0x2</size>
         <input_file_ref idref="fl-5d"/>
      </object_component>
      <object_component id="oc-9e">
         <name>.int52</name>
         <load_address>0xfff8</load_address>
         <run_address>0xfff8</run_address>
         <size>0x2</size>
         <input_file_ref idref="fl-5e"/>
      </object_component>
      <object_component id="oc-9f">
         <name>.int53</name>
         <load_address>0xfffa</load_address>
         <run_address>0xfffa</run_address>
         <size>0x2</size>
         <input_file_ref idref="fl-5f"/>
      </object_component>
      <object_component id="oc-a0">
         <name>.int54</name>
         <load_address>0xfffc</load_address>
         <run_address>0xfffc</run_address>
         <size>0x2</size>
         <input_file_ref idref="fl-60"/>
      </object_component>
      <object_component id="oc-65c">
         <name>.reset</name>
         <load_address>0xfffe</load_address>
         <run_address>0xfffe</run_address>
         <size>0x2</size>
         <input_file_ref idref="fl-6f"/>
      </object_component>
      <object_component id="oc-705">
         <name>.debug_info</name>
         <load_address>0x0</load_address>
         <run_address>0x0</run_address>
         <size>0x1c9</size>
         <input_file_ref idref="fl-2"/>
      </object_component>
      <object_component id="oc-6bf">
         <name>.debug_info</name>
         <load_address>0x1c9</load_address>
         <run_address>0x1c9</run_address>
         <size>0x84</size>
         <input_file_ref idref="fl-2"/>
      </object_component>
      <object_component id="oc-707">
         <name>.debug_info</name>
         <load_address>0x24d</load_address>
         <run_address>0x24d</run_address>
         <size>0x5c9</size>
         <input_file_ref idref="fl-3"/>
      </object_component>
      <object_component id="oc-6d7">
         <name>.debug_info</name>
         <load_address>0x816</load_address>
         <run_address>0x816</run_address>
         <size>0xfe</size>
         <input_file_ref idref="fl-3"/>
      </object_component>
      <object_component id="oc-789">
         <name>.debug_info</name>
         <load_address>0x914</load_address>
         <run_address>0x914</run_address>
         <size>0x162</size>
         <input_file_ref idref="fl-3"/>
      </object_component>
      <object_component id="oc-6aa">
         <name>.debug_info</name>
         <load_address>0xa76</load_address>
         <run_address>0xa76</run_address>
         <size>0x186</size>
         <input_file_ref idref="fl-3"/>
      </object_component>
      <object_component id="oc-67d">
         <name>.debug_info</name>
         <load_address>0xbfc</load_address>
         <run_address>0xbfc</run_address>
         <size>0xf1</size>
         <input_file_ref idref="fl-3"/>
      </object_component>
      <object_component id="oc-722">
         <name>.debug_info</name>
         <load_address>0xced</load_address>
         <run_address>0xced</run_address>
         <size>0x220</size>
         <input_file_ref idref="fl-3"/>
      </object_component>
      <object_component id="oc-71c">
         <name>.debug_info</name>
         <load_address>0xf0d</load_address>
         <run_address>0xf0d</run_address>
         <size>0x189</size>
         <input_file_ref idref="fl-3"/>
      </object_component>
      <object_component id="oc-716">
         <name>.debug_info</name>
         <load_address>0x1096</load_address>
         <run_address>0x1096</run_address>
         <size>0x1ae</size>
         <input_file_ref idref="fl-3"/>
      </object_component>
      <object_component id="oc-7aa">
         <name>.debug_info</name>
         <load_address>0x1244</load_address>
         <run_address>0x1244</run_address>
         <size>0x20c</size>
         <input_file_ref idref="fl-3"/>
      </object_component>
      <object_component id="oc-76a">
         <name>.debug_info</name>
         <load_address>0x1450</load_address>
         <run_address>0x1450</run_address>
         <size>0x110</size>
         <input_file_ref idref="fl-3"/>
      </object_component>
      <object_component id="oc-760">
         <name>.debug_info</name>
         <load_address>0x1560</load_address>
         <run_address>0x1560</run_address>
         <size>0x17c</size>
         <input_file_ref idref="fl-3"/>
      </object_component>
      <object_component id="oc-8c7">
         <name>.debug_info</name>
         <load_address>0x16dc</load_address>
         <run_address>0x16dc</run_address>
         <size>0xb2</size>
         <input_file_ref idref="fl-3"/>
      </object_component>
      <object_component id="oc-728">
         <name>.debug_info</name>
         <load_address>0x178e</load_address>
         <run_address>0x178e</run_address>
         <size>0x8b</size>
         <input_file_ref idref="fl-3"/>
      </object_component>
      <object_component id="oc-89c">
         <name>.debug_info</name>
         <load_address>0x1819</load_address>
         <run_address>0x1819</run_address>
         <size>0x18b</size>
         <input_file_ref idref="fl-3"/>
      </object_component>
      <object_component id="oc-765">
         <name>.debug_info</name>
         <load_address>0x19a4</load_address>
         <run_address>0x19a4</run_address>
         <size>0xc7</size>
         <input_file_ref idref="fl-3"/>
      </object_component>
      <object_component id="oc-7ef">
         <name>.debug_info</name>
         <load_address>0x1a6b</load_address>
         <run_address>0x1a6b</run_address>
         <size>0x156</size>
         <input_file_ref idref="fl-4"/>
      </object_component>
      <object_component id="oc-797">
         <name>.debug_info</name>
         <load_address>0x1bc1</load_address>
         <run_address>0x1bc1</run_address>
         <size>0x22c</size>
         <input_file_ref idref="fl-4"/>
      </object_component>
      <object_component id="oc-791">
         <name>.debug_info</name>
         <load_address>0x1ded</load_address>
         <run_address>0x1ded</run_address>
         <size>0x129</size>
         <input_file_ref idref="fl-5"/>
      </object_component>
      <object_component id="oc-86e">
         <name>.debug_info</name>
         <load_address>0x1f16</load_address>
         <run_address>0x1f16</run_address>
         <size>0x558</size>
         <input_file_ref idref="fl-6"/>
      </object_component>
      <object_component id="oc-8da">
         <name>.debug_info</name>
         <load_address>0x246e</load_address>
         <run_address>0x246e</run_address>
         <size>0xcd</size>
         <input_file_ref idref="fl-6"/>
      </object_component>
      <object_component id="oc-8e6">
         <name>.debug_info</name>
         <load_address>0x253b</load_address>
         <run_address>0x253b</run_address>
         <size>0xc3</size>
         <input_file_ref idref="fl-6"/>
      </object_component>
      <object_component id="oc-8dd">
         <name>.debug_info</name>
         <load_address>0x25fe</load_address>
         <run_address>0x25fe</run_address>
         <size>0xcf</size>
         <input_file_ref idref="fl-6"/>
      </object_component>
      <object_component id="oc-81d">
         <name>.debug_info</name>
         <load_address>0x26cd</load_address>
         <run_address>0x26cd</run_address>
         <size>0xcd</size>
         <input_file_ref idref="fl-6"/>
      </object_component>
      <object_component id="oc-79d">
         <name>.debug_info</name>
         <load_address>0x279a</load_address>
         <run_address>0x279a</run_address>
         <size>0x279</size>
         <input_file_ref idref="fl-6"/>
      </object_component>
      <object_component id="oc-868">
         <name>.debug_info</name>
         <load_address>0x2a13</load_address>
         <run_address>0x2a13</run_address>
         <size>0x2a9</size>
         <input_file_ref idref="fl-6"/>
      </object_component>
      <object_component id="oc-7a3">
         <name>.debug_info</name>
         <load_address>0x2cbc</load_address>
         <run_address>0x2cbc</run_address>
         <size>0x324</size>
         <input_file_ref idref="fl-6"/>
      </object_component>
      <object_component id="oc-6c6">
         <name>.debug_info</name>
         <load_address>0x2fe0</load_address>
         <run_address>0x2fe0</run_address>
         <size>0x2c</size>
         <input_file_ref idref="fl-6"/>
      </object_component>
      <object_component id="oc-8a2">
         <name>.debug_info</name>
         <load_address>0x300c</load_address>
         <run_address>0x300c</run_address>
         <size>0x143</size>
         <input_file_ref idref="fl-c"/>
      </object_component>
      <object_component id="oc-902">
         <name>.debug_info</name>
         <load_address>0x314f</load_address>
         <run_address>0x314f</run_address>
         <size>0x2f3</size>
         <input_file_ref idref="fl-c"/>
      </object_component>
      <object_component id="oc-8a6">
         <name>.debug_info</name>
         <load_address>0x3442</load_address>
         <run_address>0x3442</run_address>
         <size>0x2e7</size>
         <input_file_ref idref="fl-c"/>
      </object_component>
      <object_component id="oc-7e3">
         <name>.debug_info</name>
         <load_address>0x3729</load_address>
         <run_address>0x3729</run_address>
         <size>0x21f</size>
         <input_file_ref idref="fl-c"/>
      </object_component>
      <object_component id="oc-80a">
         <name>.debug_info</name>
         <load_address>0x3948</load_address>
         <run_address>0x3948</run_address>
         <size>0x247</size>
         <input_file_ref idref="fl-c"/>
      </object_component>
      <object_component id="oc-7fe">
         <name>.debug_info</name>
         <load_address>0x3b8f</load_address>
         <run_address>0x3b8f</run_address>
         <size>0x1cf</size>
         <input_file_ref idref="fl-c"/>
      </object_component>
      <object_component id="oc-7e9">
         <name>.debug_info</name>
         <load_address>0x3d5e</load_address>
         <run_address>0x3d5e</run_address>
         <size>0x1b1</size>
         <input_file_ref idref="fl-c"/>
      </object_component>
      <object_component id="oc-7f3">
         <name>.debug_info</name>
         <load_address>0x3f0f</load_address>
         <run_address>0x3f0f</run_address>
         <size>0x1b7</size>
         <input_file_ref idref="fl-c"/>
      </object_component>
      <object_component id="oc-7f9">
         <name>.debug_info</name>
         <load_address>0x40c6</load_address>
         <run_address>0x40c6</run_address>
         <size>0x169</size>
         <input_file_ref idref="fl-c"/>
      </object_component>
      <object_component id="oc-804">
         <name>.debug_info</name>
         <load_address>0x422f</load_address>
         <run_address>0x422f</run_address>
         <size>0x18c</size>
         <input_file_ref idref="fl-c"/>
      </object_component>
      <object_component id="oc-8f9">
         <name>.debug_info</name>
         <load_address>0x43bb</load_address>
         <run_address>0x43bb</run_address>
         <size>0x153</size>
         <input_file_ref idref="fl-14"/>
      </object_component>
      <object_component id="oc-899">
         <name>.debug_info</name>
         <load_address>0x450e</load_address>
         <run_address>0x450e</run_address>
         <size>0xf3</size>
         <input_file_ref idref="fl-14"/>
      </object_component>
      <object_component id="oc-7dc">
         <name>.debug_info</name>
         <load_address>0x4601</load_address>
         <run_address>0x4601</run_address>
         <size>0x24a</size>
         <input_file_ref idref="fl-14"/>
      </object_component>
      <object_component id="oc-8cd">
         <name>.debug_info</name>
         <load_address>0x484b</load_address>
         <run_address>0x484b</run_address>
         <size>0x14c</size>
         <input_file_ref idref="fl-15"/>
      </object_component>
      <object_component id="oc-8ba">
         <name>.debug_info</name>
         <load_address>0x4997</load_address>
         <run_address>0x4997</run_address>
         <size>0x1b9</size>
         <input_file_ref idref="fl-15"/>
      </object_component>
      <object_component id="oc-820">
         <name>.debug_info</name>
         <load_address>0x4b50</load_address>
         <run_address>0x4b50</run_address>
         <size>0x1bf</size>
         <input_file_ref idref="fl-15"/>
      </object_component>
      <object_component id="oc-85c">
         <name>.debug_info</name>
         <load_address>0x4d0f</load_address>
         <run_address>0x4d0f</run_address>
         <size>0x181</size>
         <input_file_ref idref="fl-15"/>
      </object_component>
      <object_component id="oc-811">
         <name>.debug_info</name>
         <load_address>0x4e90</load_address>
         <run_address>0x4e90</run_address>
         <size>0x183</size>
         <input_file_ref idref="fl-15"/>
      </object_component>
      <object_component id="oc-844">
         <name>.debug_info</name>
         <load_address>0x5013</load_address>
         <run_address>0x5013</run_address>
         <size>0x174</size>
         <input_file_ref idref="fl-15"/>
      </object_component>
      <object_component id="oc-84b">
         <name>.debug_info</name>
         <load_address>0x5187</load_address>
         <run_address>0x5187</run_address>
         <size>0x184</size>
         <input_file_ref idref="fl-15"/>
      </object_component>
      <object_component id="oc-851">
         <name>.debug_info</name>
         <load_address>0x530b</load_address>
         <run_address>0x530b</run_address>
         <size>0x1e9</size>
         <input_file_ref idref="fl-15"/>
      </object_component>
      <object_component id="oc-856">
         <name>.debug_info</name>
         <load_address>0x54f4</load_address>
         <run_address>0x54f4</run_address>
         <size>0x21d</size>
         <input_file_ref idref="fl-15"/>
      </object_component>
      <object_component id="oc-832">
         <name>.debug_info</name>
         <load_address>0x5711</load_address>
         <run_address>0x5711</run_address>
         <size>0x19d</size>
         <input_file_ref idref="fl-15"/>
      </object_component>
      <object_component id="oc-838">
         <name>.debug_info</name>
         <load_address>0x58ae</load_address>
         <run_address>0x58ae</run_address>
         <size>0x1e5</size>
         <input_file_ref idref="fl-15"/>
      </object_component>
      <object_component id="oc-826">
         <name>.debug_info</name>
         <load_address>0x5a93</load_address>
         <run_address>0x5a93</run_address>
         <size>0x245</size>
         <input_file_ref idref="fl-15"/>
      </object_component>
      <object_component id="oc-82c">
         <name>.debug_info</name>
         <load_address>0x5cd8</load_address>
         <run_address>0x5cd8</run_address>
         <size>0x1c7</size>
         <input_file_ref idref="fl-15"/>
      </object_component>
      <object_component id="oc-817">
         <name>.debug_info</name>
         <load_address>0x5e9f</load_address>
         <run_address>0x5e9f</run_address>
         <size>0x320</size>
         <input_file_ref idref="fl-15"/>
      </object_component>
      <object_component id="oc-8e0">
         <name>.debug_info</name>
         <load_address>0x61bf</load_address>
         <run_address>0x61bf</run_address>
         <size>0x1d6</size>
         <input_file_ref idref="fl-15"/>
      </object_component>
      <object_component id="oc-83e">
         <name>.debug_info</name>
         <load_address>0x6395</load_address>
         <run_address>0x6395</run_address>
         <size>0x1e6</size>
         <input_file_ref idref="fl-15"/>
      </object_component>
      <object_component id="oc-669">
         <name>.debug_info</name>
         <load_address>0x657b</load_address>
         <run_address>0x657b</run_address>
         <size>0x1e2</size>
         <input_file_ref idref="fl-43"/>
      </object_component>
      <object_component id="oc-7d">
         <name>.debug_info</name>
         <load_address>0x675d</load_address>
         <run_address>0x675d</run_address>
         <size>0x1e4</size>
         <input_file_ref idref="fl-43"/>
      </object_component>
      <object_component id="oc-664">
         <name>.debug_info</name>
         <load_address>0x6941</load_address>
         <run_address>0x6941</run_address>
         <size>0x46</size>
         <input_file_ref idref="fl-43"/>
      </object_component>
      <object_component id="oc-6cd">
         <name>.debug_info</name>
         <load_address>0x6987</load_address>
         <run_address>0x6987</run_address>
         <size>0x2c</size>
         <input_file_ref idref="fl-43"/>
      </object_component>
      <object_component id="oc-671">
         <name>.debug_info</name>
         <load_address>0x69b3</load_address>
         <run_address>0x69b3</run_address>
         <size>0x19f</size>
         <input_file_ref idref="fl-44"/>
      </object_component>
      <object_component id="oc-66b">
         <name>.debug_info</name>
         <load_address>0x6b52</load_address>
         <run_address>0x6b52</run_address>
         <size>0x256</size>
         <input_file_ref idref="fl-44"/>
      </object_component>
      <object_component id="oc-80">
         <name>.debug_info</name>
         <load_address>0x6da8</load_address>
         <run_address>0x6da8</run_address>
         <size>0x1cd</size>
         <input_file_ref idref="fl-44"/>
      </object_component>
      <object_component id="oc-672">
         <name>.debug_info</name>
         <load_address>0x6f75</load_address>
         <run_address>0x6f75</run_address>
         <size>0x39</size>
         <input_file_ref idref="fl-44"/>
      </object_component>
      <object_component id="oc-679">
         <name>.debug_info</name>
         <load_address>0x6fae</load_address>
         <run_address>0x6fae</run_address>
         <size>0x123</size>
         <input_file_ref idref="fl-46"/>
      </object_component>
      <object_component id="oc-784">
         <name>.debug_info</name>
         <load_address>0x70d1</load_address>
         <run_address>0x70d1</run_address>
         <size>0x149</size>
         <input_file_ref idref="fl-62"/>
      </object_component>
      <object_component id="oc-8fe">
         <name>.debug_info</name>
         <load_address>0x721a</load_address>
         <run_address>0x721a</run_address>
         <size>0x14c</size>
         <input_file_ref idref="fl-63"/>
      </object_component>
      <object_component id="oc-7d5">
         <name>.debug_info</name>
         <load_address>0x7366</load_address>
         <run_address>0x7366</run_address>
         <size>0x135</size>
         <input_file_ref idref="fl-64"/>
      </object_component>
      <object_component id="oc-864">
         <name>.debug_info</name>
         <load_address>0x749b</load_address>
         <run_address>0x749b</run_address>
         <size>0x137</size>
         <input_file_ref idref="fl-65"/>
      </object_component>
      <object_component id="oc-711">
         <name>.debug_info</name>
         <load_address>0x75d2</load_address>
         <run_address>0x75d2</run_address>
         <size>0x144</size>
         <input_file_ref idref="fl-67"/>
      </object_component>
      <object_component id="oc-7cf">
         <name>.debug_info</name>
         <load_address>0x7716</load_address>
         <run_address>0x7716</run_address>
         <size>0x144</size>
         <input_file_ref idref="fl-68"/>
      </object_component>
      <object_component id="oc-8c2">
         <name>.debug_info</name>
         <load_address>0x785a</load_address>
         <run_address>0x785a</run_address>
         <size>0x134</size>
         <input_file_ref idref="fl-6c"/>
      </object_component>
      <object_component id="oc-8b5">
         <name>.debug_info</name>
         <load_address>0x798e</load_address>
         <run_address>0x798e</run_address>
         <size>0x134</size>
         <input_file_ref idref="fl-6e"/>
      </object_component>
      <object_component id="oc-65a">
         <name>.debug_info</name>
         <load_address>0x7ac2</load_address>
         <run_address>0x7ac2</run_address>
         <size>0x111</size>
         <input_file_ref idref="fl-6f"/>
      </object_component>
      <object_component id="oc-6ea">
         <name>.debug_info</name>
         <load_address>0x7bd3</load_address>
         <run_address>0x7bd3</run_address>
         <size>0x411</size>
         <input_file_ref idref="fl-71"/>
      </object_component>
      <object_component id="oc-691">
         <name>.debug_info</name>
         <load_address>0x7fe4</load_address>
         <run_address>0x7fe4</run_address>
         <size>0x23a</size>
         <input_file_ref idref="fl-71"/>
      </object_component>
      <object_component id="oc-737">
         <name>.debug_info</name>
         <load_address>0x821e</load_address>
         <run_address>0x821e</run_address>
         <size>0x39</size>
         <input_file_ref idref="fl-71"/>
      </object_component>
      <object_component id="oc-6eb">
         <name>.debug_info</name>
         <load_address>0x8257</load_address>
         <run_address>0x8257</run_address>
         <size>0x2c</size>
         <input_file_ref idref="fl-71"/>
      </object_component>
      <object_component id="oc-73c">
         <name>.debug_info</name>
         <load_address>0x8283</load_address>
         <run_address>0x8283</run_address>
         <size>0xcd</size>
         <input_file_ref idref="fl-71"/>
      </object_component>
      <object_component id="oc-c0">
         <name>.debug_info</name>
         <load_address>0x8350</load_address>
         <run_address>0x8350</run_address>
         <size>0x1b2</size>
         <input_file_ref idref="fl-72"/>
      </object_component>
      <object_component id="oc-70c">
         <name>.debug_info</name>
         <load_address>0x8502</load_address>
         <run_address>0x8502</run_address>
         <size>0x14e</size>
         <input_file_ref idref="fl-74"/>
      </object_component>
      <object_component id="oc-6e7">
         <name>.debug_info</name>
         <load_address>0x8650</load_address>
         <run_address>0x8650</run_address>
         <size>0x161</size>
         <input_file_ref idref="fl-75"/>
      </object_component>
      <object_component id="oc-68b">
         <name>.debug_info</name>
         <load_address>0x87b1</load_address>
         <run_address>0x87b1</run_address>
         <size>0x164</size>
         <input_file_ref idref="fl-76"/>
      </object_component>
      <object_component id="oc-6b5">
         <name>.debug_info</name>
         <load_address>0x8915</load_address>
         <run_address>0x8915</run_address>
         <size>0x133</size>
         <input_file_ref idref="fl-77"/>
      </object_component>
      <object_component id="oc-752">
         <name>.debug_info</name>
         <load_address>0x8a48</load_address>
         <run_address>0x8a48</run_address>
         <size>0x179</size>
         <input_file_ref idref="fl-79"/>
      </object_component>
      <object_component id="oc-6f6">
         <name>.debug_info</name>
         <load_address>0x8bc1</load_address>
         <run_address>0x8bc1</run_address>
         <size>0x110</size>
         <input_file_ref idref="fl-79"/>
      </object_component>
      <object_component id="oc-6ff">
         <name>.debug_info</name>
         <load_address>0x8cd1</load_address>
         <run_address>0x8cd1</run_address>
         <size>0x114</size>
         <input_file_ref idref="fl-79"/>
      </object_component>
      <object_component id="oc-74d">
         <name>.debug_info</name>
         <load_address>0x8de5</load_address>
         <run_address>0x8de5</run_address>
         <size>0x13f</size>
         <input_file_ref idref="fl-79"/>
      </object_component>
      <object_component id="oc-733">
         <name>.debug_info</name>
         <load_address>0x8f24</load_address>
         <run_address>0x8f24</run_address>
         <size>0x282</size>
         <input_file_ref idref="fl-7a"/>
      </object_component>
      <object_component id="oc-6e1">
         <name>.debug_info</name>
         <load_address>0x91a6</load_address>
         <run_address>0x91a6</run_address>
         <size>0x1cc</size>
         <input_file_ref idref="fl-7a"/>
      </object_component>
      <object_component id="oc-7b2">
         <name>.debug_info</name>
         <load_address>0x9372</load_address>
         <run_address>0x9372</run_address>
         <size>0x2c</size>
         <input_file_ref idref="fl-7a"/>
      </object_component>
      <object_component id="oc-6c5">
         <name>.debug_info</name>
         <load_address>0x939e</load_address>
         <run_address>0x939e</run_address>
         <size>0x198</size>
         <input_file_ref idref="fl-7b"/>
      </object_component>
      <object_component id="oc-65f">
         <name>.debug_info</name>
         <load_address>0x9536</load_address>
         <run_address>0x9536</run_address>
         <size>0x1ad</size>
         <input_file_ref idref="fl-7b"/>
      </object_component>
      <object_component id="oc-7cd">
         <name>.debug_info</name>
         <load_address>0x96e3</load_address>
         <run_address>0x96e3</run_address>
         <size>0x1a8</size>
         <input_file_ref idref="fl-7c"/>
      </object_component>
      <object_component id="oc-7ca">
         <name>.debug_info</name>
         <load_address>0x988b</load_address>
         <run_address>0x988b</run_address>
         <size>0x10c</size>
         <input_file_ref idref="fl-7c"/>
      </object_component>
      <object_component id="oc-778">
         <name>.debug_info</name>
         <load_address>0x9997</load_address>
         <run_address>0x9997</run_address>
         <size>0x16e</size>
         <input_file_ref idref="fl-7c"/>
      </object_component>
      <object_component id="oc-77e">
         <name>.debug_info</name>
         <load_address>0x9b05</load_address>
         <run_address>0x9b05</run_address>
         <size>0x162</size>
         <input_file_ref idref="fl-7c"/>
      </object_component>
      <object_component id="oc-8ec">
         <name>.debug_info</name>
         <load_address>0x9c67</load_address>
         <run_address>0x9c67</run_address>
         <size>0x178</size>
         <input_file_ref idref="fl-7e"/>
      </object_component>
      <object_component id="oc-871">
         <name>.debug_info</name>
         <load_address>0x9ddf</load_address>
         <run_address>0x9ddf</run_address>
         <size>0x267</size>
         <input_file_ref idref="fl-7e"/>
      </object_component>
      <object_component id="oc-7c8">
         <name>.debug_info</name>
         <load_address>0xa046</load_address>
         <run_address>0xa046</run_address>
         <size>0x192</size>
         <input_file_ref idref="fl-7f"/>
      </object_component>
      <object_component id="oc-772">
         <name>.debug_info</name>
         <load_address>0xa1d8</load_address>
         <run_address>0xa1d8</run_address>
         <size>0x197</size>
         <input_file_ref idref="fl-7f"/>
      </object_component>
      <object_component id="oc-7c3">
         <name>.debug_info</name>
         <load_address>0xa36f</load_address>
         <run_address>0xa36f</run_address>
         <size>0x39</size>
         <input_file_ref idref="fl-7f"/>
      </object_component>
      <object_component id="oc-8ef">
         <name>.debug_info</name>
         <load_address>0xa3a8</load_address>
         <run_address>0xa3a8</run_address>
         <size>0x300</size>
         <input_file_ref idref="fl-80"/>
      </object_component>
      <object_component id="oc-877">
         <name>.debug_info</name>
         <load_address>0xa6a8</load_address>
         <run_address>0xa6a8</run_address>
         <size>0x114</size>
         <input_file_ref idref="fl-80"/>
      </object_component>
      <object_component id="oc-7c0">
         <name>.debug_info</name>
         <load_address>0xa7bc</load_address>
         <run_address>0xa7bc</run_address>
         <size>0x1b6</size>
         <input_file_ref idref="fl-80"/>
      </object_component>
      <object_component id="oc-918">
         <name>.debug_info</name>
         <load_address>0xa972</load_address>
         <run_address>0xa972</run_address>
         <size>0x2c</size>
         <input_file_ref idref="fl-80"/>
      </object_component>
      <object_component id="oc-91d">
         <name>.debug_info</name>
[...]
      </symbol>
      <symbol id="sm-677">
         <name>main</name>
         <value>0x1083e</value>
         <object_component_ref idref="oc-6a9"/>
      </symbol>
      <symbol id="sm-678">
         <name>startUp</name>
         <value>0x1cbe</value>
         <object_component_ref idref="oc-6d6"/>
      </symbol>
      <symbol id="sm-679">
         <name>somethingInteresting</name>
         <value>0x10ea8</value>
         <object_component_ref idref="oc-788"/>
      </symbol>
      <symbol id="sm-67a">
         <name>currTask</name>
         <value>0x1cc2</value>
         <object_component_ref idref="oc-6d6"/>
      </symbol>
      <symbol id="sm-68a">
         <name>returnValue</name>
         <value>0x1ca8</value>
         <object_component_ref idref="oc-7ee"/>
      </symbol>
      <symbol id="sm-68b">
         <name>mySMCLK</name>
         <value>0x1ca0</value>
         <object_component_ref idref="oc-7ee"/>
      </symbol>
      <symbol id="sm-68c">
         <name>myMCLK</name>
         <value>0x1ca4</value>
         <object_component_ref idref="oc-7ee"/>
      </symbol>
      <symbol id="sm-68d">
         <name>myACLK</name>
         <value>0x1c9c</value>
         <object_component_ref idref="oc-7ee"/>
      </symbol>
      <symbol id="sm-68e">
         <name>bReturn</name>
         <value>0x1ca9</value>
         <object_component_ref idref="oc-7ee"/>
      </symbol>
      <symbol id="sm-68f">
         <name>initClocks</name>
         <value>0x10a60</value>
         <object_component_ref idref="oc-796"/>
      </symbol>
      <symbol id="sm-698">
         <name>initGPIO</name>
         <value>0x111be</value>
         <object_component_ref idref="oc-790"/>
      </symbol>
      <symbol id="sm-6d6">
         <name>myLCD_displayNumber</name>
         <value>0x101e2</value>
         <object_component_ref idref="oc-7a2"/>
      </symbol>
      <symbol id="sm-6d7">
         <name>initParams</name>
         <value>0x1caa</value>
         <object_component_ref idref="oc-81c"/>
      </symbol>
      <symbol id="sm-6d8">
         <name>myLCD_showChar</name>
         <value>0x10000</value>
         <object_component_ref idref="oc-867"/>
      </symbol>
      <symbol id="sm-6d9">
         <name>alphabetBig</name>
         <value>0x483e</value>
         <object_component_ref idref="oc-8dc"/>
      </symbol>
      <symbol id="sm-6da">
         <name>SegmentLoc</name>
         <value>0x488e</value>
         <object_component_ref idref="oc-8d9"/>
      </symbol>
      <symbol id="sm-6db">
         <name>digit</name>
         <value>0x48a6</value>
         <object_component_ref idref="oc-8e5"/>
      </symbol>
      <symbol id="sm-6dc">
         <name>myLCD_init</name>
         <value>0x109c0</value>
         <object_component_ref idref="oc-79c"/>
      </symbol>
      <symbol id="sm-74d">
         <name>CS_setDCOFreq</name>
         <value>0x11430</value>
         <object_component_ref idref="oc-803"/>
      </symbol>
      <symbol id="sm-74e">
         <name>CS_getACLK</name>
         <value>0x1130a</value>
         <object_component_ref idref="oc-7e8"/>
      </symbol>
      <symbol id="sm-74f">
         <name>CS_turnOnLFXTWithTimeout</name>
         <value>0x10f66</value>
         <object_component_ref idref="oc-7fd"/>
      </symbol>
      <symbol id="sm-750">
         <name>CS_getMCLK</name>
         <value>0x113da</value>
         <object_component_ref idref="oc-7f7"/>
      </symbol>
      <symbol id="sm-751">
         <name>CS_setExternalClockSource</name>
         <value>0x11442</value>
         <object_component_ref idref="oc-7e2"/>
      </symbol>
      <symbol id="sm-752">
         <name>CS_getSMCLK</name>
         <value>0x11344</value>
         <object_component_ref idref="oc-7f1"/>
      </symbol>
      <symbol id="sm-753">
         <name>CS_initClockSignal</name>
         <value>0x10ddc</value>
         <object_component_ref idref="oc-809"/>
      </symbol>
      <symbol id="sm-770">
         <name>GPIO_setAsPeripheralModuleFunctionInputPin</name>
         <value>0x10c90</value>
         <object_component_ref idref="oc-7db"/>
      </symbol>
      <symbol id="sm-7ea">
         <name>LCD_C_on</name>
         <value>0x114b4</value>
         <object_component_ref idref="oc-85b"/>
      </symbol>
      <symbol id="sm-7eb">
         <name>LCD_C_selectDisplayMemory</name>
         <value>0x11392</value>
         <object_component_ref idref="oc-84f"/>
      </symbol>
      <symbol id="sm-7ec">
         <name>LCD_C_setVLCDSource</name>
         <value>0x1106c</value>
         <object_component_ref idref="oc-825"/>
      </symbol>
      <symbol id="sm-7ed">
         <name>LCD_C_off</name>
         <value>0x114ae</value>
         <object_component_ref idref="oc-810"/>
      </symbol>
      <symbol id="sm-7ee">
         <name>LCD_C_setVLCDVoltage</name>
         <value>0x11378</value>
         <object_component_ref idref="oc-82b"/>
      </symbol>
      <symbol id="sm-7ef">
         <name>LCD_C_enableChargePump</name>
         <value>0x11466</value>
         <object_component_ref idref="oc-831"/>
      </symbol>
      <symbol id="sm-7f0">
         <name>LCD_C_setPinAsLCDFunctionEx</name>
         <value>0x10afe</value>
         <object_component_ref idref="oc-816"/>
      </symbol>
      <symbol id="sm-7f1">
         <name>LCD_C_clearBlinkingMemory</name>
         <value>0x11482</value>
         <object_component_ref idref="oc-849"/>
      </symbol>
      <symbol id="sm-7f2">
         <name>LCD_C_init</name>
         <value>0x11260</value>
         <object_component_ref idref="oc-81f"/>
      </symbol>
      <symbol id="sm-7f3">
         <name>LCD_C_clearMemory</name>
         <value>0x1148e</value>
         <object_component_ref idref="oc-843"/>
      </symbol>
      <symbol id="sm-7f4">
         <name>LCD_C_configChargePump</name>
         <value>0x1128e</value>
         <object_component_ref idref="oc-83d"/>
      </symbol>
      <symbol id="sm-7f5">
         <name>LCD_C_setBlinkingControl</name>
         <value>0x11328</value>
         <object_component_ref idref="oc-855"/>
      </symbol>
      <symbol id="sm-7f6">
         <name>LCD_C_setMemory</name>
         <value>0x10d02</value>
         <object_component_ref idref="oc-8df"/>
      </symbol>
      <symbol id="sm-7f7">
         <name>LCD_C_selectChargePumpReference</name>
         <value>0x1135e</value>
         <object_component_ref idref="oc-837"/>
      </symbol>
      <symbol id="sm-81a">
         <name>__TI_decompress_none</name>
         <value>0x11454</value>
         <object_component_ref idref="oc-79"/>
      </symbol>
      <symbol id="sm-83c">
         <name>__TI_decompress_rle24</name>
         <value>0x114c0</value>
         <object_component_ref idref="oc-7f"/>
      </symbol>
      <symbol id="sm-83f">
         <name>__TI_int27</name>
         <value>0xffc6</value>
         <object_component_ref idref="oc-85"/>
      </symbol>
      <symbol id="sm-847">
         <name>__TI_ISR_TRAP</name>
         <value>0x4836</value>
         <object_component_ref idref="oc-677"/>
      </symbol>
      <symbol id="sm-84a">
         <name>__TI_int28</name>
         <value>0xffc8</value>
         <object_component_ref idref="oc-86"/>
      </symbol>
      <symbol id="sm-84d">
         <name>__TI_int29</name>
         <value>0xffca</value>
         <object_component_ref idref="oc-87"/>
      </symbol>
      <symbol id="sm-850">
         <name>__TI_int30</name>
         <value>0xffcc</value>
         <object_component_ref idref="oc-88"/>
      </symbol>
      <symbol id="sm-853">
         <name>__TI_int31</name>
         <value>0xffce</value>
         <object_component_ref idref="oc-89"/>
      </symbol>
      <symbol id="sm-856">
         <name>__TI_int32</name>
         <value>0xffd0</value>
         <object_component_ref idref="oc-8a"/>
      </symbol>
      <symbol id="sm-859">
         <name>__TI_int33</name>
         <value>0xffd2</value>
         <object_component_ref idref="oc-8b"/>
      </symbol>
      <symbol id="sm-85c">
         <name>__TI_int34</name>
         <value>0xffd4</value>
         <object_component_ref idref="oc-8c"/>
      </symbol>
      <symbol id="sm-85f">
         <name>__TI_int35</name>
         <value>0xffd6</value>
         <object_component_ref idref="oc-8d"/>
      </symbol>
      <symbol id="sm-862">
         <name>__TI_int36</name>
         <value>0xffd8</value>
         <object_component_ref idref="oc-8e"/>
      </symbol>
      <symbol id="sm-865">
         <name>__TI_int37</name>
         <value>0xffda</value>
         <object_component_ref idref="oc-8f"/>
      </symbol>
      <symbol id="sm-868">
         <name>__TI_int38</name>
         <value>0xffdc</value>
         <object_component_ref idref="oc-90"/>
      </symbol>
      <symbol id="sm-86b">
         <name>__TI_int39</name>
         <value>0xffde</value>
         <object_component_ref idref="oc-91"/>
      </symbol>
      <symbol id="sm-86e">
         <name>__TI_int40</name>
         <value>0xffe0</value>
         <object_component_ref idref="oc-92"/>
      </symbol>
      <symbol id="sm-871">
         <name>__TI_int41</name>
         <value>0xffe2</value>
         <object_component_ref idref="oc-93"/>
      </symbol>
      <symbol id="sm-874">
         <name>__TI_int42</name>
         <value>0xffe4</value>
         <object_component_ref idref="oc-94"/>
      </symbol>
      <symbol id="sm-877">
         <name>__TI_int43</name>
         <value>0xffe6</value>
         <object_component_ref idref="oc-95"/>
      </symbol>
      <symbol id="sm-87a">
         <name>__TI_int45</name>
         <value>0xffea</value>
         <object_component_ref idref="oc-97"/>
      </symbol>
      <symbol id="sm-87d">
         <name>__TI_int46</name>
         <value>0xffec</value>
         <object_component_ref idref="oc-98"/>
      </symbol>
      <symbol id="sm-880">
         <name>__TI_int47</name>
         <value>0xffee</value>
         <object_component_ref idref="oc-99"/>
      </symbol>
      <symbol id="sm-883">
         <name>__TI_int48</name>
         <value>0xfff0</value>
         <object_component_ref idref="oc-9a"/>
      </symbol>
      <symbol id="sm-886">
         <name>__TI_int49</name>
         <value>0xfff2</value>
         <object_component_ref idref="oc-9b"/>
      </symbol>
      <symbol id="sm-889">
         <name>__TI_int50</name>
         <value>0xfff4</value>
         <object_component_ref idref="oc-9c"/>
      </symbol>
      <symbol id="sm-88c">
         <name>__TI_int51</name>
         <value>0xfff6</value>
         <object_component_ref idref="oc-9d"/>
      </symbol>
      <symbol id="sm-88f">
         <name>__TI_int52</name>
         <value>0xfff8</value>
         <object_component_ref idref="oc-9e"/>
      </symbol>
      <symbol id="sm-892">
         <name>__TI_int53</name>
         <value>0xfffa</value>
         <object_component_ref idref="oc-9f"/>
      </symbol>
      <symbol id="sm-895">
         <name>__TI_int54</name>
         <value>0xfffc</value>
         <object_component_ref idref="oc-a0"/>
      </symbol>
      <symbol id="sm-8a2">
         <name>__mspabi_remi</name>
         <value>0x112ba</value>
         <object_component_ref idref="oc-783"/>
      </symbol>
      <symbol id="sm-8a3">
         <name>__mspabi_divi</name>
         <value>0x112ba</value>
         <object_component_ref idref="oc-783"/>
      </symbol>
      <symbol id="sm-8af">
         <name>__mspabi_remli</name>
         <value>0x11140</value>
         <object_component_ref idref="oc-8fc"/>
      </symbol>
      <symbol id="sm-8b0">
         <name>__mspabi_divli</name>
         <value>0x11140</value>
         <object_component_ref idref="oc-8fc"/>
      </symbol>
      <symbol id="sm-8ba">
         <name>__mspabi_remu</name>
         <value>0x113f0</value>
         <object_component_ref idref="oc-7d4"/>
      </symbol>
      <symbol id="sm-8bb">
         <name>__mspabi_divu</name>
         <value>0x113f0</value>
         <object_component_ref idref="oc-7d4"/>
      </symbol>
      <symbol id="sm-8c9">
         <name>__mspabi_remul</name>
         <value>0x10fbe</value>
         <object_component_ref idref="oc-862"/>
      </symbol>
      <symbol id="sm-8ca">
         <name>__mspabi_divul</name>
         <value>0x10fbe</value>
         <object_component_ref idref="oc-862"/>
      </symbol>
      <symbol id="sm-8d3">
         <name>__mspabi_mpyi_f5hw</name>
         <value>0x113c2</value>
         <object_component_ref idref="oc-710"/>
      </symbol>
      <symbol id="sm-8db">
         <name>__mspabi_mpyl_f5hw</name>
         <value>0x112e6</value>
         <object_component_ref idref="oc-7ce"/>
      </symbol>
      <symbol id="sm-8e7">
         <name>__mspabi_slli</name>
         <value>0x1149a</value>
         <object_component_ref idref="oc-8bf"/>
      </symbol>
      <symbol id="sm-8f1">
         <name>__mspabi_srli</name>
         <value>0x114a4</value>
         <object_component_ref idref="oc-8b4"/>
      </symbol>
      <symbol id="sm-8f9">
         <name>_stack</name>
         <value>0x2360</value>
         <object_component_ref idref="oc-659"/>
      </symbol>
      <symbol id="sm-8fa">
         <name>_reset_vector</name>
         <value>0xfffe</value>
         <object_component_ref idref="oc-65c"/>
      </symbol>
      <symbol id="sm-91d">
         <name>_auto_init_hold_wdt</name>
         <value>0x10c0e</value>
         <object_component_ref idref="oc-68f"/>
      </symbol>
      <symbol id="sm-927">
         <name>_c_int00_noargs_noexit</name>
         <value>0x481c</value>
         <object_component_ref idref="oc-bf"/>
      </symbol>
      <symbol id="sm-931">
         <name>_setjmp</name>
         <value>0x10f08</value>
         <object_component_ref idref="oc-70a"/>
      </symbol>
      <symbol id="sm-932">
         <name>setjmp</name>
         <value>0x10f08</value>
         <object_component_ref idref="oc-70a"/>
      </symbol>
      <symbol id="sm-933">
         <name>longjmp</name>
         <value>0x10f38</value>
         <object_component_ref idref="oc-70a"/>
      </symbol>
      <symbol id="sm-93c">
         <name>_system_post_cinit</name>
         <value>0x114cc</value>
         <object_component_ref idref="oc-6e3"/>
      </symbol>
      <symbol id="sm-945">
         <name>_system_pre_init</name>
         <value>0x114c6</value>
         <object_component_ref idref="oc-689"/>
      </symbol>
      <symbol id="sm-94f">
         <name>C$$EXIT</name>
         <value>0x114ba</value>
         <object_component_ref idref="oc-6b1"/>
      </symbol>
      <symbol id="sm-950">
         <name>abort</name>
         <value>0x114ba</value>
         <object_component_ref idref="oc-6b1"/>
      </symbol>
      <symbol id="sm-967">
         <name>_nop</name>
         <value>0x114ca</value>
         <object_component_ref idref="oc-74a"/>
      </symbol>
      <symbol id="sm-968">
         <name>_lock</name>
         <value>0x1cc4</value>
         <object_component_ref idref="oc-6f5"/>
      </symbol>
      <symbol id="sm-969">
         <name>_unlock</name>
         <value>0x1cc8</value>
         <object_component_ref idref="oc-6fe"/>
      </symbol>
      <symbol id="sm-97f">
         <name>copy_in</name>
         <value>0x10e42</value>
         <object_component_ref idref="oc-6dd"/>
      </symbol>
      <symbol id="sm-98d">
         <name>memcpy</name>
         <value>0x1141c</value>
         <object_component_ref idref="oc-65d"/>
      </symbol>
      <symbol id="sm-9a6">
         <name>rand</name>
         <value>0x11100</value>
         <object_component_ref idref="oc-77d"/>
      </symbol>
      <symbol id="sm-9a7">
         <name>srand</name>
         <value>0x11406</value>
         <object_component_ref idref="oc-777"/>
      </symbol>
      <symbol id="sm-9b5">
         <name>strlen</name>
         <value>0x11474</value>
         <object_component_ref idref="oc-86f"/>
      </symbol>
      <symbol id="sm-9c7">
         <name>__time32</name>
         <value>0x113aa</value>
         <object_component_ref idref="oc-771"/>
      </symbol>
      <symbol id="sm-9c8">
         <name>time</name>
         <value>0x113aa</value>
         <object_component_ref idref="oc-771"/>
      </symbol>
      <symbol id="sm-9e9">
         <name>HOSTtime</name>
         <value>0x11016</value>
         <object_component_ref idref="oc-7bc"/>
      </symbol>
      <symbol id="sm-a07">
         <name>__TI_readmsg</name>
         <value>0x1122e</value>
         <object_component_ref idref="oc-87f"/>
      </symbol>
      <symbol id="sm-a08">
         <name>C$$IO$$</name>
         <value>0x1122a</value>
         <object_component_ref idref="oc-879"/>
      </symbol>
      <symbol id="sm-a09">
         <name>_CIOBUF_</name>
         <value>0x4400</value>
         <object_component_ref idref="oc-8f0"/>
      </symbol>
      <symbol id="sm-a0a">
         <name>__TI_writemsg</name>
         <value>0x111f8</value>
         <object_component_ref idref="oc-879"/>
      </symbol>
      <symbol id="sm-a12">
         <name>__mspabi_slll_9</name>
         <value>0x11198</value>
         <object_component_ref idref="oc-885"/>
      </symbol>
      <symbol id="sm-a13">
         <name>__mspabi_slll_8</name>
         <value>0x1119c</value>
         <object_component_ref idref="oc-885"/>
      </symbol>
      <symbol id="sm-a14">
         <name>__mspabi_slll_7</name>
         <value>0x111a0</value>
         <object_component_ref idref="oc-885"/>
      </symbol>
      <symbol id="sm-a15">
         <name>__mspabi_slll_6</name>
         <value>0x111a4</value>
         <object_component_ref idref="oc-885"/>
      </symbol>
      <symbol id="sm-a16">
         <name>__mspabi_slll_5</name>
         <value>0x111a8</value>
         <object_component_ref idref="oc-885"/>
      </symbol>
      <symbol id="sm-a17">
         <name>__mspabi_slll_4</name>
         <value>0x111ac</value>
         <object_component_ref idref="oc-885"/>
      </symbol>
      <symbol id="sm-a18">
         <name>__mspabi_slll_3</name>
         <value>0x111b0</value>
         <object_component_ref idref="oc-885"/>
      </symbol>
      <symbol id="sm-a19">
         <name>__mspabi_slll_2</name>
         <value>0x111b4</value>
         <object_component_ref idref="oc-885"/>
      </symbol>
      <symbol id="sm-a1a">
         <name>__mspabi_slll_1</name>
         <value>0x111b8</value>
         <object_component_ref idref="oc-885"/>
      </symbol>
      <symbol id="sm-a1b">
         <name>__mspabi_slll_15</name>
         <value>0x11180</value>
         <object_component_ref idref="oc-885"/>
      </symbol>
      <symbol id="sm-a1c">
         <name>__mspabi_slll_14</name>
         <value>0x11184</value>
         <object_component_ref idref="oc-885"/>
      </symbol>
      <symbol id="sm-a1d">
         <name>__mspabi_slll_13</name>
         <value>0x11188</value>
         <object_component_ref idref="oc-885"/>
      </symbol>
      <symbol id="sm-a1e">
         <name>__mspabi_slll_12</name>
         <value>0x1118c</value>
         <object_component_ref idref="oc-885"/>
      </symbol>
      <symbol id="sm-a1f">
         <name>__mspabi_slll_11</name>
         <value>0x11190</value>
         <object_component_ref idref="oc-885"/>
      </symbol>
      <symbol id="sm-a20">
         <name>__mspabi_slll_10</name>
         <value>0x11194</value>
         <object_component_ref idref="oc-885"/>
      </symbol>
      <symbol id="sm-a27">
         <name>__TI_BINIT_Base</name>
         <value>0x0</value>
      </symbol>
      <symbol id="sm-a28">
         <name>__TI_BINIT_Limit</name>
         <value>0x0</value>
      </symbol>
      <symbol id="sm-a29">
         <name>__TI_INITARRAY_Base</name>
         <value>0x0</value>
      </symbol>
      <symbol id="sm-a2a">
         <name>__TI_INITARRAY_Limit</name>
         <value>0x0</value>
      </symbol>
   </symbol_table>
   <title>Link successful</title>
</link_info>
