<?xml version="1.0"?>
<link_info>
   <banner>MSP430 Linker PC v15.12.1.LTS</banner>
   <copyright>Copyright (c) 2003-2015 Texas Instruments Incorporated</copyright>
   <link_time>0x5e825f9d</link_time>
   <link_errors>0x0</link_errors>
   <output_file>PMOS_Proj_Lab5.out</output_file>
   <entry_point>
      <name>_c_int00_noargs</name>
      <address>0x4800</address>
   </entry_point>
   <input_file_list>
      <input_file id="fl-2">
         <path>.\</path>
         <kind>object</kind>
         <file>Task2.obj</file>
         <name>Task2.obj</name>
      </input_file>
      <input_file id="fl-3">
         <path>.\</path>
         <kind>object</kind>
         <file>main.obj</file>
         <name>main.obj</name>
      </input_file>
      <input_file id="fl-4">
         <path>.\</path>
         <kind>object</kind>
         <file>myClocksWithCrystals.obj</file>
         <name>myClocksWithCrystals.obj</name>
      </input_file>
      <input_file id="fl-5">
         <path>.\</path>
         <kind>object</kind>
         <file>myGpio.obj</file>
         <name>myGpio.obj</name>
      </input_file>
      <input_file id="fl-6">
         <path>.\</path>
         <kind>object</kind>
         <file>myLcd.obj</file>
         <name>myLcd.obj</name>
      </input_file>
      <input_file id="fl-7">
         <path>.\driverlib\MSP430FR5xx_6xx\</path>
         <kind>object</kind>
         <file>adc12_b.obj</file>
         <name>adc12_b.obj</name>
      </input_file>
      <input_file id="fl-8">
         <path>.\driverlib\MSP430FR5xx_6xx\</path>
         <kind>object</kind>
         <file>aes256.obj</file>
         <name>aes256.obj</name>
      </input_file>
      <input_file id="fl-9">
         <path>.\driverlib\MSP430FR5xx_6xx\</path>
         <kind>object</kind>
         <file>comp_e.obj</file>
         <name>comp_e.obj</name>
      </input_file>
      <input_file id="fl-a">
         <path>.\driverlib\MSP430FR5xx_6xx\</path>
         <kind>object</kind>
         <file>crc.obj</file>
         <name>crc.obj</name>
      </input_file>
      <input_file id="fl-b">
         <path>.\driverlib\MSP430FR5xx_6xx\</path>
         <kind>object</kind>
         <file>crc32.obj</file>
         <name>crc32.obj</name>
      </input_file>
      <input_file id="fl-c">
         <path>.\driverlib\MSP430FR5xx_6xx\</path>
         <kind>object</kind>
         <file>cs.obj</file>
         <name>cs.obj</name>
      </input_file>
      <input_file id="fl-d">
         <path>.\driverlib\MSP430FR5xx_6xx\</path>
         <kind>object</kind>
         <file>dma.obj</file>
         <name>dma.obj</name>
      </input_file>
      <input_file id="fl-e">
         <path>.\driverlib\MSP430FR5xx_6xx\</path>
         <kind>object</kind>
         <file>esi.obj</file>
         <name>esi.obj</name>
      </input_file>
      <input_file id="fl-f">
         <path>.\driverlib\MSP430FR5xx_6xx\</path>
         <kind>object</kind>
         <file>eusci_a_spi.obj</file>
         <name>eusci_a_spi.obj</name>
      </input_file>
      <input_file id="fl-10">
         <path>.\driverlib\MSP430FR5xx_6xx\</path>
         <kind>object</kind>
         <file>eusci_a_uart.obj</file>
         <name>eusci_a_uart.obj</name>
      </input_file>
      <input_file id="fl-11">
         <path>.\driverlib\MSP430FR5xx_6xx\</path>
         <kind>object</kind>
         <file>eusci_b_i2c.obj</file>
         <name>eusci_b_i2c.obj</name>
      </input_file>
      <input_file id="fl-12">
         <path>.\driverlib\MSP430FR5xx_6xx\</path>
         <kind>object</kind>
         <file>eusci_b_spi.obj</file>
         <name>eusci_b_spi.obj</name>
      </input_file>
      <input_file id="fl-13">
         <path>.\driverlib\MSP430FR5xx_6xx\</path>
         <kind>object</kind>
         <file>framctl.obj</file>
         <name>framctl.obj</name>
      </input_file>
      <input_file id="fl-14">
         <path>.\driverlib\MSP430FR5xx_6xx\</path>
         <kind>object</kind>
         <file>gpio.obj</file>
         <name>gpio.obj</name>
      </input_file>
      <input_file id="fl-15">
         <path>.\driverlib\MSP430FR5xx_6xx\</path>
         <kind>object</kind>
         <file>lcd_c.obj</file>
         <name>lcd_c.obj</name>
      </input_file>
      <input_file id="fl-16">
         <path>.\driverlib\MSP430FR5xx_6xx\</path>
         <kind>object</kind>
         <file>mpu.obj</file>
         <name>mpu.obj</name>
      </input_file>
      <input_file id="fl-17">
         <path>.\driverlib\MSP430FR5xx_6xx\</path>
         <kind>object</kind>
         <file>mpy32.obj</file>
         <name>mpy32.obj</name>
      </input_file>
      <input_file id="fl-18">
         <path>.\driverlib\MSP430FR5xx_6xx\</path>
         <kind>object</kind>
         <file>pmm.obj</file>
         <name>pmm.obj</name>
      </input_file>
      <input_file id="fl-19">
         <path>.\driverlib\MSP430FR5xx_6xx\</path>
         <kind>object</kind>
         <file>ram.obj</file>
         <name>ram.obj</name>
      </input_file>
      <input_file id="fl-1a">
         <path>.\driverlib\MSP430FR5xx_6xx\</path>
         <kind>object</kind>
         <file>ref_a.obj</file>
         <name>ref_a.obj</name>
      </input_file>
      <input_file id="fl-1b">
         <path>.\driverlib\MSP430FR5xx_6xx\</path>
         <kind>object</kind>
         <file>rtc_b.obj</file>
         <name>rtc_b.obj</name>
      </input_file>
      <input_file id="fl-1c">
         <path>.\driverlib\MSP430FR5xx_6xx\</path>
         <kind>object</kind>
         <file>rtc_c.obj</file>
         <name>rtc_c.obj</name>
      </input_file>
      <input_file id="fl-1d">
         <path>.\driverlib\MSP430FR5xx_6xx\</path>
         <kind>object</kind>
         <file>sfr.obj</file>
         <name>sfr.obj</name>
      </input_file>
      <input_file id="fl-1e">
         <path>.\driverlib\MSP430FR5xx_6xx\</path>
         <kind>object</kind>
         <file>sysctl.obj</file>
         <name>sysctl.obj</name>
      </input_file>
      <input_file id="fl-1f">
         <path>.\driverlib\MSP430FR5xx_6xx\</path>
         <kind>object</kind>
         <file>timer_a.obj</file>
         <name>timer_a.obj</name>
      </input_file>
      <input_file id="fl-20">
         <path>.\driverlib\MSP430FR5xx_6xx\</path>
         <kind>object</kind>
         <file>timer_b.obj</file>
         <name>timer_b.obj</name>
      </input_file>
      <input_file id="fl-21">
         <path>.\driverlib\MSP430FR5xx_6xx\</path>
         <kind>object</kind>
         <file>tlv.obj</file>
         <name>tlv.obj</name>
      </input_file>
      <input_file id="fl-22">
         <path>.\driverlib\MSP430FR5xx_6xx\</path>
         <kind>object</kind>
         <file>wdt_a.obj</file>
         <name>wdt_a.obj</name>
      </input_file>
      <input_file id="fl-43">
         <path>C:\ti\ccsv6\tools\compiler\ti-cgt-msp430_15.12.1.LTS\lib\</path>
         <kind>archive</kind>
         <file>rts430x_lc_rd_eabi.lib</file>
         <name>copy_decompress_none.obj</name>
      </input_file>
      <input_file id="fl-44">
         <path>C:\ti\ccsv6\tools\compiler\ti-cgt-msp430_15.12.1.LTS\lib\</path>
         <kind>archive</kind>
         <file>rts430x_lc_rd_eabi.lib</file>
         <name>copy_decompress_rle.obj</name>
      </input_file>
      <input_file id="fl-45">
         <path>C:\ti\ccsv6\tools\compiler\ti-cgt-msp430_15.12.1.LTS\lib\</path>
         <kind>archive</kind>
         <file>rts430x_lc_rd_eabi.lib</file>
         <name>int27.obj</name>
      </input_file>
      <input_file id="fl-46">
         <path>C:\ti\ccsv6\tools\compiler\ti-cgt-msp430_15.12.1.LTS\lib\</path>
         <kind>archive</kind>
         <file>rts430x_lc_rd_eabi.lib</file>
         <name>isr_trap.obj</name>
      </input_file>
      <input_file id="fl-47">
         <path>C:\ti\ccsv6\tools\compiler\ti-cgt-msp430_15.12.1.LTS\lib\</path>
         <kind>archive</kind>
         <file>rts430x_lc_rd_eabi.lib</file>
         <name>int28.obj</name>
      </input_file>
      <input_file id="fl-48">
         <path>C:\ti\ccsv6\tools\compiler\ti-cgt-msp430_15.12.1.LTS\lib\</path>
         <kind>archive</kind>
         <file>rts430x_lc_rd_eabi.lib</file>
         <name>int29.obj</name>
      </input_file>
      <input_file id="fl-49">
         <path>C:\ti\ccsv6\tools\compiler\ti-cgt-msp430_15.12.1.LTS\lib\</path>
         <kind>archive</kind>
         <file>rts430x_lc_rd_eabi.lib</file>
         <name>int30.obj</name>
      </input_file>
      <input_file id="fl-4a">
         <path>C:\ti\ccsv6\tools\compiler\ti-cgt-msp430_15.12.1.LTS\lib\</path>
         <kind>archive</kind>
         <file>rts430x_lc_rd_eabi.lib</file>
         <name>int31.obj</name>
      </input_file>
      <input_file id="fl-4b">
         <path>C:\ti\ccsv6\tools\compiler\ti-cgt-msp430_15.12.1.LTS\lib\</path>
         <kind>archive</kind>
         <file>rts430x_lc_rd_eabi.lib</file>
         <name>int32.obj</name>
      </input_file>
      <input_file id="fl-4c">
         <path>C:\ti\ccsv6\tools\compiler\ti-cgt-msp430_15.12.1.LTS\lib\</path>
         <kind>archive</kind>
         <file>rts430x_lc_rd_eabi.lib</file>
         <name>int33.obj</name>
      </input_file>
      <input_file id="fl-4d">
         <path>C:\ti\ccsv6\tools\compiler\ti-cgt-msp430_15.12.1.LTS\lib\</path>
         <kind>archive</kind>
         <file>rts430x_lc_rd_eabi.lib</file>
         <name>int34.obj</name>
      </input_file>
      <input_file id="fl-4e">
         <path>C:\ti\ccsv6\tools\compiler\ti-cgt-msp430_15.12.1.LTS\lib\</path>
         <kind>archive</kind>
         <file>rts430x_lc_rd_eabi.lib</file>
         <name>int35.obj</name>
      </input_file>
      <input_file id="fl-4f">
         <path>C:\ti\ccsv6\tools\compiler\ti-cgt-msp430_15.12.1.LTS\lib\</path>
         <kind>archive</kind>
         <file>rts430x_lc_rd_eabi.lib</file>
         <name>int36.obj</name>
      </input_file>
      <input_file id="fl-50">
         <path>C:\ti\ccsv6\tools\compiler\ti-cgt-msp430_15.12.1.LTS\lib\</path>
         <kind>archive</kind>
         <file>rts430x_lc_rd_eabi.lib</file>
         <name>int37.obj</name>
      </input_file>
      <input_file id="fl-51">
         <path>C:\ti\ccsv6\tools\compiler\ti-cgt-msp430_15.12.1.LTS\lib\</path>
         <kind>archive</kind>
         <file>rts430x_lc_rd_eabi.lib</file>
         <name>int38.obj</name>
      </input_file>
      <input_file id="fl-52">
         <path>C:\ti\ccsv6\tools\compiler\ti-cgt-msp430_15.12.1.LTS\lib\</path>
         <kind>archive</kind>
         <file>rts430x_lc_rd_eabi.lib</file>
         <name>int39.obj</name>
      </input_file>
      <input_file id="fl-53">
         <path>C:\ti\ccsv6\tools\compiler\ti-cgt-msp430_15.12.1.LTS\lib\</path>
         <kind>archive</kind>
         <file>rts430x_lc_rd_eabi.lib</file>
         <name>int40.obj</name>
      </input_file>
      <input_file id="fl-54">
         <path>C:\ti\ccsv6\tools\compiler\ti-cgt-msp430_15.12.1.LTS\lib\</path>
         <kind>archive</kind>
         <file>rts430x_lc_rd_eabi.lib</file>
         <name>int41.obj</name>
      </input_file>
      <input_file id="fl-55">
         <path>C:\ti\ccsv6\tools\compiler\ti-cgt-msp430_15.12.1.LTS\lib\</path>
         <kind>archive</kind>
         <file>rts430x_lc_rd_eabi.lib</file>
         <name>int42.obj</name>
      </input_file>
      <input_file id="fl-56">
         <path>C:\ti\ccsv6\tools\compiler\ti-cgt-msp430_15.12.1.LTS\lib\</path>
         <kind>archive</kind>
         <file>rts430x_lc_rd_eabi.lib</file>
         <name>int43.obj</name>
      </input_file>
      <input_file id="fl-57">
         <path>C:\ti\ccsv6\tools\compiler\ti-cgt-msp430_15.12.1.LTS\lib\</path>
         <kind>archive</kind>
         <file>rts430x_lc_rd_eabi.lib</file>
         <name>int44.obj</name>
      </input_file>
      <input_file id="fl-58">
         <path>C:\ti\ccsv6\tools\compiler\ti-cgt-msp430_15.12.1.LTS\lib\</path>
         <kind>archive</kind>
         <file>rts430x_lc_rd_eabi.lib</file>
         <name>int45.obj</name>
      </input_file>
      <input_file id="fl-59">
         <path>C:\ti\ccsv6\tools\compiler\ti-cgt-msp430_15.12.1.LTS\lib\</path>
         <kind>archive</kind>
         <file>rts430x_lc_rd_eabi.lib</file>
         <name>int46.obj</name>
      </input_file>
      <input_file id="fl-5a">
         <path>C:\ti\ccsv6\tools\compiler\ti-cgt-msp430_15.12.1.LTS\lib\</path>
         <kind>archive</kind>
         <file>rts430x_lc_rd_eabi.lib</file>
         <name>int47.obj</name>
      </input_file>
      <input_file id="fl-5b">
         <path>C:\ti\ccsv6\tools\compiler\ti-cgt-msp430_15.12.1.LTS\lib\</path>
         <kind>archive</kind>
         <file>rts430x_lc_rd_eabi.lib</file>
         <name>int48.obj</name>
      </input_file>
      <input_file id="fl-5c">
         <path>C:\ti\ccsv6\tools\compiler\ti-cgt-msp430_15.12.1.LTS\lib\</path>
         <kind>archive</kind>
         <file>rts430x_lc_rd_eabi.lib</file>
         <name>int49.obj</name>
      </input_file>
      <input_file id="fl-5d">
         <path>C:\ti\ccsv6\tools\compiler\ti-cgt-msp430_15.12.1.LTS\lib\</path>
         <kind>archive</kind>
         <file>rts430x_lc_rd_eabi.lib</file>
         <name>int50.obj</name>
      </input_file>
      <input_file id="fl-5e">
         <path>C:\ti\ccsv6\tools\compiler\ti-cgt-msp430_15.12.1.LTS\lib\</path>
         <kind>archive</kind>
         <file>rts430x_lc_rd_eabi.lib</file>
         <name>int51.obj</name>
      </input_file>
      <input_file id="fl-5f">
         <path>C:\ti\ccsv6\tools\compiler\ti-cgt-msp430_15.12.1.LTS\lib\</path>
         <kind>archive</kind>
         <file>rts430x_lc_rd_eabi.lib</file>
         <name>int52.obj</name>
      </input_file>
      <input_file id="fl-60">
         <path>C:\ti\ccsv6\tools\compiler\ti-cgt-msp430_15.12.1.LTS\lib\</path>
         <kind>archive</kind>
         <file>rts430x_lc_rd_eabi.lib</file>
         <name>int53.obj</name>
      </input_file>
      <input_file id="fl-61">
         <path>C:\ti\ccsv6\tools\compiler\ti-cgt-msp430_15.12.1.LTS\lib\</path>
         <kind>archive</kind>
         <file>rts430x_lc_rd_eabi.lib</file>
         <name>int54.obj</name>
      </input_file>
      <input_file id="fl-62">
         <path>C:\ti\ccsv6\tools\compiler\ti-cgt-msp430_15.12.1.LTS\lib\</path>
         <kind>archive</kind>
         <file>rts430x_lc_rd_eabi.lib</file>
         <name>copy_zero_init.obj</name>
      </input_file>
      <input_file id="fl-63">
         <path>C:\ti\ccsv6\tools\compiler\ti-cgt-msp430_15.12.1.LTS\lib\</path>
         <kind>archive</kind>
         <file>rts430x_lc_rd_eabi.lib</file>
         <name>div16s.obj</name>
      </input_file>
      <input_file id="fl-64">
         <path>C:\ti\ccsv6\tools\compiler\ti-cgt-msp430_15.12.1.LTS\lib\</path>
         <kind>archive</kind>
         <file>rts430x_lc_rd_eabi.lib</file>
         <name>div32s.obj</name>
      </input_file>
      <input_file id="fl-65">
         <path>C:\ti\ccsv6\tools\compiler\ti-cgt-msp430_15.12.1.LTS\lib\</path>
         <kind>archive</kind>
         <file>rts430x_lc_rd_eabi.lib</file>
         <name>div16u.obj</name>
      </input_file>
      <input_file id="fl-66">
         <path>C:\ti\ccsv6\tools\compiler\ti-cgt-msp430_15.12.1.LTS\lib\</path>
         <kind>archive</kind>
         <file>rts430x_lc_rd_eabi.lib</file>
         <name>div32u.obj</name>
      </input_file>
      <input_file id="fl-67">
         <path>C:\ti\ccsv6\tools\compiler\ti-cgt-msp430_15.12.1.LTS\lib\</path>
         <kind>archive</kind>
         <file>rts430x_lc_rd_eabi.lib</file>
         <name>mult16.obj</name>
      </input_file>
      <input_file id="fl-68">
         <path>C:\ti\ccsv6\tools\compiler\ti-cgt-msp430_15.12.1.LTS\lib\</path>
         <kind>archive</kind>
         <file>rts430x_lc_rd_eabi.lib</file>
         <name>mult16_f5hw.obj</name>
      </input_file>
      <input_file id="fl-69">
         <path>C:\ti\ccsv6\tools\compiler\ti-cgt-msp430_15.12.1.LTS\lib\</path>
         <kind>archive</kind>
         <file>rts430x_lc_rd_eabi.lib</file>
         <name>mult32_f5hw.obj</name>
      </input_file>
      <input_file id="fl-6a">
         <path>C:\ti\ccsv6\tools\compiler\ti-cgt-msp430_15.12.1.LTS\lib\</path>
         <kind>archive</kind>
         <file>rts430x_lc_rd_eabi.lib</file>
         <name>mult64_f5hw.obj</name>
      </input_file>
      <input_file id="fl-6b">
         <path>C:\ti\ccsv6\tools\compiler\ti-cgt-msp430_15.12.1.LTS\lib\</path>
         <kind>archive</kind>
         <file>rts430x_lc_rd_eabi.lib</file>
         <name>mult1632_f5hw.obj</name>
      </input_file>
      <input_file id="fl-6c">
         <path>C:\ti\ccsv6\tools\compiler\ti-cgt-msp430_15.12.1.LTS\lib\</path>
         <kind>archive</kind>
         <file>rts430x_lc_rd_eabi.lib</file>
         <name>mult3264_f5hw.obj</name>
      </input_file>
      <input_file id="fl-6d">
         <path>C:\ti\ccsv6\tools\compiler\ti-cgt-msp430_15.12.1.LTS\lib\</path>
         <kind>archive</kind>
         <file>rts430x_lc_rd_eabi.lib</file>
         <name>lsl16.obj</name>
      </input_file>
      <input_file id="fl-6e">
         <path>C:\ti\ccsv6\tools\compiler\ti-cgt-msp430_15.12.1.LTS\lib\</path>
         <kind>archive</kind>
         <file>rts430x_lc_rd_eabi.lib</file>
         <name>asr16.obj</name>
      </input_file>
      <input_file id="fl-6f">
         <path>C:\ti\ccsv6\tools\compiler\ti-cgt-msp430_15.12.1.LTS\lib\</path>
         <kind>archive</kind>
         <file>rts430x_lc_rd_eabi.lib</file>
         <name>lsr16.obj</name>
      </input_file>
      <input_file id="fl-70">
         <path>C:\ti\ccsv6\tools\compiler\ti-cgt-msp430_15.12.1.LTS\lib\</path>
         <kind>archive</kind>
         <file>rts430x_lc_rd_eabi.lib</file>
         <name>vla_alloc.obj</name>
      </input_file>
      <input_file id="fl-71">
         <path>C:\ti\ccsv6\tools\compiler\ti-cgt-msp430_15.12.1.LTS\lib\</path>
         <kind>archive</kind>
         <file>rts430x_lc_rd_eabi.lib</file>
         <name>error.obj</name>
      </input_file>
      <input_file id="fl-72">
         <path>C:\ti\ccsv6\tools\compiler\ti-cgt-msp430_15.12.1.LTS\lib\</path>
         <kind>archive</kind>
         <file>rts430x_lc_rd_eabi.lib</file>
         <name>boot.obj</name>
      </input_file>
      <input_file id="fl-73">
         <path>C:\ti\ccsv6\tools\compiler\ti-cgt-msp430_15.12.1.LTS\lib\</path>
         <kind>archive</kind>
         <file>rts430x_lc_rd_eabi.lib</file>
         <name>args_main.obj</name>
      </input_file>
      <input_file id="fl-74">
         <path>C:\ti\ccsv6\tools\compiler\ti-cgt-msp430_15.12.1.LTS\lib\</path>
         <kind>archive</kind>
         <file>rts430x_lc_rd_eabi.lib</file>
         <name>autoinit_wdt.obj</name>
      </input_file>
      <input_file id="fl-75">
         <path>C:\ti\ccsv6\tools\compiler\ti-cgt-msp430_15.12.1.LTS\lib\</path>
         <kind>archive</kind>
         <file>rts430x_lc_rd_eabi.lib</file>
         <name>boot_special.obj</name>
      </input_file>
      <input_file id="fl-76">
         <path>C:\ti\ccsv6\tools\compiler\ti-cgt-msp430_15.12.1.LTS\lib\</path>
         <kind>archive</kind>
         <file>rts430x_lc_rd_eabi.lib</file>
         <name>mpu_init.obj</name>
      </input_file>
      <input_file id="fl-77">
         <path>C:\ti\ccsv6\tools\compiler\ti-cgt-msp430_15.12.1.LTS\lib\</path>
         <kind>archive</kind>
         <file>rts430x_lc_rd_eabi.lib</file>
         <name>defs.obj</name>
      </input_file>
      <input_file id="fl-78">
         <path>C:\ti\ccsv6\tools\compiler\ti-cgt-msp430_15.12.1.LTS\lib\</path>
         <kind>archive</kind>
         <file>rts430x_lc_rd_eabi.lib</file>
         <name>startup.obj</name>
      </input_file>
      <input_file id="fl-79">
         <path>C:\ti\ccsv6\tools\compiler\ti-cgt-msp430_15.12.1.LTS\lib\</path>
         <kind>archive</kind>
         <file>rts430x_lc_rd_eabi.lib</file>
         <name>pre_init.obj</name>
      </input_file>
      <input_file id="fl-7a">
         <path>C:\ti\ccsv6\tools\compiler\ti-cgt-msp430_15.12.1.LTS\lib\</path>
         <kind>archive</kind>
         <file>rts430x_lc_rd_eabi.lib</file>
         <name>exit.obj</name>
      </input_file>
      <input_file id="fl-7b">
         <path>C:\ti\ccsv6\tools\compiler\ti-cgt-msp430_15.12.1.LTS\lib\</path>
         <kind>archive</kind>
         <file>rts430x_lc_rd_eabi.lib</file>
         <name>exit_gvars.obj</name>
      </input_file>
      <input_file id="fl-7c">
         <path>C:\ti\ccsv6\tools\compiler\ti-cgt-msp430_15.12.1.LTS\lib\</path>
         <kind>archive</kind>
         <file>rts430x_lc_rd_eabi.lib</file>
         <name>_lock.obj</name>
      </input_file>
      <input_file id="fl-7d">
         <path>C:\ti\ccsv6\tools\compiler\ti-cgt-msp430_15.12.1.LTS\lib\</path>
         <kind>archive</kind>
         <file>rts430x_lc_rd_eabi.lib</file>
         <name>cpy_tbl.obj</name>
      </input_file>
      <input_file id="fl-7e">
         <path>C:\ti\ccsv6\tools\compiler\ti-cgt-msp430_15.12.1.LTS\lib\</path>
         <kind>archive</kind>
         <file>rts430x_lc_rd_eabi.lib</file>
         <name>fprintf.obj</name>
      </input_file>
      <input_file id="fl-7f">
         <path>C:\ti\ccsv6\tools\compiler\ti-cgt-msp430_15.12.1.LTS\lib\</path>
         <kind>archive</kind>
         <file>rts430x_lc_rd_eabi.lib</file>
         <name>_printfi_min.obj</name>
      </input_file>
      <input_file id="fl-80">
         <path>C:\ti\ccsv6\tools\compiler\ti-cgt-msp430_15.12.1.LTS\lib\</path>
         <kind>archive</kind>
         <file>rts430x_lc_rd_eabi.lib</file>
         <name>lsr64.obj</name>
      </input_file>
      <input_file id="fl-81">
         <path>C:\ti\ccsv6\tools\compiler\ti-cgt-msp430_15.12.1.LTS\lib\</path>
         <kind>archive</kind>
         <file>rts430x_lc_rd_eabi.lib</file>
         <name>fputc.obj</name>
      </input_file>
      <input_file id="fl-82">
         <path>C:\ti\ccsv6\tools\compiler\ti-cgt-msp430_15.12.1.LTS\lib\</path>
         <kind>archive</kind>
         <file>rts430x_lc_rd_eabi.lib</file>
         <name>fflush.obj</name>
      </input_file>
      <input_file id="fl-83">
         <path>C:\ti\ccsv6\tools\compiler\ti-cgt-msp430_15.12.1.LTS\lib\</path>
         <kind>archive</kind>
         <file>rts430x_lc_rd_eabi.lib</file>
         <name>_io_perm.obj</name>
      </input_file>
      <input_file id="fl-84">
         <path>C:\ti\ccsv6\tools\compiler\ti-cgt-msp430_15.12.1.LTS\lib\</path>
         <kind>archive</kind>
         <file>rts430x_lc_rd_eabi.lib</file>
         <name>fputs.obj</name>
      </input_file>
      <input_file id="fl-85">
         <path>C:\ti\ccsv6\tools\compiler\ti-cgt-msp430_15.12.1.LTS\lib\</path>
         <kind>archive</kind>
         <file>rts430x_lc_rd_eabi.lib</file>
         <name>memory.obj</name>
      </input_file>
      <input_file id="fl-86">
         <path>C:\ti\ccsv6\tools\compiler\ti-cgt-msp430_15.12.1.LTS\lib\</path>
         <kind>archive</kind>
         <file>rts430x_lc_rd_eabi.lib</file>
         <name>fseek.obj</name>
      </input_file>
      <input_file id="fl-87">
         <path>C:\ti\ccsv6\tools\compiler\ti-cgt-msp430_15.12.1.LTS\lib\</path>
         <kind>archive</kind>
         <file>rts430x_lc_rd_eabi.lib</file>
         <name>lowlev.obj</name>
      </input_file>
      <input_file id="fl-88">
         <path>C:\ti\ccsv6\tools\compiler\ti-cgt-msp430_15.12.1.LTS\lib\</path>
         <kind>archive</kind>
         <file>rts430x_lc_rd_eabi.lib</file>
         <name>trgdrv.obj</name>
      </input_file>
      <input_file id="fl-89">
         <path>C:\ti\ccsv6\tools\compiler\ti-cgt-msp430_15.12.1.LTS\lib\</path>
         <kind>archive</kind>
         <file>rts430x_lc_rd_eabi.lib</file>
         <name>trgmsg.obj</name>
      </input_file>
      <input_file id="fl-8a">
         <path>C:\ti\ccsv6\tools\compiler\ti-cgt-msp430_15.12.1.LTS\lib\</path>
         <kind>archive</kind>
         <file>rts430x_lc_rd_eabi.lib</file>
         <name>lsl32.obj</name>
      </input_file>
      <input_file id="fl-8b">
         <path>C:\ti\ccsv6\tools\compiler\ti-cgt-msp430_15.12.1.LTS\lib\</path>
         <kind>archive</kind>
         <file>rts430x_lc_rd_eabi.lib</file>
         <name>asr32.obj</name>
      </input_file>
      <input_file id="fl-8c">
         <path>C:\ti\ccsv6\tools\compiler\ti-cgt-msp430_15.12.1.LTS\lib\</path>
         <kind>archive</kind>
         <file>rts430x_lc_rd_eabi.lib</file>
         <name>memccpy.obj</name>
      </input_file>
      <input_file id="fl-8d">
         <path>C:\ti\ccsv6\tools\compiler\ti-cgt-msp430_15.12.1.LTS\lib\</path>
         <kind>archive</kind>
         <file>rts430x_lc_rd_eabi.lib</file>
         <name>memchr.obj</name>
      </input_file>
      <input_file id="fl-8e">
         <path>C:\ti\ccsv6\tools\compiler\ti-cgt-msp430_15.12.1.LTS\lib\</path>
         <kind>archive</kind>
         <file>rts430x_lc_rd_eabi.lib</file>
         <name>memcpy.obj</name>
      </input_file>
      <input_file id="fl-8f">
         <path>C:\ti\ccsv6\tools\compiler\ti-cgt-msp430_15.12.1.LTS\lib\</path>
         <kind>archive</kind>
         <file>rts430x_lc_rd_eabi.lib</file>
         <name>memset.obj</name>
      </input_file>
      <input_file id="fl-90">
         <path>C:\ti\ccsv6\tools\compiler\ti-cgt-msp430_15.12.1.LTS\lib\</path>
         <kind>archive</kind>
         <file>rts430x_lc_rd_eabi.lib</file>
         <name>setvbuf.obj</name>
      </input_file>
      <input_file id="fl-91">
         <path>C:\ti\ccsv6\tools\compiler\ti-cgt-msp430_15.12.1.LTS\lib\</path>
         <kind>archive</kind>
         <file>rts430x_lc_rd_eabi.lib</file>
         <name>fopen.obj</name>
      </input_file>
      <input_file id="fl-92">
         <path>C:\ti\ccsv6\tools\compiler\ti-cgt-msp430_15.12.1.LTS\lib\</path>
         <kind>archive</kind>
         <file>rts430x_lc_rd_eabi.lib</file>
         <name>fclose.obj</name>
      </input_file>
      <input_file id="fl-93">
         <path>C:\ti\ccsv6\tools\compiler\ti-cgt-msp430_15.12.1.LTS\lib\</path>
         <kind>archive</kind>
         <file>rts430x_lc_rd_eabi.lib</file>
         <name>remove.obj</name>
      </input_file>
      <input_file id="fl-94">
         <path>C:\ti\ccsv6\tools\compiler\ti-cgt-msp430_15.12.1.LTS\lib\</path>
         <kind>archive</kind>
         <file>rts430x_lc_rd_eabi.lib</file>
         <name>strchr.obj</name>
      </input_file>
      <input_file id="fl-95">
         <path>C:\ti\ccsv6\tools\compiler\ti-cgt-msp430_15.12.1.LTS\lib\</path>
         <kind>archive</kind>
         <file>rts430x_lc_rd_eabi.lib</file>
         <name>strcmp.obj</name>
      </input_file>
      <input_file id="fl-96">
         <path>C:\ti\ccsv6\tools\compiler\ti-cgt-msp430_15.12.1.LTS\lib\</path>
         <kind>archive</kind>
         <file>rts430x_lc_rd_eabi.lib</file>
         <name>strcpy.obj</name>
      </input_file>
      <input_file id="fl-97">
         <path>C:\ti\ccsv6\tools\compiler\ti-cgt-msp430_15.12.1.LTS\lib\</path>
         <kind>archive</kind>
         <file>rts430x_lc_rd_eabi.lib</file>
         <name>strlen.obj</name>
      </input_file>
      <input_file id="fl-98">
         <path>C:\ti\ccsv6\tools\compiler\ti-cgt-msp430_15.12.1.LTS\lib\</path>
         <kind>archive</kind>
         <file>rts430x_lc_rd_eabi.lib</file>
         <name>strncpy.obj</name>
      </input_file>
   </input_file_list>
   <object_component_list>
      <object_component id="oc-93a">
         <name>.cio</name>
         <uninitialized>true</uninitialized>
         <run_address>0x4400</run_address>
         <size>0x120</size>
         <input_file_ref idref="fl-89"/>
      </object_component>
      <object_component id="oc-65d">
         <name>.sysmem</name>
         <uninitialized>true</uninitialized>
         <run_address>0x4520</run_address>
         <size>0x6</size>
         <input_file_ref idref="fl-85"/>
      </object_component>
      <object_component id="oc-9dd">
         <name>.sysmem</name>
         <uninitialized>true</uninitialized>
         <run_address>0x4520</run_address>
         <size>0x0</size>
      </object_component>
      <object_component id="oc-9db">
         <name>.cinit..data.load</name>
         <load_address>0x486e</load_address>
         <run_address>0x486e</run_address>
         <size>0x5c</size>
      </object_component>
      <object_component id="oc-9da">
         <name>.cinit..bss.load</name>
         <load_address>0x48ca</load_address>
         <run_address>0x48ca</run_address>
         <size>0x9</size>
      </object_component>
      <object_component id="oc-9d8">
         <name>__TI_handler_table</name>
         <load_address>0x48d4</load_address>
         <run_address>0x48d4</run_address>
         <size>0x8</size>
      </object_component>
      <object_component id="oc-9d9">
         <name>__TI_cinit_table</name>
         <load_address>0x48dc</load_address>
         <run_address>0x48dc</run_address>
         <size>0x10</size>
      </object_component>
      <object_component id="oc-781">
         <name>.const:.string</name>
         <load_address>0x4824</load_address>
         <run_address>0x4824</run_address>
         <size>0x36</size>
         <input_file_ref idref="fl-70"/>
      </object_component>
      <object_component id="oc-848">
         <name>.const:.string</name>
         <load_address>0x485a</load_address>
         <run_address>0x485a</run_address>
         <size>0x14</size>
         <input_file_ref idref="fl-7f"/>
      </object_component>
      <object_component id="oc-b3">
         <name>.text:_isr:_c_int00_noargs</name>
         <load_address>0x4800</load_address>
         <run_address>0x4800</run_address>
         <size>0x1c</size>
         <input_file_ref idref="fl-75"/>
      </object_component>
      <object_component id="oc-67a">
         <name>.text:_isr:__TI_ISR_TRAP</name>
         <load_address>0x481c</load_address>
         <run_address>0x481c</run_address>
         <size>0x8</size>
         <input_file_ref idref="fl-46"/>
      </object_component>
      <object_component id="oc-708">
         <name>.text:__vla_alloc</name>
         <load_address>0x10000</load_address>
         <run_address>0x10000</run_address>
         <size>0x216</size>
         <input_file_ref idref="fl-70"/>
      </object_component>
      <object_component id="oc-769">
         <name>.text:realloc</name>
         <load_address>0x10216</load_address>
         <run_address>0x10216</run_address>
         <size>0x144</size>
         <input_file_ref idref="fl-85"/>
      </object_component>
      <object_component id="oc-80a">
         <name>.text:_setfield</name>
         <load_address>0x1035a</load_address>
         <run_address>0x1035a</run_address>
         <size>0x132</size>
         <input_file_ref idref="fl-7f"/>
      </object_component>
      <object_component id="oc-7f6">
         <name>.text:fputs</name>
         <load_address>0x1048c</load_address>
         <run_address>0x1048c</run_address>
         <size>0xf0</size>
         <input_file_ref idref="fl-84"/>
      </object_component>
      <object_component id="oc-864">
         <name>.text:setvbuf</name>
         <load_address>0x1057c</load_address>
         <run_address>0x1057c</run_address>
         <size>0xe0</size>
         <input_file_ref idref="fl-90"/>
      </object_component>
      <object_component id="oc-849">
         <name>.text:_pproc_diouxp</name>
         <load_address>0x1065c</load_address>
         <run_address>0x1065c</run_address>
         <size>0xd8</size>
         <input_file_ref idref="fl-7f"/>
      </object_component>
      <object_component id="oc-7e2">
         <name>.text:__TI_printfi_minimal</name>
         <load_address>0x10734</load_address>
         <run_address>0x10734</run_address>
         <size>0xd2</size>
         <input_file_ref idref="fl-7f"/>
      </object_component>
      <object_component id="oc-70e">
         <name>.text:__vla_dealloc</name>
         <load_address>0x10806</load_address>
         <run_address>0x10806</run_address>
         <size>0xc6</size>
         <input_file_ref idref="fl-70"/>
      </object_component>
      <object_component id="oc-75d">
         <name>.text:malloc</name>
         <load_address>0x108cc</load_address>
         <run_address>0x108cc</run_address>
         <size>0xba</size>
         <input_file_ref idref="fl-85"/>
      </object_component>
      <object_component id="oc-8e2">
         <name>.text:HOSTlseek</name>
         <load_address>0x10986</load_address>
         <run_address>0x10986</run_address>
         <size>0xb4</size>
         <input_file_ref idref="fl-88"/>
      </object_component>
      <object_component id="oc-763">
         <name>.text:_Z21free_dead_allocationsPv</name>
         <load_address>0x10a3a</load_address>
         <run_address>0x10a3a</run_address>
         <size>0xa8</size>
         <input_file_ref idref="fl-70"/>
      </object_component>
      <object_component id="oc-7fd">
         <name>.text:fputc</name>
         <load_address>0x10ae2</load_address>
         <run_address>0x10ae2</run_address>
         <size>0x90</size>
         <input_file_ref idref="fl-81"/>
      </object_component>
      <object_component id="oc-77b">
         <name>.text:free</name>
         <load_address>0x10b72</load_address>
         <run_address>0x10b72</run_address>
         <size>0x8e</size>
         <input_file_ref idref="fl-85"/>
      </object_component>
      <object_component id="oc-68c">
         <name>.text:_auto_init_hold_wdt</name>
         <load_address>0x10c00</load_address>
         <run_address>0x10c00</run_address>
         <size>0x82</size>
         <input_file_ref idref="fl-74"/>
      </object_component>
      <object_component id="oc-824">
         <name>.text:__TI_wrt_ok</name>
         <load_address>0x10c82</load_address>
         <run_address>0x10c82</run_address>
         <size>0x7e</size>
         <input_file_ref idref="fl-83"/>
      </object_component>
      <object_component id="oc-8ee">
         <name>.text:HOSTrename</name>
         <load_address>0x10d00</load_address>
         <run_address>0x10d00</run_address>
         <size>0x74</size>
         <input_file_ref idref="fl-88"/>
      </object_component>
      <object_component id="oc-8ca">
         <name>.text:HOSTopen</name>
         <load_address>0x10d74</load_address>
         <run_address>0x10d74</run_address>
         <size>0x70</size>
         <input_file_ref idref="fl-88"/>
      </object_component>
      <object_component id="oc-8be">
         <name>.text:__TI_closefile</name>
         <load_address>0x10de4</load_address>
         <run_address>0x10de4</run_address>
         <size>0x70</size>
         <input_file_ref idref="fl-92"/>
      </object_component>
      <object_component id="oc-8dc">
         <name>.text:HOSTwrite</name>
         <load_address>0x10e54</load_address>
         <run_address>0x10e54</run_address>
         <size>0x6c</size>
         <input_file_ref idref="fl-88"/>
      </object_component>
      <object_component id="oc-8d6">
         <name>.text:HOSTread</name>
         <load_address>0x10ec0</load_address>
         <run_address>0x10ec0</run_address>
         <size>0x6a</size>
         <input_file_ref idref="fl-88"/>
      </object_component>
      <object_component id="oc-85e">
         <name>.text:fseek</name>
         <load_address>0x10f2a</load_address>
         <run_address>0x10f2a</run_address>
         <size>0x6a</size>
         <input_file_ref idref="fl-86"/>
      </object_component>
      <object_component id="oc-66d">
         <name>.text:__TI_decompress_rle_core</name>
         <load_address>0x10f94</load_address>
         <run_address>0x10f94</run_address>
         <size>0x68</size>
         <input_file_ref idref="fl-44"/>
      </object_component>
      <object_component id="oc-6d9">
         <name>.text:copy_in</name>
         <load_address>0x10ffc</load_address>
         <run_address>0x10ffc</run_address>
         <size>0x66</size>
         <input_file_ref idref="fl-7d"/>
      </object_component>
      <object_component id="oc-830">
         <name>.text:__TI_doflush</name>
         <load_address>0x11062</load_address>
         <run_address>0x11062</run_address>
         <size>0x64</size>
         <input_file_ref idref="fl-82"/>
      </object_component>
      <object_component id="oc-8f6">
         <name>.text:close</name>
         <load_address>0x110c6</load_address>
         <run_address>0x110c6</run_address>
         <size>0x5a</size>
         <input_file_ref idref="fl-87"/>
      </object_component>
      <object_component id="oc-92f">
         <name>.text:getdevice</name>
         <load_address>0x11120</load_address>
         <run_address>0x11120</run_address>
         <size>0x5a</size>
         <input_file_ref idref="fl-87"/>
      </object_component>
      <object_component id="oc-785">
         <name>.text:fprintf</name>
         <load_address>0x1117a</load_address>
         <run_address>0x1117a</run_address>
         <size>0x50</size>
         <input_file_ref idref="fl-7e"/>
      </object_component>
      <object_component id="oc-8d0">
         <name>.text:HOSTclose</name>
         <load_address>0x111ca</load_address>
         <run_address>0x111ca</run_address>
         <size>0x4e</size>
         <input_file_ref idref="fl-88"/>
      </object_component>
      <object_component id="oc-698">
         <name>.text:exit</name>
         <load_address>0x11218</load_address>
         <run_address>0x11218</run_address>
         <size>0x4a</size>
         <input_file_ref idref="fl-7a"/>
      </object_component>
      <object_component id="oc-810">
         <name>.text:_pproc_str</name>
         <load_address>0x11262</load_address>
         <run_address>0x11262</run_address>
         <size>0x48</size>
         <input_file_ref idref="fl-7f"/>
      </object_component>
      <object_component id="oc-8e8">
         <name>.text:HOSTunlink</name>
         <load_address>0x112aa</load_address>
         <run_address>0x112aa</run_address>
         <size>0x46</size>
         <input_file_ref idref="fl-88"/>
      </object_component>
      <object_component id="oc-7b4">
         <name>.text:minit</name>
         <load_address>0x112f0</load_address>
         <run_address>0x112f0</run_address>
         <size>0x42</size>
         <input_file_ref idref="fl-85"/>
      </object_component>
      <object_component id="oc-91b">
         <name>.text:l_asr_const</name>
         <load_address>0x11332</load_address>
         <run_address>0x11332</run_address>
         <size>0x3e</size>
         <input_file_ref idref="fl-8b"/>
      </object_component>
      <object_component id="oc-920">
         <name>.text:l_lsl_const</name>
         <load_address>0x11370</load_address>
         <run_address>0x11370</run_address>
         <size>0x3e</size>
         <input_file_ref idref="fl-8a"/>
      </object_component>
      <object_component id="oc-88a">
         <name>.text:lseek</name>
         <load_address>0x113ae</load_address>
         <run_address>0x113ae</run_address>
         <size>0x3e</size>
         <input_file_ref idref="fl-87"/>
      </object_component>
      <object_component id="oc-836">
         <name>.text:write</name>
         <load_address>0x113ec</load_address>
         <run_address>0x113ec</run_address>
         <size>0x3c</size>
         <input_file_ref idref="fl-87"/>
      </object_component>
      <object_component id="oc-892">
         <name>.text:__TI_cleanup</name>
         <load_address>0x11428</load_address>
         <run_address>0x11428</run_address>
         <size>0x36</size>
         <input_file_ref idref="fl-91"/>
      </object_component>
      <object_component id="oc-90a">
         <name>.text:__TI_writemsg</name>
         <load_address>0x1145e</load_address>
         <run_address>0x1145e</run_address>
         <size>0x36</size>
         <input_file_ref idref="fl-89"/>
      </object_component>
      <object_component id="oc-910">
         <name>.text:__TI_readmsg</name>
         <load_address>0x11494</load_address>
         <run_address>0x11494</run_address>
         <size>0x32</size>
         <input_file_ref idref="fl-89"/>
      </object_component>
      <object_component id="oc-94c">
         <name>.text:strncpy</name>
         <load_address>0x114c6</load_address>
         <run_address>0x114c6</run_address>
         <size>0x32</size>
         <input_file_ref idref="fl-98"/>
      </object_component>
      <object_component id="oc-8fd">
         <name>.text:unlink</name>
         <load_address>0x114f8</load_address>
         <run_address>0x114f8</run_address>
         <size>0x30</size>
         <input_file_ref idref="fl-87"/>
      </object_component>
      <object_component id="oc-952">
         <name>.text:finddevice</name>
         <load_address>0x11528</load_address>
         <run_address>0x11528</run_address>
         <size>0x2e</size>
         <input_file_ref idref="fl-87"/>
      </object_component>
      <object_component id="oc-6a6">
         <name>.text:main</name>
         <load_address>0x11556</load_address>
         <run_address>0x11556</run_address>
         <size>0x2c</size>
         <input_file_ref idref="fl-3"/>
      </object_component>
      <object_component id="oc-84f">
         <name>.text:memccpy</name>
         <load_address>0x11582</load_address>
         <run_address>0x11582</run_address>
         <size>0x1e</size>
         <input_file_ref idref="fl-8c"/>
      </object_component>
      <object_component id="oc-946">
         <name>.text:strchr</name>
         <load_address>0x115a0</load_address>
         <run_address>0x115a0</run_address>
         <size>0x1c</size>
         <input_file_ref idref="fl-94"/>
      </object_component>
      <object_component id="oc-963">
         <name>.text:strcmp</name>
         <load_address>0x115bc</load_address>
         <run_address>0x115bc</run_address>
         <size>0x1c</size>
         <input_file_ref idref="fl-95"/>
      </object_component>
      <object_component id="oc-703">
         <name>.text</name>
         <load_address>0x115d8</load_address>
         <run_address>0x115d8</run_address>
         <size>0x18</size>
         <input_file_ref idref="fl-68"/>
      </object_component>
      <object_component id="oc-82a">
         <name>.text:memchr</name>
         <load_address>0x115f0</load_address>
         <run_address>0x115f0</run_address>
         <size>0x16</size>
         <input_file_ref idref="fl-8d"/>
      </object_component>
      <object_component id="oc-842">
         <name>.text:memset</name>
         <load_address>0x11606</load_address>
         <run_address>0x11606</run_address>
         <size>0x16</size>
         <input_file_ref idref="fl-8f"/>
      </object_component>
      <object_component id="oc-87d">
         <name>.text</name>
         <load_address>0x1161c</load_address>
         <run_address>0x1161c</run_address>
         <size>0x16</size>
         <input_file_ref idref="fl-65"/>
      </object_component>
      <object_component id="oc-660">
         <name>.text:memcpy</name>
         <load_address>0x11632</load_address>
         <run_address>0x11632</run_address>
         <size>0x14</size>
         <input_file_ref idref="fl-8e"/>
      </object_component>
      <object_component id="oc-79">
         <name>.text:decompress:none:__TI_decompress_none</name>
         <load_address>0x11646</load_address>
         <run_address>0x11646</run_address>
         <size>0x12</size>
         <input_file_ref idref="fl-43"/>
      </object_component>
      <object_component id="oc-927">
         <name>.text:strcpy</name>
         <load_address>0x11658</load_address>
         <run_address>0x11658</run_address>
         <size>0x12</size>
         <input_file_ref idref="fl-96"/>
      </object_component>
      <object_component id="oc-804">
         <name>.text:strlen</name>
         <load_address>0x1166a</load_address>
         <run_address>0x1166a</run_address>
         <size>0xe</size>
         <input_file_ref idref="fl-97"/>
      </object_component>
      <object_component id="oc-7dc">
         <name>.text:_outc</name>
         <load_address>0x11678</load_address>
         <run_address>0x11678</run_address>
         <size>0x6</size>
         <input_file_ref idref="fl-7e"/>
      </object_component>
      <object_component id="oc-6ae">
         <name>.text:abort</name>
         <load_address>0x1167e</load_address>
         <run_address>0x1167e</run_address>
         <size>0x6</size>
         <input_file_ref idref="fl-7a"/>
      </object_component>
      <object_component id="oc-7f">
         <name>.text:decompress:rle24:__TI_decompress_rle24</name>
         <load_address>0x11684</load_address>
         <run_address>0x11684</run_address>
         <size>0x6</size>
         <input_file_ref idref="fl-44"/>
      </object_component>
      <object_component id="oc-753">
         <name>.text:__abort_execution</name>
         <load_address>0x1168a</load_address>
         <run_address>0x1168a</run_address>
         <size>0x4</size>
         <input_file_ref idref="fl-71"/>
      </object_component>
      <object_component id="oc-7d6">
         <name>.text:_outs</name>
         <load_address>0x1168e</load_address>
         <run_address>0x1168e</run_address>
         <size>0x4</size>
         <input_file_ref idref="fl-7e"/>
      </object_component>
      <object_component id="oc-686">
         <name>.text:_system_pre_init</name>
         <load_address>0x11692</load_address>
         <run_address>0x11692</run_address>
         <size>0x4</size>
         <input_file_ref idref="fl-79"/>
      </object_component>
      <object_component id="oc-73e">
         <name>.text:_nop</name>
         <load_address>0x11696</load_address>
         <run_address>0x11696</run_address>
         <size>0x2</size>
         <input_file_ref idref="fl-7c"/>
      </object_component>
      <object_component id="oc-6df">
         <name>.text:_system_post_cinit</name>
         <load_address>0x11698</load_address>
         <run_address>0x11698</run_address>
         <size>0x2</size>
         <input_file_ref idref="fl-78"/>
      </object_component>
      <object_component id="oc-759">
         <name>.bss</name>
         <uninitialized>true</uninitialized>
         <run_address>0x1e58</run_address>
         <size>0x4</size>
         <input_file_ref idref="fl-70"/>
      </object_component>
      <object_component id="oc-75c">
         <name>.bss:pool$1</name>
         <uninitialized>true</uninitialized>
         <run_address>0x1e34</run_address>
         <size>0x12</size>
         <input_file_ref idref="fl-70"/>
      </object_component>
      <object_component id="oc-7ba">
         <name>.bss</name>
         <uninitialized>true</uninitialized>
         <run_address>0x1e46</run_address>
         <size>0xa</size>
         <input_file_ref idref="fl-85"/>
      </object_component>
      <object_component id="oc-907">
         <name>.bss:parmbuf</name>
         <uninitialized>true</uninitialized>
         <run_address>0x1e50</run_address>
         <size>0x8</size>
         <input_file_ref idref="fl-88"/>
      </object_component>
      <object_component id="oc-8fc">
         <name>.common:__TI_tmpnams</name>
         <uninitialized>true</uninitialized>
         <run_address>0x1d94</run_address>
         <size>0xa0</size>
      </object_component>
      <object_component id="oc-700">
         <name>.data</name>
         <load_address>0x1d8c</load_address>
         <run_address>0x1d8c</run_address>
         <size>0x2</size>
         <input_file_ref idref="fl-3"/>
      </object_component>
      <object_component id="oc-782">
         <name>.data:_ftable</name>
         <load_address>0x1c00</load_address>
         <run_address>0x1c00</run_address>
         <size>0xc8</size>
         <input_file_ref idref="fl-77"/>
      </object_component>
      <object_component id="oc-8c4">
         <name>.data</name>
         <load_address>0x1d8e</load_address>
         <run_address>0x1d8e</run_address>
         <size>0x2</size>
         <input_file_ref idref="fl-77"/>
      </object_component>
      <object_component id="oc-6ee">
         <name>.data</name>
         <load_address>0x1d90</load_address>
         <run_address>0x1d90</run_address>
         <size>0x2</size>
         <input_file_ref idref="fl-7a"/>
      </object_component>
      <object_component id="oc-6f7">
         <name>.data:__TI_cleanup_ptr</name>
         <load_address>0x1d7c</load_address>
         <run_address>0x1d7c</run_address>
         <size>0x4</size>
         <input_file_ref idref="fl-7b"/>
      </object_component>
      <object_component id="oc-6f4">
         <name>.data:__TI_dtors_ptr</name>
         <load_address>0x1d80</load_address>
         <run_address>0x1d80</run_address>
         <size>0x4</size>
         <input_file_ref idref="fl-7b"/>
      </object_component>
      <object_component id="oc-6f1">
         <name>.data:_lock</name>
         <load_address>0x1d84</load_address>
         <run_address>0x1d84</run_address>
         <size>0x4</size>
         <input_file_ref idref="fl-7c"/>
      </object_component>
      <object_component id="oc-6fa">
         <name>.data:_unlock</name>
         <load_address>0x1d88</load_address>
         <run_address>0x1d88</run_address>
         <size>0x4</size>
         <input_file_ref idref="fl-7c"/>
      </object_component>
      <object_component id="oc-7b1">
         <name>.data</name>
         <load_address>0x1d92</load_address>
         <run_address>0x1d92</run_address>
         <size>0x2</size>
         <input_file_ref idref="fl-85"/>
      </object_component>
      <object_component id="oc-8a5">
         <name>.data:_device</name>
         <load_address>0x1cc8</load_address>
         <run_address>0x1cc8</run_address>
         <size>0x78</size>
         <input_file_ref idref="fl-87"/>
      </object_component>
      <object_component id="oc-870">
         <name>.data:_stream</name>
         <load_address>0x1d40</load_address>
         <run_address>0x1d40</run_address>
         <size>0x3c</size>
         <input_file_ref idref="fl-87"/>
      </object_component>
      <object_component id="oc-659">
         <name>.stack</name>
         <uninitialized>true</uninitialized>
         <run_address>0x2360</run_address>
         <size>0x4</size>
         <input_file_ref idref="fl-72"/>
      </object_component>
      <object_component id="oc-9dc">
         <name>.stack</name>
         <uninitialized>true</uninitialized>
         <run_address>0x2360</run_address>
         <size>0x0</size>
      </object_component>
      <object_component id="oc-85">
         <name>.int27</name>
         <load_address>0xffc6</load_address>
         <run_address>0xffc6</run_address>
         <size>0x2</size>
         <input_file_ref idref="fl-45"/>
      </object_component>
      <object_component id="oc-86">
         <name>.int28</name>
         <load_address>0xffc8</load_address>
         <run_address>0xffc8</run_address>
         <size>0x2</size>
         <input_file_ref idref="fl-47"/>
      </object_component>
      <object_component id="oc-87">
         <name>.int29</name>
         <load_address>0xffca</load_address>
         <run_address>0xffca</run_address>
         <size>0x2</size>
         <input_file_ref idref="fl-48"/>
      </object_component>
      <object_component id="oc-88">
         <name>.int30</name>
         <load_address>0xffcc</load_address>
         <run_address>0xffcc</run_address>
         <size>0x2</size>
         <input_file_ref idref="fl-49"/>
      </object_component>
      <object_component id="oc-89">
         <name>.int31</name>
         <load_address>0xffce</load_address>
         <run_address>0xffce</run_address>
         <size>0x2</size>
         <input_file_ref idref="fl-4a"/>
      </object_component>
      <object_component id="oc-8a">
         <name>.int32</name>
         <load_address>0xffd0</load_address>
         <run_address>0xffd0</run_address>
         <size>0x2</size>
         <input_file_ref idref="fl-4b"/>
      </object_component>
      <object_component id="oc-8b">
         <name>.int33</name>
         <load_address>0xffd2</load_address>
         <run_address>0xffd2</run_address>
         <size>0x2</size>
         <input_file_ref idref="fl-4c"/>
      </object_component>
      <object_component id="oc-8c">
         <name>.int34</name>
         <load_address>0xffd4</load_address>
         <run_address>0xffd4</run_address>
         <size>0x2</size>
         <input_file_ref idref="fl-4d"/>
      </object_component>
      <object_component id="oc-8d">
         <name>.int35</name>
         <load_address>0xffd6</load_address>
         <run_address>0xffd6</run_address>
         <size>0x2</size>
         <input_file_ref idref="fl-4e"/>
      </object_component>
      <object_component id="oc-8e">
         <name>.int36</name>
         <load_address>0xffd8</load_address>
         <run_address>0xffd8</run_address>
         <size>0x2</size>
         <input_file_ref idref="fl-4f"/>
      </object_component>
      <object_component id="oc-8f">
         <name>.int37</name>
         <load_address>0xffda</load_address>
         <run_address>0xffda</run_address>
         <size>0x2</size>
         <input_file_ref idref="fl-50"/>
      </object_component>
      <object_component id="oc-90">
         <name>.int38</name>
         <load_address>0xffdc</load_address>
         <run_address>0xffdc</run_address>
         <size>0x2</size>
         <input_file_ref idref="fl-51"/>
      </object_component>
      <object_component id="oc-91">
         <name>.int39</name>
         <load_address>0xffde</load_address>
         <run_address>0xffde</run_address>
         <size>0x2</size>
         <input_file_ref idref="fl-52"/>
      </object_component>
      <object_component id="oc-92">
         <name>.int40</name>
         <load_address>0xffe0</load_address>
         <run_address>0xffe0</run_address>
         <size>0x2</size>
         <input_file_ref idref="fl-53"/>
      </object_component>
      <object_component id="oc-93">
         <name>.int41</name>
         <load_address>0xffe2</load_address>
         <run_address>0xffe2</run_address>
         <size>0x2</size>
         <input_file_ref idref="fl-54"/>
      </object_component>
      <object_component id="oc-94">
         <name>.int42</name>
         <load_address>0xffe4</load_address>
         <run_address>0xffe4</run_address>
         <size>0x2</size>
         <input_file_ref idref="fl-55"/>
      </object_component>
      <object_component id="oc-95">
         <name>.int43</name>
         <load_address>0xffe6</load_address>
         <run_address>0xffe6</run_address>
         <size>0x2</size>
         <input_file_ref idref="fl-56"/>
      </object_component>
      <object_component id="oc-96">
         <name>.int44</name>
         <load_address>0xffe8</load_address>
         <run_address>0xffe8</run_address>
         <size>0x2</size>
         <input_file_ref idref="fl-57"/>
      </object_component>
      <object_component id="oc-97">
         <name>.int45</name>
         <load_address>0xffea</load_address>
         <run_address>0xffea</run_address>
         <size>0x2</size>
         <input_file_ref idref="fl-58"/>
      </object_component>
      <object_component id="oc-98">
         <name>.int46</name>
         <load_address>0xffec</load_address>
         <run_address>0xffec</run_address>
         <size>0x2</size>
         <input_file_ref idref="fl-59"/>
      </object_component>
      <object_component id="oc-99">
         <name>.int47</name>
         <load_address>0xffee</load_address>
         <run_address>0xffee</run_address>
         <size>0x2</size>
         <input_file_ref idref="fl-5a"/>
      </object_component>
      <object_component id="oc-9a">
         <name>.int48</name>
         <load_address>0xfff0</load_address>
         <run_address>0xfff0</run_address>
         <size>0x2</size>
         <input_file_ref idref="fl-5b"/>
      </object_component>
      <object_component id="oc-9b">
         <name>.int49</name>
         <load_address>0xfff2</load_address>
         <run_address>0xfff2</run_address>
         <size>0x2</size>
         <input_file_ref idref="fl-5c"/>
      </object_component>
      <object_component id="oc-9c">
         <name>.int50</name>
         <load_address>0xfff4</load_address>
         <run_address>0xfff4</run_address>
         <size>0x2</size>
         <input_file_ref idref="fl-5d"/>
      </object_component>
      <object_component id="oc-9d">
         <name>.int51</name>
         <load_address>0xfff6</load_address>
         <run_address>0xfff6</run_address>
         <size>0x2</size>
         <input_file_ref idref="fl-5e"/>
      </object_component>
      <object_component id="oc-9e">
         <name>.int52</name>
         <load_address>0xfff8</load_address>
         <run_address>0xfff8</run_address>
         <size>0x2</size>
         <input_file_ref idref="fl-5f"/>
      </object_component>
      <object_component id="oc-9f">
         <name>.int53</name>
         <load_address>0xfffa</load_address>
         <run_address>0xfffa</run_address>
         <size>0x2</size>
         <input_file_ref idref="fl-60"/>
      </object_component>
      <object_component id="oc-a0">
         <name>.int54</name>
         <load_address>0xfffc</load_address>
         <run_address>0xfffc</run_address>
         <size>0x2</size>
         <input_file_ref idref="fl-61"/>
      </object_component>
      <object_component id="oc-65c">
         <name>.reset</name>
         <load_address>0xfffe</load_address>
         <run_address>0xfffe</run_address>
         <size>0x2</size>
         <input_file_ref idref="fl-72"/>
      </object_component>
      <object_component id="oc-6bc">
         <name>.debug_info</name>
         <load_address>0x0</load_address>
         <run_address>0x0</run_address>
         <size>0x84</size>
         <input_file_ref idref="fl-2"/>
      </object_component>
      <object_component id="oc-71a">
         <name>.debug_info</name>
         <load_address>0x84</load_address>
         <run_address>0x84</run_address>
         <size>0x3e7</size>
         <input_file_ref idref="fl-3"/>
      </object_component>
      <object_component id="oc-701">
         <name>.debug_info</name>
         <load_address>0x46b</load_address>
         <run_address>0x46b</run_address>
         <size>0xce</size>
         <input_file_ref idref="fl-3"/>
      </object_component>
      <object_component id="oc-6a7">
         <name>.debug_info</name>
         <load_address>0x539</load_address>
         <run_address>0x539</run_address>
         <size>0x155</size>
         <input_file_ref idref="fl-3"/>
      </object_component>
      <object_component id="oc-793">
         <name>.debug_info</name>
         <load_address>0x68e</load_address>
         <run_address>0x68e</run_address>
         <size>0x110</size>
         <input_file_ref idref="fl-3"/>
      </object_component>
      <object_component id="oc-715">
         <name>.debug_info</name>
         <load_address>0x79e</load_address>
         <run_address>0x79e</run_address>
         <size>0x8b</size>
         <input_file_ref idref="fl-3"/>
      </object_component>
      <object_component id="oc-78e">
         <name>.debug_info</name>
         <load_address>0x829</load_address>
         <run_address>0x829</run_address>
         <size>0xc7</size>
         <input_file_ref idref="fl-3"/>
      </object_component>
      <object_component id="oc-6c6">
         <name>.debug_info</name>
         <load_address>0x8f0</load_address>
         <run_address>0x8f0</run_address>
         <size>0x2c</size>
         <input_file_ref idref="fl-6"/>
      </object_component>
      <object_component id="oc-66c">
         <name>.debug_info</name>
         <load_address>0x91c</load_address>
         <run_address>0x91c</run_address>
         <size>0x1e2</size>
         <input_file_ref idref="fl-43"/>
      </object_component>
      <object_component id="oc-7b">
         <name>.debug_info</name>
         <load_address>0xafe</load_address>
         <run_address>0xafe</run_address>
         <size>0x1e4</size>
         <input_file_ref idref="fl-43"/>
      </object_component>
      <object_component id="oc-667">
         <name>.debug_info</name>
         <load_address>0xce2</load_address>
         <run_address>0xce2</run_address>
         <size>0x46</size>
         <input_file_ref idref="fl-43"/>
      </object_component>
      <object_component id="oc-6cd">
         <name>.debug_info</name>
         <load_address>0xd28</load_address>
         <run_address>0xd28</run_address>
         <size>0x2c</size>
         <input_file_ref idref="fl-43"/>
      </object_component>
      <object_component id="oc-674">
         <name>.debug_info</name>
         <load_address>0xd54</load_address>
         <run_address>0xd54</run_address>
         <size>0x19f</size>
         <input_file_ref idref="fl-44"/>
      </object_component>
      <object_component id="oc-66e">
         <name>.debug_info</name>
         <load_address>0xef3</load_address>
         <run_address>0xef3</run_address>
         <size>0x256</size>
         <input_file_ref idref="fl-44"/>
      </object_component>
      <object_component id="oc-80">
         <name>.debug_info</name>
         <load_address>0x1149</load_address>
         <run_address>0x1149</run_address>
         <size>0x1cd</size>
         <input_file_ref idref="fl-44"/>
      </object_component>
      <object_component id="oc-675">
         <name>.debug_info</name>
         <load_address>0x1316</load_address>
         <run_address>0x1316</run_address>
         <size>0x39</size>
         <input_file_ref idref="fl-44"/>
      </object_component>
      <object_component id="oc-67b">
         <name>.debug_info</name>
         <load_address>0x134f</load_address>
         <run_address>0x134f</run_address>
         <size>0x123</size>
         <input_file_ref idref="fl-46"/>
      </object_component>
      <object_component id="oc-87e">
         <name>.debug_info</name>
         <load_address>0x1472</load_address>
         <run_address>0x1472</run_address>
         <size>0x135</size>
         <input_file_ref idref="fl-65"/>
      </object_component>
      <object_component id="oc-705">
         <name>.debug_info</name>
         <load_address>0x15a7</load_address>
         <run_address>0x15a7</run_address>
         <size>0x144</size>
         <input_file_ref idref="fl-68"/>
      </object_component>
      <object_component id="oc-770">
         <name>.debug_info</name>
         <load_address>0x16eb</load_address>
         <run_address>0x16eb</run_address>
         <size>0x310</size>
         <input_file_ref idref="fl-70"/>
      </object_component>
      <object_component id="oc-75a">
         <name>.debug_info</name>
         <load_address>0x19fb</load_address>
         <run_address>0x19fb</run_address>
         <size>0x125</size>
         <input_file_ref idref="fl-70"/>
      </object_component>
      <object_component id="oc-70f">
         <name>.debug_info</name>
         <load_address>0x1b20</load_address>
         <run_address>0x1b20</run_address>
         <size>0x232</size>
         <input_file_ref idref="fl-70"/>
      </object_component>
      <object_component id="oc-764">
         <name>.debug_info</name>
         <load_address>0x1d52</load_address>
         <run_address>0x1d52</run_address>
         <size>0x20e</size>
         <input_file_ref idref="fl-70"/>
      </object_component>
      <object_component id="oc-709">
         <name>.debug_info</name>
         <load_address>0x1f60</load_address>
         <run_address>0x1f60</run_address>
         <size>0x442</size>
         <input_file_ref idref="fl-70"/>
      </object_component>
      <object_component id="oc-7c7">
         <name>.debug_info</name>
         <load_address>0x23a2</load_address>
         <run_address>0x23a2</run_address>
         <size>0xcb</size>
         <input_file_ref idref="fl-70"/>
      </object_component>
      <object_component id="oc-7cc">
         <name>.debug_info</name>
         <load_address>0x246d</load_address>
         <run_address>0x246d</run_address>
         <size>0x2c</size>
         <input_file_ref idref="fl-70"/>
      </object_component>
      <object_component id="oc-771">
         <name>.debug_info</name>
         <load_address>0x2499</load_address>
         <run_address>0x2499</run_address>
         <size>0x2c</size>
         <input_file_ref idref="fl-70"/>
      </object_component>
      <object_component id="oc-7c2">
         <name>.debug_info</name>
         <load_address>0x24c5</load_address>
         <run_address>0x24c5</run_address>
         <size>0x2c</size>
         <input_file_ref idref="fl-70"/>
      </object_component>
      <object_component id="oc-776">
         <name>.debug_info</name>
         <load_address>0x24f1</load_address>
         <run_address>0x24f1</run_address>
         <size>0x148</size>
         <input_file_ref idref="fl-70"/>
      </object_component>
      <object_component id="oc-7aa">
         <name>.debug_info</name>
         <load_address>0x2639</load_address>
         <run_address>0x2639</run_address>
         <size>0xc1</size>
         <input_file_ref idref="fl-70"/>
      </object_component>
      <object_component id="oc-754">
         <name>.debug_info</name>
         <load_address>0x26fa</load_address>
         <run_address>0x26fa</run_address>
         <size>0x17f</size>
         <input_file_ref idref="fl-71"/>
      </object_component>
      <object_component id="oc-65a">
         <name>.debug_info</name>
         <load_address>0x2879</load_address>
         <run_address>0x2879</run_address>
         <size>0x111</size>
         <input_file_ref idref="fl-72"/>
      </object_component>
      <object_component id="oc-6e6">
         <name>.debug_info</name>
         <load_address>0x298a</load_address>
         <run_address>0x298a</run_address>
         <size>0x411</size>
         <input_file_ref idref="fl-74"/>
      </object_component>
      <object_component id="oc-68d">
         <name>.debug_info</name>
         <load_address>0x2d9b</load_address>
         <run_address>0x2d9b</run_address>
         <size>0x23a</size>
         <input_file_ref idref="fl-74"/>
      </object_component>
      <object_component id="oc-72b">
         <name>.debug_info</name>
         <load_address>0x2fd5</load_address>
         <run_address>0x2fd5</run_address>
         <size>0x39</size>
         <input_file_ref idref="fl-74"/>
      </object_component>
      <object_component id="oc-6e7">
         <name>.debug_info</name>
         <load_address>0x300e</load_address>
         <run_address>0x300e</run_address>
         <size>0x2c</size>
         <input_file_ref idref="fl-74"/>
      </object_component>
      <object_component id="oc-730">
         <name>.debug_info</name>
         <load_address>0x303a</load_address>
         <run_address>0x303a</run_address>
         <size>0xcd</size>
         <input_file_ref idref="fl-74"/>
      </object_component>
      <object_component id="oc-b7">
         <name>.debug_info</name>
         <load_address>0x3107</load_address>
         <run_address>0x3107</run_address>
         <size>0x1a3</size>
         <input_file_ref idref="fl-75"/>
      </object_component>
      <object_component id="oc-7d4">
         <name>.debug_info</name>
         <load_address>0x32aa</load_address>
         <run_address>0x32aa</run_address>
         <size>0x14f</size>
         <input_file_ref idref="fl-77"/>
      </object_component>
      <object_component id="oc-783">
         <name>.debug_info</name>
         <load_address>0x33f9</load_address>
         <run_address>0x33f9</run_address>
         <size>0x113</size>
         <input_file_ref idref="fl-77"/>
      </object_component>
      <object_component id="oc-8c5">
         <name>.debug_info</name>
         <load_address>0x350c</load_address>
         <run_address>0x350c</run_address>
         <size>0x11b</size>
         <input_file_ref idref="fl-77"/>
      </object_component>
      <object_component id="oc-7f1">
         <name>.debug_info</name>
         <load_address>0x3627</load_address>
         <run_address>0x3627</run_address>
         <size>0xae</size>
         <input_file_ref idref="fl-77"/>
      </object_component>
      <object_component id="oc-6e0">
         <name>.debug_info</name>
         <load_address>0x36d5</load_address>
         <run_address>0x36d5</run_address>
         <size>0x161</size>
         <input_file_ref idref="fl-78"/>
      </object_component>
      <object_component id="oc-688">
         <name>.debug_info</name>
         <load_address>0x3836</load_address>
         <run_address>0x3836</run_address>
         <size>0x164</size>
         <input_file_ref idref="fl-79"/>
      </object_component>
      <object_component id="oc-6fe">
         <name>.debug_info</name>
         <load_address>0x399a</load_address>
         <run_address>0x399a</run_address>
         <size>0x275</size>
         <input_file_ref idref="fl-7a"/>
      </object_component>
      <object_component id="oc-6ef">
         <name>.debug_info</name>
         <load_address>0x3c0f</load_address>
         <run_address>0x3c0f</run_address>
         <size>0x143</size>
         <input_file_ref idref="fl-7a"/>
      </object_component>
      <object_component id="oc-6af">
         <name>.debug_info</name>
         <load_address>0x3d52</load_address>
         <run_address>0x3d52</run_address>
         <size>0x133</size>
         <input_file_ref idref="fl-7a"/>
      </object_component>
      <object_component id="oc-699">
         <name>.debug_info</name>
         <load_address>0x3e85</load_address>
         <run_address>0x3e85</run_address>
         <size>0x1a8</size>
         <input_file_ref idref="fl-7a"/>
      </object_component>
      <object_component id="oc-749">
         <name>.debug_info</name>
         <load_address>0x402d</load_address>
         <run_address>0x402d</run_address>
         <size>0x114</size>
         <input_file_ref idref="fl-7b"/>
      </object_component>
      <object_component id="oc-6f8">
         <name>.debug_info</name>
         <load_address>0x4141</load_address>
         <run_address>0x4141</run_address>
         <size>0x12b</size>
         <input_file_ref idref="fl-7b"/>
      </object_component>
      <object_component id="oc-6f5">
         <name>.debug_info</name>
         <load_address>0x426c</load_address>
         <run_address>0x426c</run_address>
         <size>0x127</size>
         <input_file_ref idref="fl-7b"/>
      </object_component>
      <object_component id="oc-746">
         <name>.debug_info</name>
         <load_address>0x4393</load_address>
         <run_address>0x4393</run_address>
         <size>0x179</size>
         <input_file_ref idref="fl-7c"/>
      </object_component>
      <object_component id="oc-6f2">
         <name>.debug_info</name>
         <load_address>0x450c</load_address>
         <run_address>0x450c</run_address>
         <size>0x110</size>
         <input_file_ref idref="fl-7c"/>
      </object_component>
      <object_component id="oc-6fb">
         <name>.debug_info</name>
         <load_address>0x461c</load_address>
         <run_address>0x461c</run_address>
         <size>0x114</size>
         <input_file_ref idref="fl-7c"/>
      </object_component>
      <object_component id="oc-740">
         <name>.debug_info</name>
         <load_address>0x4730</load_address>
         <run_address>0x4730</run_address>
         <size>0x13f</size>
         <input_file_ref idref="fl-7c"/>
      </object_component>
      <object_component id="oc-727">
         <name>.debug_info</name>
         <load_address>0x486f</load_address>
         <run_address>0x486f</run_address>
         <size>0x282</size>
         <input_file_ref idref="fl-7d"/>
      </object_component>
      <object_component id="oc-6dc">
         <name>.debug_info</name>
         <load_address>0x4af1</load_address>
         <run_address>0x4af1</run_address>
         <size>0x1cc</size>
         <input_file_ref idref="fl-7d"/>
      </object_component>
      <object_component id="oc-79f">
         <name>.debug_info</name>
         <load_address>0x4cbd</load_address>
         <run_address>0x4cbd</run_address>
         <size>0x2c</size>
         <input_file_ref idref="fl-7d"/>
      </object_component>
      <object_component id="oc-7e9">
         <name>.debug_info</name>
         <load_address>0x4ce9</load_address>
         <run_address>0x4ce9</run_address>
         <size>0x2a0</size>
         <input_file_ref idref="fl-7e"/>
      </object_component>
      <object_component id="oc-7dd">
         <name>.debug_info</name>
         <load_address>0x4f89</load_address>
         <run_address>0x4f89</run_address>
         <size>0x176</size>
         <input_file_ref idref="fl-7e"/>
      </object_component>
      <object_component id="oc-7d7">
         <name>.debug_info</name>
         <load_address>0x50ff</load_address>
         <run_address>0x50ff</run_address>
         <size>0x17a</size>
         <input_file_ref idref="fl-7e"/>
      </object_component>
      <object_component id="oc-787">
         <name>.debug_info</name>
         <load_address>0x5279</load_address>
         <run_address>0x5279</run_address>
         <size>0x1ca</size>
         <input_file_ref idref="fl-7e"/>
      </object_component>
      <object_component id="oc-818">
         <name>.debug_info</name>
         <load_address>0x5443</load_address>
         <run_address>0x5443</run_address>
         <size>0x2c</size>
         <input_file_ref idref="fl-7e"/>
      </object_component>
      <object_component id="oc-817">
         <name>.debug_info</name>
         <load_address>0x546f</load_address>
         <run_address>0x546f</run_address>
         <size>0x394</size>
         <input_file_ref idref="fl-7f"/>
      </object_component>
      <object_component id="oc-84a">
         <name>.debug_info</name>
         <load_address>0x5803</load_address>
         <run_address>0x5803</run_address>
         <size>0x2ac</size>
         <input_file_ref idref="fl-7f"/>
      </object_component>
      <object_component id="oc-80b">
         <name>.debug_info</name>
         <load_address>0x5aaf</load_address>
         <run_address>0x5aaf</run_address>
         <size>0x2a0</size>
         <input_file_ref idref="fl-7f"/>
      </object_component>
      <object_component id="oc-811">
         <name>.debug_info</name>
         <load_address>0x5d4f</load_address>
         <run_address>0x5d4f</run_address>
         <size>0x23d</size>
         <input_file_ref idref="fl-7f"/>
      </object_component>
      <object_component id="oc-7e3">
         <name>.debug_info</name>
         <load_address>0x5f8c</load_address>
         <run_address>0x5f8c</run_address>
         <size>0x2c4</size>
         <input_file_ref idref="fl-7f"/>
      </object_component>
      <object_component id="oc-81d">
         <name>.debug_info</name>
         <load_address>0x6250</load_address>
         <run_address>0x6250</run_address>
         <size>0x86</size>
         <input_file_ref idref="fl-7f"/>
      </object_component>
      <object_component id="oc-883">
         <name>.debug_info</name>
         <load_address>0x62d6</load_address>
         <run_address>0x62d6</run_address>
         <size>0x39</size>
         <input_file_ref idref="fl-7f"/>
      </object_component>
      <object_component id="oc-859">
         <name>.debug_info</name>
         <load_address>0x630f</load_address>
         <run_address>0x630f</run_address>
         <size>0x2c</size>
         <input_file_ref idref="fl-7f"/>
      </object_component>
      <object_component id="oc-83f">
         <name>.debug_info</name>
         <load_address>0x633b</load_address>
         <run_address>0x633b</run_address>
         <size>0x27b</size>
         <input_file_ref idref="fl-81"/>
      </object_component>
      <object_component id="oc-7fe">
         <name>.debug_info</name>
         <load_address>0x65b6</load_address>
         <run_address>0x65b6</run_address>
         <size>0x1e1</size>
         <input_file_ref idref="fl-81"/>
      </object_component>
      <object_component id="oc-86f">
         <name>.debug_info</name>
         <load_address>0x6797</load_address>
         <run_address>0x6797</run_address>
         <size>0x23a</size>
         <input_file_ref idref="fl-82"/>
      </object_component>
      <object_component id="oc-831">
         <name>.debug_info</name>
         <load_address>0x69d1</load_address>
         <run_address>0x69d1</run_address>
         <size>0x195</size>
         <input_file_ref idref="fl-82"/>
      </object_component>
      <object_component id="oc-86b">
         <name>.debug_info</name>
         <load_address>0x6b66</load_address>
         <run_address>0x6b66</run_address>
         <size>0x1e3</size>
         <input_file_ref idref="fl-83"/>
      </object_component>
      <object_component id="oc-825">
         <name>.debug_info</name>
         <load_address>0x6d49</load_address>
         <run_address>0x6d49</run_address>
         <size>0x1a7</size>
         <input_file_ref idref="fl-83"/>
      </object_component>
      <object_component id="oc-89a">
         <name>.debug_info</name>
         <load_address>0x6ef0</load_address>
         <run_address>0x6ef0</run_address>
         <size>0xbb</size>
         <input_file_ref idref="fl-83"/>
      </object_component>
      <object_component id="oc-83d">
         <name>.debug_info</name>
         <load_address>0x6fab</load_address>
         <run_address>0x6fab</run_address>
         <size>0x344</size>
         <input_file_ref idref="fl-84"/>
      </object_component>
      <object_component id="oc-7f7">
         <name>.debug_info</name>
         <load_address>0x72ef</load_address>
         <run_address>0x72ef</run_address>
         <size>0x2d8</size>
         <input_file_ref idref="fl-84"/>
      </object_component>
      <object_component id="oc-6c3">
         <name>.debug_info</name>
         <load_address>0x75c7</load_address>
         <run_address>0x75c7</run_address>
         <size>0x27e</size>
         <input_file_ref idref="fl-85"/>
      </object_component>
      <object_component id="oc-65e">
         <name>.debug_info</name>
         <load_address>0x7845</load_address>
         <run_address>0x7845</run_address>
         <size>0x11d</size>
         <input_file_ref idref="fl-85"/>
      </object_component>
      <object_component id="oc-7bb">
         <name>.debug_info</name>
         <load_address>0x7962</load_address>
         <run_address>0x7962</run_address>
         <size>0x154</size>
         <input_file_ref idref="fl-85"/>
      </object_component>
      <object_component id="oc-7b2">
         <name>.debug_info</name>
         <load_address>0x7ab6</load_address>
         <run_address>0x7ab6</run_address>
         <size>0x11a</size>
         <input_file_ref idref="fl-85"/>
      </object_component>
      <object_component id="oc-77c">
         <name>.debug_info</name>
         <load_address>0x7bd0</load_address>
         <run_address>0x7bd0</run_address>
         <size>0x1bc</size>
         <input_file_ref idref="fl-85"/>
      </object_component>
      <object_component id="oc-7b5">
         <name>.debug_info</name>
         <load_address>0x7d8c</load_address>
         <run_address>0x7d8c</run_address>
         <size>0x14c</size>
         <input_file_ref idref="fl-85"/>
      </object_component>
      <object_component id="oc-75e">
         <name>.debug_info</name>
         <load_address>0x7ed8</load_address>
         <run_address>0x7ed8</run_address>
         <size>0x1e4</size>
         <input_file_ref idref="fl-85"/>
      </object_component>
      <object_component id="oc-76a">
         <name>.debug_info</name>
         <load_address>0x80bc</load_address>
         <run_address>0x80bc</run_address>
         <size>0x2aa</size>
         <input_file_ref idref="fl-85"/>
      </object_component>
      <object_component id="oc-798">
         <name>.debug_info</name>
[...]
      </symbol>
      <symbol id="sm-666">
         <name>__TI_int27</name>
         <value>0xffc6</value>
         <object_component_ref idref="oc-85"/>
      </symbol>
      <symbol id="sm-66e">
         <name>__TI_ISR_TRAP</name>
         <value>0x481c</value>
         <object_component_ref idref="oc-67a"/>
      </symbol>
      <symbol id="sm-671">
         <name>__TI_int28</name>
         <value>0xffc8</value>
         <object_component_ref idref="oc-86"/>
      </symbol>
      <symbol id="sm-674">
         <name>__TI_int29</name>
         <value>0xffca</value>
         <object_component_ref idref="oc-87"/>
      </symbol>
      <symbol id="sm-677">
         <name>__TI_int30</name>
         <value>0xffcc</value>
         <object_component_ref idref="oc-88"/>
      </symbol>
      <symbol id="sm-67a">
         <name>__TI_int31</name>
         <value>0xffce</value>
         <object_component_ref idref="oc-89"/>
      </symbol>
      <symbol id="sm-67d">
         <name>__TI_int32</name>
         <value>0xffd0</value>
         <object_component_ref idref="oc-8a"/>
      </symbol>
      <symbol id="sm-680">
         <name>__TI_int33</name>
         <value>0xffd2</value>
         <object_component_ref idref="oc-8b"/>
      </symbol>
      <symbol id="sm-683">
         <name>__TI_int34</name>
         <value>0xffd4</value>
         <object_component_ref idref="oc-8c"/>
      </symbol>
      <symbol id="sm-686">
         <name>__TI_int35</name>
         <value>0xffd6</value>
         <object_component_ref idref="oc-8d"/>
      </symbol>
      <symbol id="sm-689">
         <name>__TI_int36</name>
         <value>0xffd8</value>
         <object_component_ref idref="oc-8e"/>
      </symbol>
      <symbol id="sm-68c">
         <name>__TI_int37</name>
         <value>0xffda</value>
         <object_component_ref idref="oc-8f"/>
      </symbol>
      <symbol id="sm-68f">
         <name>__TI_int38</name>
         <value>0xffdc</value>
         <object_component_ref idref="oc-90"/>
      </symbol>
      <symbol id="sm-692">
         <name>__TI_int39</name>
         <value>0xffde</value>
         <object_component_ref idref="oc-91"/>
      </symbol>
      <symbol id="sm-695">
         <name>__TI_int40</name>
         <value>0xffe0</value>
         <object_component_ref idref="oc-92"/>
      </symbol>
      <symbol id="sm-698">
         <name>__TI_int41</name>
         <value>0xffe2</value>
         <object_component_ref idref="oc-93"/>
      </symbol>
      <symbol id="sm-69b">
         <name>__TI_int42</name>
         <value>0xffe4</value>
         <object_component_ref idref="oc-94"/>
      </symbol>
      <symbol id="sm-69e">
         <name>__TI_int43</name>
         <value>0xffe6</value>
         <object_component_ref idref="oc-95"/>
      </symbol>
      <symbol id="sm-6a1">
         <name>__TI_int44</name>
         <value>0xffe8</value>
         <object_component_ref idref="oc-96"/>
      </symbol>
      <symbol id="sm-6a4">
         <name>__TI_int45</name>
         <value>0xffea</value>
         <object_component_ref idref="oc-97"/>
      </symbol>
      <symbol id="sm-6a7">
         <name>__TI_int46</name>
         <value>0xffec</value>
         <object_component_ref idref="oc-98"/>
      </symbol>
      <symbol id="sm-6aa">
         <name>__TI_int47</name>
         <value>0xffee</value>
         <object_component_ref idref="oc-99"/>
      </symbol>
      <symbol id="sm-6ad">
         <name>__TI_int48</name>
         <value>0xfff0</value>
         <object_component_ref idref="oc-9a"/>
      </symbol>
      <symbol id="sm-6b0">
         <name>__TI_int49</name>
         <value>0xfff2</value>
         <object_component_ref idref="oc-9b"/>
      </symbol>
      <symbol id="sm-6b3">
         <name>__TI_int50</name>
         <value>0xfff4</value>
         <object_component_ref idref="oc-9c"/>
      </symbol>
      <symbol id="sm-6b6">
         <name>__TI_int51</name>
         <value>0xfff6</value>
         <object_component_ref idref="oc-9d"/>
      </symbol>
      <symbol id="sm-6b9">
         <name>__TI_int52</name>
         <value>0xfff8</value>
         <object_component_ref idref="oc-9e"/>
      </symbol>
      <symbol id="sm-6bc">
         <name>__TI_int53</name>
         <value>0xfffa</value>
         <object_component_ref idref="oc-9f"/>
      </symbol>
      <symbol id="sm-6bf">
         <name>__TI_int54</name>
         <value>0xfffc</value>
         <object_component_ref idref="oc-a0"/>
      </symbol>
      <symbol id="sm-6cc">
         <name>__mspabi_remu</name>
         <value>0x1161c</value>
         <object_component_ref idref="oc-87d"/>
      </symbol>
      <symbol id="sm-6cd">
         <name>__mspabi_divu</name>
         <value>0x1161c</value>
         <object_component_ref idref="oc-87d"/>
      </symbol>
      <symbol id="sm-6d7">
         <name>__mspabi_mpyi_f5hw</name>
         <value>0x115d8</value>
         <object_component_ref idref="oc-703"/>
      </symbol>
      <symbol id="sm-749">
         <name>__vla_dealloc</name>
         <value>0x10806</value>
         <object_component_ref idref="oc-70e"/>
      </symbol>
      <symbol id="sm-74a">
         <name>__vla_alloc</name>
         <value>0x10000</value>
         <object_component_ref idref="oc-708"/>
      </symbol>
      <symbol id="sm-753">
         <name>__abort_execution</name>
         <value>0x1168a</value>
         <object_component_ref idref="oc-753"/>
      </symbol>
      <symbol id="sm-75b">
         <name>_stack</name>
         <value>0x2360</value>
         <object_component_ref idref="oc-659"/>
      </symbol>
      <symbol id="sm-75c">
         <name>_reset_vector</name>
         <value>0xfffe</value>
         <object_component_ref idref="oc-65c"/>
      </symbol>
      <symbol id="sm-77f">
         <name>_auto_init_hold_wdt</name>
         <value>0x10c00</value>
         <object_component_ref idref="oc-68c"/>
      </symbol>
      <symbol id="sm-789">
         <name>_c_int00_noargs</name>
         <value>0x4800</value>
         <object_component_ref idref="oc-b3"/>
      </symbol>
      <symbol id="sm-79f">
         <name>__TI_tmpnams</name>
         <value>0x1d94</value>
      </symbol>
      <symbol id="sm-7a0">
         <name>_ftable</name>
         <value>0x1c00</value>
         <object_component_ref idref="oc-782"/>
      </symbol>
      <symbol id="sm-7a1">
         <name>__TI_ft_end</name>
         <value>0x1d8e</value>
         <object_component_ref idref="oc-8c4"/>
      </symbol>
      <symbol id="sm-7aa">
         <name>_system_post_cinit</name>
         <value>0x11698</value>
         <object_component_ref idref="oc-6df"/>
      </symbol>
      <symbol id="sm-7b3">
         <name>_system_pre_init</name>
         <value>0x11692</value>
         <object_component_ref idref="oc-686"/>
      </symbol>
      <symbol id="sm-7d0">
         <name>C$$EXIT</name>
         <value>0x1167e</value>
         <object_component_ref idref="oc-6ae"/>
      </symbol>
      <symbol id="sm-7d1">
         <name>abort</name>
         <value>0x1167e</value>
         <object_component_ref idref="oc-6ae"/>
      </symbol>
      <symbol id="sm-7d2">
         <name>exit</name>
         <value>0x11218</value>
         <object_component_ref idref="oc-698"/>
      </symbol>
      <symbol id="sm-7d3">
         <name>__TI_enable_exit_profile_output</name>
         <value>0x1d90</value>
         <object_component_ref idref="oc-6ee"/>
      </symbol>
      <symbol id="sm-7e2">
         <name>__TI_dtors_ptr</name>
         <value>0x1d80</value>
         <object_component_ref idref="oc-6f4"/>
      </symbol>
      <symbol id="sm-7e3">
         <name>__TI_cleanup_ptr</name>
         <value>0x1d7c</value>
         <object_component_ref idref="oc-6f7"/>
      </symbol>
      <symbol id="sm-7f9">
         <name>_nop</name>
         <value>0x11696</value>
         <object_component_ref idref="oc-73e"/>
      </symbol>
      <symbol id="sm-7fa">
         <name>_lock</name>
         <value>0x1d84</value>
         <object_component_ref idref="oc-6f1"/>
      </symbol>
      <symbol id="sm-7fb">
         <name>_unlock</name>
         <value>0x1d88</value>
         <object_component_ref idref="oc-6fa"/>
      </symbol>
      <symbol id="sm-811">
         <name>copy_in</name>
         <value>0x10ffc</value>
         <object_component_ref idref="oc-6d9"/>
      </symbol>
      <symbol id="sm-834">
         <name>fprintf</name>
         <value>0x1117a</value>
         <object_component_ref idref="oc-785"/>
      </symbol>
      <symbol id="sm-88b">
         <name>__TI_printfi_minimal</name>
         <value>0x10734</value>
         <object_component_ref idref="oc-7e2"/>
      </symbol>
      <symbol id="sm-89f">
         <name>putc</name>
         <value>0x10ae2</value>
         <object_component_ref idref="oc-7fd"/>
      </symbol>
      <symbol id="sm-8a0">
         <name>fputc</name>
         <value>0x10ae2</value>
         <object_component_ref idref="oc-7fd"/>
      </symbol>
      <symbol id="sm-8b1">
         <name>__TI_doflush</name>
         <value>0x11062</value>
         <object_component_ref idref="oc-830"/>
      </symbol>
      <symbol id="sm-8c9">
         <name>__TI_wrt_ok</name>
         <value>0x10c82</value>
         <object_component_ref idref="oc-824"/>
      </symbol>
      <symbol id="sm-8e1">
         <name>fputs</name>
         <value>0x1048c</value>
         <object_component_ref idref="oc-7f6"/>
      </symbol>
      <symbol id="sm-94b">
         <name>_sys_memory</name>
         <value>0x4520</value>
         <object_component_ref idref="oc-65d"/>
      </symbol>
      <symbol id="sm-94c">
         <name>free</name>
         <value>0x10b72</value>
         <object_component_ref idref="oc-77b"/>
      </symbol>
      <symbol id="sm-94d">
         <name>realloc</name>
         <value>0x10216</value>
         <object_component_ref idref="oc-769"/>
      </symbol>
      <symbol id="sm-94e">
         <name>malloc</name>
         <value>0x108cc</value>
         <object_component_ref idref="oc-75d"/>
      </symbol>
      <symbol id="sm-94f">
         <name>minit</name>
         <value>0x112f0</value>
         <object_component_ref idref="oc-7b4"/>
      </symbol>
      <symbol id="sm-964">
         <name>fseek</name>
         <value>0x10f2a</value>
         <object_component_ref idref="oc-85e"/>
      </symbol>
      <symbol id="sm-9b7">
         <name>lseek</name>
         <value>0x113ae</value>
         <object_component_ref idref="oc-88a"/>
      </symbol>
      <symbol id="sm-9b8">
         <name>write</name>
         <value>0x113ec</value>
         <object_component_ref idref="oc-836"/>
      </symbol>
      <symbol id="sm-9b9">
         <name>close</name>
         <value>0x110c6</value>
         <object_component_ref idref="oc-8f6"/>
      </symbol>
      <symbol id="sm-9ba">
         <name>unlink</name>
         <value>0x114f8</value>
         <object_component_ref idref="oc-8fd"/>
      </symbol>
      <symbol id="sm-9f9">
         <name>HOSTrename</name>
         <value>0x10d00</value>
         <object_component_ref idref="oc-8ee"/>
      </symbol>
      <symbol id="sm-9fa">
         <name>HOSTclose</name>
         <value>0x111ca</value>
         <object_component_ref idref="oc-8d0"/>
      </symbol>
      <symbol id="sm-9fb">
         <name>HOSTunlink</name>
         <value>0x112aa</value>
         <object_component_ref idref="oc-8e8"/>
      </symbol>
      <symbol id="sm-9fc">
         <name>HOSTlseek</name>
         <value>0x10986</value>
         <object_component_ref idref="oc-8e2"/>
      </symbol>
      <symbol id="sm-9fd">
         <name>HOSTopen</name>
         <value>0x10d74</value>
         <object_component_ref idref="oc-8ca"/>
      </symbol>
      <symbol id="sm-9fe">
         <name>HOSTwrite</name>
         <value>0x10e54</value>
         <object_component_ref idref="oc-8dc"/>
      </symbol>
      <symbol id="sm-9ff">
         <name>HOSTread</name>
         <value>0x10ec0</value>
         <object_component_ref idref="oc-8d6"/>
      </symbol>
      <symbol id="sm-a1d">
         <name>__TI_readmsg</name>
         <value>0x11494</value>
         <object_component_ref idref="oc-910"/>
      </symbol>
      <symbol id="sm-a1e">
         <name>C$$IO$$</name>
         <value>0x11490</value>
         <object_component_ref idref="oc-90a"/>
      </symbol>
      <symbol id="sm-a1f">
         <name>_CIOBUF_</name>
         <value>0x4400</value>
         <object_component_ref idref="oc-93a"/>
      </symbol>
      <symbol id="sm-a20">
         <name>__TI_writemsg</name>
         <value>0x1145e</value>
         <object_component_ref idref="oc-90a"/>
      </symbol>
      <symbol id="sm-a28">
         <name>__mspabi_slll_9</name>
         <value>0x11388</value>
         <object_component_ref idref="oc-920"/>
      </symbol>
      <symbol id="sm-a29">
         <name>__mspabi_slll_8</name>
         <value>0x1138c</value>
         <object_component_ref idref="oc-920"/>
      </symbol>
      <symbol id="sm-a2a">
         <name>__mspabi_slll_7</name>
         <value>0x11390</value>
         <object_component_ref idref="oc-920"/>
      </symbol>
      <symbol id="sm-a2b">
         <name>__mspabi_slll_6</name>
         <value>0x11394</value>
         <object_component_ref idref="oc-920"/>
      </symbol>
      <symbol id="sm-a2c">
         <name>__mspabi_slll_5</name>
         <value>0x11398</value>
         <object_component_ref idref="oc-920"/>
      </symbol>
      <symbol id="sm-a2d">
         <name>__mspabi_slll_4</name>
         <value>0x1139c</value>
         <object_component_ref idref="oc-920"/>
      </symbol>
      <symbol id="sm-a2e">
         <name>__mspabi_slll_3</name>
         <value>0x113a0</value>
         <object_component_ref idref="oc-920"/>
      </symbol>
      <symbol id="sm-a2f">
         <name>__mspabi_slll_2</name>
         <value>0x113a4</value>
         <object_component_ref idref="oc-920"/>
      </symbol>
      <symbol id="sm-a30">
         <name>__mspabi_slll_1</name>
         <value>0x113a8</value>
         <object_component_ref idref="oc-920"/>
      </symbol>
      <symbol id="sm-a31">
         <name>__mspabi_slll_15</name>
         <value>0x11370</value>
         <object_component_ref idref="oc-920"/>
      </symbol>
      <symbol id="sm-a32">
         <name>__mspabi_slll_14</name>
         <value>0x11374</value>
         <object_component_ref idref="oc-920"/>
      </symbol>
      <symbol id="sm-a33">
         <name>__mspabi_slll_13</name>
         <value>0x11378</value>
         <object_component_ref idref="oc-920"/>
      </symbol>
      <symbol id="sm-a34">
         <name>__mspabi_slll_12</name>
         <value>0x1137c</value>
         <object_component_ref idref="oc-920"/>
      </symbol>
      <symbol id="sm-a35">
         <name>__mspabi_slll_11</name>
         <value>0x11380</value>
         <object_component_ref idref="oc-920"/>
      </symbol>
      <symbol id="sm-a36">
         <name>__mspabi_slll_10</name>
         <value>0x11384</value>
         <object_component_ref idref="oc-920"/>
      </symbol>
      <symbol id="sm-a3e">
         <name>__mspabi_sral_15</name>
         <value>0x11332</value>
         <object_component_ref idref="oc-91b"/>
      </symbol>
      <symbol id="sm-a3f">
         <name>__mspabi_sral_14</name>
         <value>0x11336</value>
         <object_component_ref idref="oc-91b"/>
      </symbol>
      <symbol id="sm-a40">
         <name>__mspabi_sral_13</name>
         <value>0x1133a</value>
         <object_component_ref idref="oc-91b"/>
      </symbol>
      <symbol id="sm-a41">
         <name>__mspabi_sral_12</name>
         <value>0x1133e</value>
         <object_component_ref idref="oc-91b"/>
      </symbol>
      <symbol id="sm-a42">
         <name>__mspabi_sral_11</name>
         <value>0x11342</value>
         <object_component_ref idref="oc-91b"/>
      </symbol>
      <symbol id="sm-a43">
         <name>__mspabi_sral_10</name>
         <value>0x11346</value>
         <object_component_ref idref="oc-91b"/>
      </symbol>
      <symbol id="sm-a44">
         <name>__mspabi_sral_8</name>
         <value>0x1134e</value>
         <object_component_ref idref="oc-91b"/>
      </symbol>
      <symbol id="sm-a45">
         <name>__mspabi_sral_9</name>
         <value>0x1134a</value>
         <object_component_ref idref="oc-91b"/>
      </symbol>
      <symbol id="sm-a46">
         <name>__mspabi_sral_6</name>
         <value>0x11356</value>
         <object_component_ref idref="oc-91b"/>
      </symbol>
      <symbol id="sm-a47">
         <name>__mspabi_sral_7</name>
         <value>0x11352</value>
         <object_component_ref idref="oc-91b"/>
      </symbol>
      <symbol id="sm-a48">
         <name>__mspabi_sral_4</name>
         <value>0x1135e</value>
         <object_component_ref idref="oc-91b"/>
      </symbol>
      <symbol id="sm-a49">
         <name>__mspabi_sral_5</name>
         <value>0x1135a</value>
         <object_component_ref idref="oc-91b"/>
      </symbol>
      <symbol id="sm-a4a">
         <name>__mspabi_sral_2</name>
         <value>0x11366</value>
         <object_component_ref idref="oc-91b"/>
      </symbol>
      <symbol id="sm-a4b">
         <name>__mspabi_sral_3</name>
         <value>0x11362</value>
         <object_component_ref idref="oc-91b"/>
      </symbol>
      <symbol id="sm-a4c">
         <name>__mspabi_sral_1</name>
         <value>0x1136a</value>
         <object_component_ref idref="oc-91b"/>
      </symbol>
      <symbol id="sm-a5b">
         <name>memccpy</name>
         <value>0x11582</value>
         <object_component_ref idref="oc-84f"/>
      </symbol>
      <symbol id="sm-a6a">
         <name>memchr</name>
         <value>0x115f0</value>
         <object_component_ref idref="oc-82a"/>
      </symbol>
      <symbol id="sm-a78">
         <name>memcpy</name>
         <value>0x11632</value>
         <object_component_ref idref="oc-660"/>
      </symbol>
      <symbol id="sm-a86">
         <name>memset</name>
         <value>0x11606</value>
         <object_component_ref idref="oc-842"/>
      </symbol>
      <symbol id="sm-a9e">
         <name>setvbuf</name>
         <value>0x1057c</value>
         <object_component_ref idref="oc-864"/>
      </symbol>
      <symbol id="sm-aaa">
         <name>__TI_cleanup</name>
         <value>0x11428</value>
         <object_component_ref idref="oc-892"/>
      </symbol>
      <symbol id="sm-abb">
         <name>__TI_closefile</name>
         <value>0x10de4</value>
         <object_component_ref idref="oc-8be"/>
      </symbol>
      <symbol id="sm-acb">
         <name>strchr</name>
         <value>0x115a0</value>
         <object_component_ref idref="oc-946"/>
      </symbol>
      <symbol id="sm-ad9">
         <name>strcmp</name>
         <value>0x115bc</value>
         <object_component_ref idref="oc-963"/>
      </symbol>
      <symbol id="sm-ae6">
         <name>strcpy</name>
         <value>0x11658</value>
         <object_component_ref idref="oc-927"/>
      </symbol>
      <symbol id="sm-af3">
         <name>strlen</name>
         <value>0x1166a</value>
         <object_component_ref idref="oc-804"/>
      </symbol>
      <symbol id="sm-b03">
         <name>strncpy</name>
         <value>0x114c6</value>
         <object_component_ref idref="oc-94c"/>
      </symbol>
      <symbol id="sm-b08">
         <name>__TI_BINIT_Base</name>
         <value>0x0</value>
      </symbol>
      <symbol id="sm-b09">
         <name>__TI_BINIT_Limit</name>
         <value>0x0</value>
      </symbol>
      <symbol id="sm-b0a">
         <name>__TI_INITARRAY_Base</name>
         <value>0x0</value>
      </symbol>
      <symbol id="sm-b0b">
         <name>__TI_INITARRAY_Limit</name>
         <value>0x0</value>
      </symbol>
      <symbol id="sm-b0c">
         <name>remove</name>
         <value>0x114f8</value>
      </symbol>
   </symbol_table>
   <title>Link successful</title>
</link_info>
